
 Start         Length     Name                   Class
 0001:00000000 0004F43CH .text                   CODE
 0002:00000000 00000EE4H .data                   DATA
 0002:00000EE4 000008B1H .bss                    BSS


Detailed map of segments

 0001:00000000 00004E0C C=CODE     S=.text    G=(none)   M=System   ACBP=A9
 0001:00004E0C 00000174 C=CODE     S=.text    G=(none)   M=SysInit  ACBP=A9
 0001:00004F80 00000A9C C=CODE     S=.text    G=(none)   M=Windows  ACBP=A9
 0001:00005A1C 00000038 C=CODE     S=.text    G=(none)   M=Messages ACBP=A9
 0001:00005A54 000002D8 C=CODE     S=.text    G=(none)   M=SysConst ACBP=A9
 0001:00005D2C 000052A4 C=CODE     S=.text    G=(none)   M=SysUtils ACBP=A9
 0001:0000AFD0 00000040 C=CODE     S=.text    G=(none)   M=ActiveX  ACBP=A9
 0001:0000B010 00000390 C=CODE     S=.text    G=(none)   M=Consts   ACBP=A9
 0001:0000B3A0 00000540 C=CODE     S=.text    G=(none)   M=TypInfo  ACBP=A9
 0001:0000B8E0 00007633 C=CODE     S=.text    G=(none)   M=Classes  ACBP=A9
 0001:00012F14 00008963 C=CODE     S=.text    G=(none)   M=Graphics ACBP=A9
 0001:0001B878 000001C4 C=CODE     S=.text    G=(none)   M=Contnrs  ACBP=A9
 0001:0001BA3C 000000FC C=CODE     S=.text    G=(none)   M=Commctrl ACBP=A9
 0001:0001BB38 00000793 C=CODE     S=.text    G=(none)   M=MultiMon ACBP=A9
 0001:0001C2CC 00000038 C=CODE     S=.text    G=(none)   M=Imm      ACBP=A9
 0001:0001C304 00000040 C=CODE     S=.text    G=(none)   M=Math     ACBP=A9
 0001:0001C344 00000038 C=CODE     S=.text    G=(none)   M=WinSpool ACBP=A9
 0001:0001C37C 00000044 C=CODE     S=.text    G=(none)   M=Printers ACBP=A9
 0001:0001C3C0 0000031F C=CODE     S=.text    G=(none)   M=FlatSB   ACBP=A9
 0001:0001C6E0 000080D0 C=CODE     S=.text    G=(none)   M=StdCtrls ACBP=A9
 0001:000247B0 00000094 C=CODE     S=.text    G=(none)   M=Clipbrd  ACBP=A9
 0001:00024844 0000015C C=CODE     S=.text    G=(none)   M=StdActns ACBP=A9
 0001:000249A0 0000F660 C=CODE     S=.text    G=(none)   M=Controls ACBP=A9
 0001:00034000 00000E28 C=CODE     S=.text    G=(none)   M=ActnList ACBP=A9
 0001:00034E28 00001938 C=CODE     S=.text    G=(none)   M=ImgList  ACBP=A9
 0001:00036760 000061D7 C=CODE     S=.text    G=(none)   M=Menus    ACBP=A9
 0001:0003C938 0000C053 C=CODE     S=.text    G=(none)   M=Forms    ACBP=A9
 0001:0004898C 00000038 C=CODE     S=.text    G=(none)   M=ShellAPI ACBP=A9
 0001:000489C4 00000038 C=CODE     S=.text    G=(none)   M=RegStr   ACBP=A9
 0001:000489FC 00000038 C=CODE     S=.text    G=(none)   M=WinInet  ACBP=A9
 0001:00048A34 00000038 C=CODE     S=.text    G=(none)   M=UrlMon   ACBP=A9
 0001:00048A6C 00000038 C=CODE     S=.text    G=(none)   M=ShlObj   ACBP=A9
 0001:00048AA4 00000038 C=CODE     S=.text    G=(none)   M=CommDlg  ACBP=A9
 0001:00048ADC 00001C48 C=CODE     S=.text    G=(none)   M=ExtCtrls ACBP=A9
 0001:0004A724 00000038 C=CODE     S=.text    G=(none)   M=Dlgs     ACBP=A9
 0001:0004A75C 0000026D C=CODE     S=.text    G=(none)   M=Dialogs  ACBP=A9
 0001:0004A9CC 00000128 C=CODE     S=.text    G=(none)   M=UnitMil  ACBP=A9
 0001:0004AAF4 000021B5 C=CODE     S=.text    G=(none)   M=Buttons  ACBP=A9
 0001:0004CCAC 0000021C C=CODE     S=.text    G=(none)   M=Unit6    ACBP=A9
 0001:0004CEC8 00000564 C=CODE     S=.text    G=(none)   M=Unit5    ACBP=A9
 0001:0004D42C 00000614 C=CODE     S=.text    G=(none)   M=Unit4    ACBP=A9
 0001:0004DA40 000005D4 C=CODE     S=.text    G=(none)   M=Unit3    ACBP=A9
 0001:0004E014 00000CD0 C=CODE     S=.text    G=(none)   M=Unit2    ACBP=A9
 0001:0004ECE4 00000584 C=CODE     S=.text    G=(none)   M=Unit1    ACBP=A9
 0001:0004F268 000001D1 C=CODE     S=.text    G=(none)   M=Project1 ACBP=A9
 0002:00000000 000000A2 C=DATA     S=.data    G=DGROUP   M=System   ACBP=A9
 0002:000000A4 00000018 C=DATA     S=.data    G=DGROUP   M=SysInit  ACBP=A9
 0002:000000BC 0000022C C=DATA     S=.data    G=DGROUP   M=SysUtils ACBP=A9
 0002:000002E8 00000010 C=DATA     S=.data    G=DGROUP   M=TypInfo  ACBP=A9
 0002:000002F8 0000005C C=DATA     S=.data    G=DGROUP   M=Classes  ACBP=A9
 0002:00000354 000002B4 C=DATA     S=.data    G=DGROUP   M=Graphics ACBP=A9
 0002:00000608 00000004 C=DATA     S=.data    G=DGROUP   M=Printers ACBP=A9
 0002:0000060C 000000D8 C=DATA     S=.data    G=DGROUP   M=StdCtrls ACBP=A9
 0002:000006E4 0000012C C=DATA     S=.data    G=DGROUP   M=Controls ACBP=A9
 0002:00000810 00000020 C=DATA     S=.data    G=DGROUP   M=ImgList  ACBP=A9
 0002:00000830 000000EC C=DATA     S=.data    G=DGROUP   M=Menus    ACBP=A9
 0002:0000091C 0000013C C=DATA     S=.data    G=DGROUP   M=Forms    ACBP=A9
 0002:00000A58 00000014 C=DATA     S=.data    G=DGROUP   M=ExtCtrls ACBP=A9
 0002:00000A6C 00000070 C=DATA     S=.data    G=DGROUP   M=Dialogs  ACBP=A9
 0002:00000ADC 00000046 C=DATA     S=.data    G=DGROUP   M=Buttons  ACBP=A9
 0002:00001000 000004CC C=BSS      S=.bss     G=DGROUP   M=System   ACBP=A9
 0002:000014CC 00000018 C=BSS      S=.bss     G=DGROUP   M=SysInit  ACBP=A9
 0002:000014E4 00000004 C=BSS      S=.bss     G=DGROUP   M=Windows  ACBP=A9
 0002:000014E8 00000004 C=BSS      S=.bss     G=DGROUP   M=Messages ACBP=A9
 0002:000014EC 00000004 C=BSS      S=.bss     G=DGROUP   M=SysConst ACBP=A9
 0002:000014F0 00000118 C=BSS      S=.bss     G=DGROUP   M=SysUtils ACBP=A9
 0002:00001608 00000004 C=BSS      S=.bss     G=DGROUP   M=ActiveX  ACBP=A9
 0002:0000160C 00000004 C=BSS      S=.bss     G=DGROUP   M=Consts   ACBP=A9
 0002:00001610 00000004 C=BSS      S=.bss     G=DGROUP   M=TypInfo  ACBP=A9
 0002:00001614 00000038 C=BSS      S=.bss     G=DGROUP   M=Classes  ACBP=A9
 0002:0000164C 00000060 C=BSS      S=.bss     G=DGROUP   M=Graphics ACBP=A9
 0002:000016AC 00000004 C=BSS      S=.bss     G=DGROUP   M=Contnrs  ACBP=A9
 0002:000016B0 00000004 C=BSS      S=.bss     G=DGROUP   M=Commctrl ACBP=A9
 0002:000016B4 00000031 C=BSS      S=.bss     G=DGROUP   M=MultiMon ACBP=A9
 0002:000016E8 00000004 C=BSS      S=.bss     G=DGROUP   M=Imm      ACBP=A9
 0002:000016EC 00000004 C=BSS      S=.bss     G=DGROUP   M=Math     ACBP=A9
 0002:000016F0 00000004 C=BSS      S=.bss     G=DGROUP   M=WinSpool ACBP=A9
 0002:000016F4 00000004 C=BSS      S=.bss     G=DGROUP   M=Printers ACBP=A9
 0002:000016F8 00000034 C=BSS      S=.bss     G=DGROUP   M=FlatSB   ACBP=A9
 0002:0000172C 00000004 C=BSS      S=.bss     G=DGROUP   M=StdCtrls ACBP=A9
 0002:00001730 0000000C C=BSS      S=.bss     G=DGROUP   M=Clipbrd  ACBP=A9
 0002:0000173C 00000004 C=BSS      S=.bss     G=DGROUP   M=StdActns ACBP=A9
 0002:00001740 00000070 C=BSS      S=.bss     G=DGROUP   M=Controls ACBP=A9
 0002:000017B0 00000004 C=BSS      S=.bss     G=DGROUP   M=ActnList ACBP=A9
 0002:000017B4 00000004 C=BSS      S=.bss     G=DGROUP   M=ImgList  ACBP=A9
 0002:000017B8 00000010 C=BSS      S=.bss     G=DGROUP   M=Menus    ACBP=A9
 0002:000017C8 00000024 C=BSS      S=.bss     G=DGROUP   M=Forms    ACBP=A9
 0002:000017EC 00000004 C=BSS      S=.bss     G=DGROUP   M=ShellAPI ACBP=A9
 0002:000017F0 00000004 C=BSS      S=.bss     G=DGROUP   M=RegStr   ACBP=A9
 0002:000017F4 00000004 C=BSS      S=.bss     G=DGROUP   M=WinInet  ACBP=A9
 0002:000017F8 00000004 C=BSS      S=.bss     G=DGROUP   M=UrlMon   ACBP=A9
 0002:000017FC 00000004 C=BSS      S=.bss     G=DGROUP   M=ShlObj   ACBP=A9
 0002:00001800 00000004 C=BSS      S=.bss     G=DGROUP   M=CommDlg  ACBP=A9
 0002:00001804 00000004 C=BSS      S=.bss     G=DGROUP   M=ExtCtrls ACBP=A9
 0002:00001808 00000004 C=BSS      S=.bss     G=DGROUP   M=Dlgs     ACBP=A9
 0002:0000180C 0000000C C=BSS      S=.bss     G=DGROUP   M=Dialogs  ACBP=A9
 0002:00001818 00000008 C=BSS      S=.bss     G=DGROUP   M=UnitMil  ACBP=A9
 0002:00001820 00000030 C=BSS      S=.bss     G=DGROUP   M=Buttons  ACBP=A9
 0002:00001850 00000008 C=BSS      S=.bss     G=DGROUP   M=Unit6    ACBP=A9
 0002:00001858 00000008 C=BSS      S=.bss     G=DGROUP   M=Unit5    ACBP=A9
 0002:00001860 00000008 C=BSS      S=.bss     G=DGROUP   M=Unit4    ACBP=A9
 0002:00001868 00000008 C=BSS      S=.bss     G=DGROUP   M=Unit3    ACBP=A9
 0002:00001870 00000038 C=BSS      S=.bss     G=DGROUP   M=Unit2    ACBP=A9
 0002:000018A8 00000008 C=BSS      S=.bss     G=DGROUP   M=Unit1    ACBP=A9


  Address         Publics by Name

 0001:00004588       .
 0001:0000A548       .
 0002:00000060       .
 0001:000042A8       .
 0002:0000180C       .01
 0002:0000173C       .02
 0002:000016E8       .1
 0002:000016D4       .1
 0002:000014EC       .1
 0002:000017EC       .1
 0002:000014DC       .1
 0002:000016B0       .1
 0002:000014E8       .1
 0002:00001808       .1
 0002:0000160C       .1
 0002:0000181C       .1
 0002:000017F0       .1
 0002:00001800       .1
 0002:000017F8       .1
 0002:000017F4       .1
 0002:000017FC       .1
 0002:00001718       .1
 0002:000018AC       .2
 0002:000018A4       .2
 0002:0000185C       .2
 0002:00001864       .2
 0002:00001734       .2
 0002:0000186C       .2
 0002:00001854       .2
 0002:000016EC       .2
 0002:00001748       .22
 0002:0000172C       .22
 0002:00001428       .3
 0002:000014E4       .3
 0002:00001608       .3
 0002:000017B4       .3
 0002:000016F0       .3
 0002:000016F4       .3
 0002:00001820       .3
 0002:000015F8       .44
 0002:00001610       .5
 0002:000017D0       .51
 0002:00001804       .61
 0002:000017B0       .7
 0002:00001650       .81
 0002:0000161C       .84
 0002:000016AC       .9
 0002:000017C0       .9
 0001:00001830       @AbstractError
 0001:00001FB0       @AfterConstruction
 0001:000045D1       @Append
 0001:00001DE8       @AsClass
 0001:000044AA       @Assign
 0001:00001900       @AStrCmp
 0001:00001FB8       @BeforeDestruction
 0001:00001E34       @CallDynaInst
 0001:00001F58       @ClassCreate
 0001:00001FA8       @ClassDestroy
 0001:0000454C       @Close
 0001:00003350       @CopyArray
 0001:00003234       @CopyRecord
 0001:00003458       @Dispose
 0001:00002420       @DoneExcept
 0001:00003BD8       @DynArrayAsg
 0001:00003B9C       @DynArrayClear
 0001:000039DC       @DynArrayHigh
 0001:000039D4       @DynArrayLength
 0001:00003B90       @DynArraySetLength
 0001:00002514       @ExceptionHandler
 0001:00001970       @FillChar
 0001:00003228       @Finalize
 0001:00003140       @FinalizeArray
 0001:00003114       @FinalizeRecord
 0001:00001E4C       @FindDynaInst
 0001:00004525       @Flush
 0001:00001B94       @FpuInit
 0001:00001AD0       @FpuMaskInit
 0001:000016E4       @FreeMem
 0001:000016CC       @GetMem
 0001:00004E84       @GetTls
 0001:000028C8       @Halt
 0001:000027A8       @Halt0
 0001:000020C4       @HandleAnyException
 0001:00002378       @HandleFinally
 0001:000021F0       @HandleOnException
 0001:00004F14       @InitExe
 0001:00003108       @Initialize
 0001:00003074       @InitializeArray
 0001:00003048       @InitializeRecord
 0001:00002704       @InitImports
 0001:000026E8       @InitResStringImports
 0001:00004204       @IntfAddRef
 0001:000041D0       @IntfClear
 0001:000041E8       @IntfCopy
 0001:00001DD0       @IsClass
 0001:00001AA0       @isNECWindows
 0001:00002D14       @LStrAddRef
 0001:00002904       @LStrArrayClr
 0001:00002934       @LStrAsg
 0001:00002B68       @LStrCat
 0001:00002BAC       @LStrCat3
 0001:00002C20       @LStrCatN
 0001:000028E0       @LStrClr
 0001:00002C70       @LStrCmp
 0001:00002D68       @LStrCopy
 0001:00002DA8       @LStrDelete
 0001:00002B10       @LStrFromArray
 0001:00002A88       @LStrFromChar
 0001:00002A98       @LStrFromPChar
 0001:000029C8       @LStrFromPCharLen
 0001:00002AC8       @LStrFromPWChar
 0001:000029F8       @LStrFromPWCharLen
 0001:00002B04       @LStrFromString
 0001:00002B28       @LStrFromWStr
 0001:00002DF0       @LStrInsert
 0001:00002978       @LStrLAsg
 0001:00002B60       @LStrLen
 0001:00002E4C       @LStrSetLength
 0001:00002D24       @LStrToPChar
 0001:00002B3C       @LStrToString
 0001:00003444       @New
 0001:000029A4       @NewAnsiString
 0001:00002FEC       @NewWideString
 0001:00004750       @Pow10
 0001:0000187C       @PStrCmp
 0001:0000184C       @PStrNCpy
 0001:000023CC       @RaiseAgain
 0001:000023B0       @RaiseExcept
 0001:000016FC       @ReallocMem
 0001:000045C3       @ResetText
 0001:000045CA       @RewritText
 0001:00001824       @ROUND
 0001:000028D4       @RunError
 0001:000026B8       @StartExe
 0001:00002450       @TryFinallyExit
 0001:00001990       @ValLong
 0001:000039B0       @VarAddRef
 0001:00003804       @VarCast
 0001:000035AC       @VarClear
 0001:000039A8       @VarClr
 0001:000035F0       @VarCopy
 0001:00003934       @VarFromLStr
 0001:00003974       @VarFromWStr
 0001:000038F8       @VarToLStr
 0001:000046B7       @Write0Char
 0001:00004720       @Write0CString
 0001:0000467C       @Write0String
 0001:000045D8       @WriteBytes
 0001:00004709       @WriteChar
 0001:00004724       @WriteCString
 0001:000046A3       @WriteLn
 0001:00004643       @WriteSpaces
 0001:00004686       @WriteString
 0001:00002EE0       @WStrArrayClr
 0001:00002F04       @WStrAsg
 0001:00002EC8       @WStrClr
 0001:00002FD0       @WStrFromLStr
 0001:00002F28       @WStrFromPCharLen
 0001:00002FAC       @WStrFromPWCharLen
 0001:00002FE0       @WStrLen
 0001:00003004       @WStrSetLength
 0001:00001A74       @_CLenToPasStr
 0001:00001A5C       @_CToPasStr
 0001:00004500       @_Flush
 0001:0000179C       @_IOTest
 0001:00004A6A       @_lldiv
 0001:00004AE2       @_lldivo
 0001:00004B5D       @_llmod
 0001:00004BD7       @_llmodo
 0001:00004A24       @_llmul
 0001:00004A47       @_llmulo
 0001:00004C57       @_llshl
 0001:00004B14       @_lludiv
 0001:00004C09       @_llumod
 0001:00004C8F       @_llushr
 0001:00027188       AbsMin
 0001:000091F8       AbstractErrorHandler
 0002:00001018       AbstractErrorProc
 0002:00000130       AccessMode
 0001:00005360       ActivateKeyboardLayout
 0002:00001770       ActiveDrag
 0001:0000B008       ActiveX
 0001:00034E20       ActnList
 0001:00000404       AddBlockAfter
 0001:0000690C       AddExitProc
 0001:0000F810       AddFinished
 0001:00038264       AddIn
 0001:0000401C       AddModuleUnloadProc
 0001:0000400C       AddModuleUnloadProc
 0001:0000F848       AddNotFinished
 0001:00016750       AdjustColor
 0001:0004A2FC       AdjustColors
 0001:0003F704       Adjustment
 0001:00005368       AdjustWindowRectEx
 0002:000008F4       Alignments
 0002:00000690       Alignments
 0002:00000614       Alignments
 0002:00000680       Alignments
 0002:00000904       Alignments
 0002:00000A60       Alignments
 0001:00045FAC       AlignWork
 0001:0002C0BC       AlignWork
 0001:0003F130       AllocateHWnd
 0001:000068C0       AllocMem
 0002:00001420       AllocMemCount
 0002:00001424       AllocMemSize
 0001:0001B670       AllocPatternBitmap
 0002:000006EC       AnchorAlign
 0001:00006A4C       AnsiCompareText
 0001:00006CD4       AnsiLastChar
 0001:00005370       AnsiLower
 0001:00006A18       AnsiLowerCase
 0001:0000998C       AnsiLowerCaseFileName
 0001:00009954       AnsiPos
 0001:0003C76C       AnsiSameCaption
 0001:00006A84       AnsiSameText
 0001:00006AC0       AnsiStrLIComp
 0001:00009A18       AnsiStrPos
 0001:00009AB8       AnsiStrRScan
 0001:00009AE0       AnsiStrScan
 0001:0000368C       AnyChangeType
 0001:00007B18       AppendChars
 0001:00007EE0       AppendFormat
 0001:00007B7C       AppendNumber
 0001:00007B5C       AppendString
 0002:000017C8       Application
 0002:00000A50       AppVisible
 0001:000091DC       AssertErrorHandler
 0002:00001014       AssertErrorProc
 0001:0000B5FC       AssignLongStr
 0001:0000B7C0       AssignVariant
 0001:0000B650       AssignWideStr
 0002:00001474       avail
 0001:00006DD4       BackfillGetDiskFreeSpaceEx
 0001:00029A88       BackgroundClipped
 0001:0000D21C       BeginGlobalLoading
 0001:00005378       BeginPaint
 0001:0001675C       BetterSize
 0001:00038FF4       BiDiDraw
 0001:00005150       BitBlt
 0002:00000ADC       BitBtnCaptions
 0002:00001824       BitBtnGlyphs
 0002:000005BC       BitmapCanvasList
 0002:00001668       BitmapImageLock
 0002:00000938       BlockCode
 0002:0000144C       blockDescBlockList
 0002:00001450       blockDescFreeList
 0002:000002E8       BooleanIdents
 0002:00000A58       BorderStyles
 0002:000009A8       BorderStyles
 0002:0000060C       BorderStyles
 0001:0000CBAC       Bounds
 0002:0000089C       Breaks
 0002:000016A0       BrushManager
 0001:0003B578       BuildImage
 0002:00000AB0       ButtonCaptions
 0002:00000B0C       ButtonCount
 0002:00000A84       ButtonNames
 0002:00000918       Buttons
 0001:0004CC84       Buttons
 0002:00000678       ButtonStyles
 0001:00015F3C       BytesPerScanline
 0001:00016294       ByteSwapColors
 0001:000097CC       ByteToCharIndex
 0001:000097A4       ByteToCharLen
 0001:00009768       ByteType
 0001:000096F0       ByteTypeTest
 0002:000002F4       C10000
 0001:0003F06C       CalcJmpOffset
 0001:00033458       CalcSplitterPos
 0001:00005380       CallNextHookEx
 0001:00009FF8       CallTerminateProcs
 0001:00005388       CallWindowProc
 0001:00028100       CancelDrag
 0002:00001780       CanvasList
 0002:000016A4       CanvasList
 0002:00000A70       Captions
 0002:000007A4       CaptureControl
 0002:00001818       Cardauswahl
 0002:0000083C       cBooleanToItemAutoFlag
 0002:00001732       CF_COMPONENT
 0002:00001730       CF_PICTURE
 0002:000013E8       ChangeAnyProc
 0001:00026834       ChangeBiDiModeAlignment
 0001:000036F8       ChangeSourceAny
 0002:00000664       CharCases
 0002:00000634       CharCases
 0001:00005390       CharLowerBuff
 0001:00000238       CharNext
 0001:00014778       CharsetToIdent
 0001:00009890       CharToByteIndex
 0001:000098F4       CharToByteLen
 0001:00016D24       CheckBool
 0001:00002040       CheckJmp
 0001:00005398       CheckMenuItem
 0002:0000088C       Checks
 0001:0003EF7C       CheckTaskWindow
 0001:00027E30       CheckUndock
 0002:00000840       cItemAutoFlagToBoolean
 0002:00000838       cItemAutoFlagToMenu
 0002:00001624       ClassAliasList
 0001:00012EA0       Classes
 0002:00001620       ClassList
 0001:0000CBD4       ClassNotFound
 0002:000013E4       ClearAnyProc
 0001:000140F0       ClearColor
 0001:000053A0       ClientToScreen
 0001:00030E7C       ClientToWindow
 0002:000005B4       ClipboardFormats
 0001:000247EC       Clipbrd
 0001:000001D8       CloseHandle
 0001:00004F98       CloseHandle
 0002:0000102C       CmdLine
 0002:00001028       CmdShow
 0002:00000834       cMenuAutoFlagToItem
 0002:00000384       Colors
 0001:00014570       ColorToIdent
 0001:00014560       ColorToRGB
 0002:00000650       ComboBoxStyles
 0002:000017C4       CommandPool
 0001:0001BB30       Commctrl
 0001:00048AD4       CommDlg
 0001:000006E4       Commit
 0002:00001490       committedRoot
 0001:000378D4       CompareFront
 0001:00006980       CompareMem
 0001:00004FA0       CompareString
 0001:000069A0       CompareText
 0001:000101CC       ComponentCreated
 0001:00016AF4       ComputeAldusChecksum
 0001:0000B398       Consts
 0001:0001BA34       Contnrs
 0002:0000174E       ControlAtom
 0001:00033FDC       Controls
 0001:00008C98       ConvertAddr
 0001:00007C6C       ConvertEraString
 0001:00006848       ConvertError
 0001:00006860       ConvertErrorFmt
 0001:00007DD8       ConvertYearString
 0001:000039E4       CopyArray
 0001:00018DC8       CopyBitmap
 0001:00019488       CopyBitmapAsMask
 0001:00005158       CopyEnhMetaFile
 0001:0004CAAC       CopyImage
 0001:00019424       CopyPalette
 0001:0003A714       CopyToBest
 0001:0000981C       CountChars
 0002:00001680       CounterLock
 0001:00009120       CreateAssertException
 0001:000092B8       CreateAVObject
 0001:00005160       CreateBitmap
 0001:00005168       CreateBrushIndirect
 0001:00005170       CreateCompatibleBitmap
 0001:00005178       CreateCompatibleDC
 0001:0001024C       CreateComponent
 0001:00005188       CreateDIBitmap
 0001:00005180       CreateDIBSection
 0001:00004FA8       CreateEvent
 0001:00004FB0       CreateFile
 0001:000001E0       CreateFileA
 0001:00005190       CreateFontIndirect
 0001:00005198       CreateHalftonePalette
 0001:000053A8       CreateIcon
 0001:0000905C       CreateInOutError
 0001:000053B0       CreateMenu
 0001:000051A0       CreatePalette
 0001:000051A8       CreatePenIndirect
 0001:000053B8       CreatePopupMenu
 0001:000051B0       CreateSolidBrush
 0001:000162EC       CreateSystemPalette
 0001:00004FB8       CreateThread
 0001:000058B8       CreateWindow
 0001:000053C0       CreateWindowEx
 0002:000006E4       CreationControl
 0002:000006DC       CSHREDRAW
 0002:000007E0       Ctl3DStyles
 0002:00001488       curAlloc
 0002:000014F8       CurrencyDecimals
 0002:000014F4       CurrencyFormat
 0002:000014F0       CurrencyString
 0002:000009D4       CursorMap
 0002:000006F4       Cursors
 0001:00026AE0       CursorToIdent
 0002:000014F9       DateSeparator
 0001:000086B0       DateTimeToStr
 0001:00008654       DateTimeToString
 0001:00007640       DateTimeToTimeStamp
 0001:00007AA0       DayOfWeek
 0002:00000380       DDBsOnly
 0001:0003F1E4       DeallocateHWnd
 0002:00000008       DebugHook
 0002:000014F7       DecimalSeparator
 0001:00007A80       DecodeDate
 0001:00007768       DecodeTime
 0001:00000778       Decommit
 0001:00000D94       DecommitFree
 0002:00001464       decommittedRoot
 0001:00041B38       Default
 0001:00046A58       Default
 0002:00000000       Default8087CW
 0002:000006E8       DefaultDockTreeClass
 0002:00000584       DefBrushData
 0002:00000354       DefFontData
 0001:000053C8       DefFrameProc
 0002:000001E0       DefLongDayNames
 0002:00000194       DefLongMonthNames
 0001:000053D0       DefMDIChildProc
 0002:00000564       DefPenData
 0002:000001C4       DefShortDayNames
 0002:00000164       DefShortMonthNames
 0001:000053D8       DefWindowProc
 0001:00000434       DeleteBlock
 0001:000003A4       DeleteCriticalSection
 0001:00004FC0       DeleteCriticalSection
 0001:000051B8       DeleteDC
 0001:000051C0       DeleteEnhMetaFile
 0001:00000BDC       DeleteFree
 0001:000053E0       DeleteMenu
 0001:000051C8       DeleteObject
 0001:00018984       DeselectBitmap
 0001:000053E8       DestroyCursor
 0001:000053F0       DestroyIcon
 0001:0004CBB4       DestroyLocals
 0001:000053F8       DestroyMenu
 0001:00005400       DestroyWindow
 0001:0004A9B0       Dialogs
 0002:000005C0       DIBPalSizes
 0002:00000050       dig
 0001:0003EDD0       DisableTaskWindows
 0001:00005408       DispatchMessage
 0001:00044DD4       DispatchShortCut
 0001:0000682C       DivMod
 0001:0004A754       Dlgs
 0001:0002BF68       DoAlign
 0001:00045E60       DoAlign
 0001:0002FE4C       DoCalcConstraints
 0002:00001778       DockSiteList
 0001:0003B2A4       DoClick
 0001:0002D434       DoControlMsg
 0001:0003ED80       DoDisableWindow
 0001:00027754       DoDragOver
 0001:00007800       DoEncodeDate
 0001:00007680       DoEncodeTime
 0001:000068E0       DoExitProc
 0001:000319B8       DoFindControlZone
 0001:0003EEBC       DoFindWindow
 0001:00031F1C       DoFindZone
 0001:00031A3C       DoForEach
 0001:000332B0       DoGetNextLimit
 0001:0003ED48       DoneApplication
 0001:00033E08       DoneControls
 0001:0000962C       DoneExceptions
 0001:000432B4       DoNestedActivation
 0001:0002BBCC       DoPosition
 0001:00045CB0       DoPosition
 0001:00032930       DoPrune
 0001:00049A74       DoRect
 0001:00032DE0       DoSaveZone
 0001:00032FE4       DoSetNewBounds
 0002:000002F0       DotSep
 0002:00000B10       DownStyles
 0001:0002A918       DoWrite
 0001:00017AD0       DoWrite
 0001:000361EC       DoWrite
 0001:0000DF90       DoWrite
 0001:00016F7C       DoWrite
 0002:0000175C       DragCapture
 0002:00001750       DragControl
 0001:00027EA0       DragDone
 0001:00027704       DragFindTarget
 0001:000276D8       DragFindWindow
 0002:00001758       DragFreeObject
 0002:00001774       DragImageList
 0001:00027AF8       DragInit
 0001:00027C68       DragInitControl
 0001:0002765C       DragMessage
 0002:00001754       DragObject
 0002:00001768       DragSaveCursor
 0002:00001760       DragStartPos
 0002:0000176C       DragThreshold
 0001:00027824       DragTo
 0001:00046A94       DrawAppIcon
 0001:00032494       DrawCloseButton
 0001:00005410       DrawEdge
 0001:00005418       DrawFocusRect
 0001:00005420       DrawFrameControl
 0001:000324EC       DrawGrabberLine
 0001:00005428       DrawIcon
 0001:00005430       DrawIconEx
 0002:00000818       DrawingStyles
 0001:00005438       DrawMenuBar
 0001:0003C57C       DrawMenuItem
 0001:00005440       DrawText
 0001:00015DBC       DupBits
 0001:000039FC       DynArrayClear
 0001:00003A04       DynArraySetLength
 0001:0004E804       echo_dauerlauf
 0001:0004E49C       echo_durchlauf
 0002:000008FC       EdgeStyle
 0002:000007D0       EdgeStyles
 0001:00009030       EHeapException.FreeInstance
 0002:00001410       EmptyParam
 0002:000000BC       EmptyStr
 0001:00005448       EnableMenuItem
 0002:00000894       Enables
 0001:00005450       EnableScrollBar
 0001:0003EE84       EnableTaskWindows
 0001:00005458       EnableWindow
 0001:000078C8       EncodeDate
 0001:000076F0       EncodeTime
 0001:0000D2AC       EndGlobalLoading
 0001:00005460       EndPaint
 0001:00000394       EnterCriticalSection
 0001:00004FC8       EnterCriticalSection
 0001:00004FD0       EnumCalendarInfoA
 0002:000016D0       EnumDisplayMonitors
 0001:000088E4       EnumEraNames
 0001:00008920       EnumEraYearOffsets
 0001:00045410       EnumMonitorsProc
 0001:00005468       EnumThreadWindows
 0001:0000FBAC       EnumValue
 0001:00005470       EnumWindows
 0001:00005478       EqualRect
 0002:000015BC       EraNames
 0002:000015D8       EraYearOffsets
 0002:00000048       errCaption
 0001:0000F494       Error
 0001:00037624       Error
 0001:00001758       Error
 0002:0000103C       ErrorAddr
 0001:000090DC       ErrorHandler
 0002:000001FC       ErrorMap
 0002:00001004       ErrorProc
 0001:00008C80       ExceptAddr
 0002:00001008       ExceptClsProc
 0001:00009550       ExceptHandler
 0001:00008EA4       Exception.Create
 0001:00008EE0       Exception.CreateFmt
 0001:00008F60       Exception.CreateRes
 0001:00008F9C       Exception.CreateResFmt
 0002:00001010       ExceptionClass
 0001:00008CA4       ExceptionErrorMessage
 0002:00000234       ExceptMap
 0001:00008C68       ExceptObject
 0002:0000100C       ExceptObjProc
 0002:00001000       ExceptProc
 0001:000051D0       ExcludeClipRect
 0002:00001034       ExitCode
 0001:00002774       ExitDll
 0002:00001038       ExitProc
 0001:00000240       ExitProcess
 0002:0000012C       ExitProcList
 0001:0004A71C       ExtCtrls
 0002:000006BC       ExtendSelects
 0001:00006D8C       ExtractFileExt
 0001:00006D54       ExtractFileName
 0001:000051D8       ExtTextOut
 0002:00001738       FClipboard
 0002:00001880       FID
 0001:00006CCC       FileClose
 0001:00006C44       FileCreate
 0002:000005B8       FileFormats
 0002:00001046       FileMode
 0001:00006C04       FileOpen
 0001:00006C68       FileRead
 0002:000002F8       FilerSignature
 0001:00006CC0       FileSeek
 0001:00006C94       FileWrite
 0001:00000CC4       FillAfterGap
 0001:00000C70       FillBeforeGap
 0001:00000D5C       FillerSizeAfterGap
 0001:00000CEC       FillerSizeBeforeGap
 0001:00005480       FillRect
 0002:00000B18       FillStyles
 0001:0001C2CC       Finalization
 0001:0004DA08       Finalization
 0001:0001C28C       Finalization
 0001:00048A34       Finalization
 0001:000489FC       Finalization
 0001:0001BB00       Finalization
 0001:000489C4       Finalization
 0001:00048A6C       Finalization
 0001:0001C37C       Finalization
 0001:00036728       Finalization
 0001:0004D3F4       Finalization
 0001:0001C30C       Finalization
 0001:000059E4       Finalization
 0001:00048AA4       Finalization
 0001:00005A1C       Finalization
 0001:00005CF4       Finalization
 0001:00034DF0       Finalization
 0001:0004ECAC       Finalization
 0001:00024778       Finalization
 0001:00004CAC       Finalization
 0001:0001B6A8       Finalization
 0001:0001BA04       Finalization
 0001:0004898C       Finalization
 0001:00012DE8       Finalization
 0001:00048918       Finalization
 0001:0000B888       Finalization
 0001:00004F48       Finalization
 0001:0004A724       Finalization
 0001:0003C868       Finalization
 0001:00033F88       Finalization
 0001:00024968       Finalization
 0001:0004CC4C       Finalization
 0001:0004A954       Finalization
 0001:0001C6A0       Finalization
 0001:0004F230       Finalization
 0001:0004CE90       Finalization
 0001:0000B368       Finalization
 0001:0000AFD8       Finalization
 0001:0000AE10       Finalization
 0001:0004F268       Finalization
 0001:0001C344       Finalization
 0001:000247B0       Finalization
 0001:0004AABC       Finalization
 0001:0004A6EC       Finalization
 0001:0004DFDC       Finalization
 0001:000039F4       FinalizeArray
 0001:0003B0B8       Find
 0001:00003C54       FindBS
 0001:0000CCF0       FindClass
 0001:00003C28       FindClassHInstance
 0001:00000250       FindClose
 0001:00000C40       FindCommitted
 0001:00026900       FindControl
 0001:00032124       FindControlAtPos
 0001:0002814C       FindDragTarget
 0001:000103FC       FindExistingComponent
 0001:00000258       FindFirstFile
 0001:0003EFC8       FindGlobalComponent
 0002:00001618       FindGlobalComponent
 0001:00003C00       FindHInstance
 0001:0000D090       FindIdentToInt
 0002:00001814       FindMsg
 0001:0000F748       FindNestedComponent
 0001:000375F0       FindPopupControl
 0001:00004FD8       FindResource
 0001:00003C30       FindResourceHInstance
 0001:000482C8       FindScanline
 0001:0003EF20       FindTopMostWindow
 0001:000112CC       FindUniqueName
 0001:00028118       FindVCLWindow
 0001:00005488       FindWindow
 0001:000025F8       FInitUnits
 0001:00018D7C       FixupBitFields
 0002:00001894       FktRead
 0002:00001895       FktWrite
 0002:0000090C       Flags
 0002:00001604       FLanguages
 0001:0001C6D0       FlatSB
 0002:000016F8       FlatSB_EnableScrollBar
 0002:00001704       FlatSB_GetScrollInfo
 0002:00001708       FlatSB_GetScrollPos
 0002:00001700       FlatSB_GetScrollRange
 0002:00001710       FlatSB_SetScrollInfo
 0002:0000170C       FlatSB_SetScrollPos
 0001:0001C3C0       FlatSB_SetScrollProp
 0002:00001714       FlatSB_SetScrollRange
 0002:000016FC       FlatSB_ShowScrollBar
 0001:0000AB0D       FloatToDecimal
 0001:0000A56A       FloatToText
 0001:0000A83A       FloatToTextFmt
 0002:00000158       FMSecsPerDay
 0001:00007578       FmtStr
 0002:00000924       FocusCount
 0002:00000920       FocusMessages
 0002:000004D4       FontCharsets
 0002:00001698       FontManager
 0001:0003EF9C       ForegroundTask
 0002:000018A8       Form1
 0002:00001870       Form2
 0002:00001868       Form3
 0002:00001860       Form4
 0002:00001858       Form5
 0002:00001850       Form6
 0001:00007564       Format
 0002:00000160       Format
 0001:00007104       FormatBuf
 0001:000070F8       FormatClearStr
 0001:0000708C       FormatError
 0002:00000150       FormatErrorStrs
 0001:00004FE0       FormatMessage
 0001:000070E4       FormatVarToStr
 0001:0004896C       Forms
 0001:00004750       FPower10
 0002:00000608       FPrinter
 0001:00049B38       Frame3D
 0001:00005490       FrameRect
 0001:0000A1E4       FreeAndNil
 0001:000009AC       FreeCommitted
 0001:00000EB4       FreeCurAlloc
 0001:0002820C       FreeDeviceContext
 0001:000282C8       FreeDeviceContexts
 0001:00012D74       FreeIntConstList
 0001:00000260       FreeLibrary
 0001:00004FE8       FreeLibrary
 0001:000188D8       FreeMemoryContexts
 0001:0003F10C       FreeObjectInstance
 0001:00004FF0       FreeResource
 0001:0000062C       FreeSpace
 0001:0000A014       FreeTerminateProcs
 0001:00011E30       FreeThreadWindow
 0001:00015DAC       GDICheck
 0001:00015D04       GDIError
 0001:00005498       GetActiveWindow
 0001:00046334       GetAnimation
 0001:000051E0       GetBitmapBits
 0001:000003AC       GetBlockDesc
 0001:000051E8       GetBrushOrgEx
 0001:000054A0       GetCapture
 0001:00026B88       GetCaptureControl
 0001:0000CC40       GetClass
 0001:000054A8       GetClassInfo
 0001:000054B0       GetClientRect
 0001:000054B8       GetClipboardData
 0001:00017740       GetClipboardFormats
 0001:000051F0       GetClipBox
 0001:00000348       GetCmdShow
 0001:0003500C       GetColor
 0001:00000268       GetCommandLine
 0001:000007F8       GetCommitted
 0001:00000888       GetCommittedAt
 0001:0002CF78       GetControlAtPos
 0001:00007BC8       GetCount
 0001:00004FF8       GetCPInfo
 0001:000051F8       GetCurrentPositionEx
 0001:00005000       GetCurrentProcessId
 0001:00005008       GetCurrentThreadId
 0001:000042A0       GetCurrentThreadId
 0001:00005834       GetCurrentTime
 0001:000054C0       GetCursor
 0001:000482D8       GetCursorHeightMargin
 0001:000054C8       GetCursorPos
 0001:00007BF4       GetDate
 0001:00005010       GetDateFormat
 0001:000054D0       GetDC
 0001:000054D8       GetDCEx
 0001:00005200       GetDCOrgEx
 0001:0001B2B4       GetDefFontCharSet
 0001:000054E0       GetDesktopWindow
 0001:00005218       GetDeviceCaps
 0001:00016D0C       GetDIB
 0001:00005208       GetDIBColorTable
 0001:00005210       GetDIBits
 0001:00016C54       GetDIBSizes
 0001:00015F1C       GetDInColors
 0001:00005018       GetDiskFreeSpaceA
 0002:00000128       GetDiskFreeSpaceEx
 0001:00033370       GetDockAlign
 0001:000274B0       GetDockSiteAtPos
 0001:00027790       GetDropCtl
 0001:00001E04       GetDynaMethod
 0001:00005220       GetEnhMetaFileBits
 0001:00005228       GetEnhMetaFileHeader
 0001:00005230       GetEnhMetaFilePaletteEntries
 0001:0000B3D8       GetEnumNameValue
 0001:0000B424       GetEnumValue
 0001:00008998       GetEraNamesAndYearOffsets
 0001:000092A4       GetExceptionClass
 0001:00009484       GetExceptionObject
 0001:0000CD10       GetFieldClass
 0001:0000CBC8       GetFieldClassTable
 0001:00017720       GetFileFormats
 0001:000001F0       GetFileSize
 0001:000001E8       GetFileType
 0001:000054E8       GetFocus
 0001:00014798       GetFontData
 0001:000054F0       GetForegroundWindow
 0001:00009BD8       GetFormatSettings
 0001:00013DEC       GetHashCode
 0001:00046120       GetHint
 0001:00046150       GetHintControl
 0001:0003C708       GetHotkey
 0001:000054F8       GetIconInfo
 0001:00005510       GetKeyboardLayout
 0001:00005518       GetKeyboardLayoutList
 0001:00005520       GetKeyboardState
 0001:00001A98       GetKeyboardType
 0001:00005500       GetKeyNameText
 0001:00005508       GetKeyState
 0001:00005528       GetLastActivePopup
 0001:00000270       GetLastError
 0001:00005020       GetLastError
 0001:0000875C       GetLocaleChar
 0001:00005030       GetLocaleInfo
 0001:00000278       GetLocaleInfo
 0001:00008710       GetLocaleStr
 0001:00005028       GetLocalTime
 0001:00026B44       GetLongHint
 0001:00005530       GetMenu
 0001:00043C20       GetMenuHelpContext
 0001:00005538       GetMenuItemCount
 0001:00005540       GetMenuItemID
 0001:00005548       GetMenuItemInfo
 0001:000399E4       GetMenuSize
 0001:00005550       GetMenuState
 0001:00005558       GetMenuString
 0001:00005038       GetModuleFileName
 0001:00000280       GetModuleFileName
 0001:00004E0C       GetModuleFileName
 0001:00000288       GetModuleHandle
 0001:00005040       GetModuleHandle
 0001:00004E14       GetModuleHandle
 0002:000016CC       GetMonitorInfo
 0002:000016C4       GetMonitorInfoA
 0002:000016C8       GetMonitorInfoW
 0001:000087C0       GetMonthDayNames
 0001:00005560       GetNextWindow
 0001:00005238       GetObject
 0001:0000B4A4       GetOrdProp
 0001:00005240       GetPaletteEntries
 0001:00005568       GetParent
 0001:0003F358       GetParentForm
 0001:00005248       GetPixel
 0001:00000290       GetProcAddress
 0001:00005048       GetProcAddress
 0001:00005570       GetProp
 0001:0000B438       GetPropInfo
 0001:0003F818       GetRealScrollPosition
 0001:00034FEC       GetRGBColor
 0001:00005578       GetScrollInfo
 0001:00005580       GetScrollPos
 0001:00005588       GetScrollRange
 0001:00026B00       GetShortHint
 0001:00000550       GetSpace
 0001:000005B4       GetSpaceAt
 0001:0003767C       GetSpecialName
 0001:00000298       GetStartupInfo
 0001:000001F8       GetStdHandle
 0001:00005250       GetStockObject
 0001:00005590       GetSubMenu
 0001:00005598       GetSysColor
 0001:00005050       GetSystemInfo
 0001:000055A0       GetSystemMenu
 0002:000016B4       GetSystemMetrics
 0001:000055A8       GetSystemMetrics
 0001:00005258       GetSystemPaletteEntries
 0001:00005260       GetTextExtentPoint32
 0001:00005268       GetTextMetrics
 0001:000002A0       GetThreadLocale
 0001:00005058       GetThreadLocale
 0001:00005060       GetTickCount
 0001:00007C2C       GetTime
 0001:00046844       GetTopMostWindows
 0001:00026C90       GetTopParent
 0001:000055B0       GetTopWindow
 0001:0000B3CC       GetTypeData
 0001:00005068       GetVersion
 0001:00005070       GetVersionEx
 0001:000055B8       GetWindow
 0001:000055C0       GetWindowDC
 0001:000055C8       GetWindowLong
 0001:00005278       GetWindowOrgEx
 0001:000055D0       GetWindowPlacement
 0001:000055D8       GetWindowRect
 0001:000055E0       GetWindowText
 0001:000055E8       GetWindowThreadProcessId
 0001:00005270       GetWinMetaFileBits
 0001:00005078       GlobalAddAtom
 0001:00005080       GlobalAlloc
 0001:00005840       GlobalAllocPtr
 0001:00005088       GlobalDeleteAtom
 0002:0000162C       GlobalFixupList
 0001:0000F890       GlobalFixupReferences
 0001:00005090       GlobalFree
 0001:0000586C       GlobalFreePtr
 0001:000050A0       GlobalHandle
 0001:00005098       GlobalLock
 0002:00001614       GlobalNameSpace
 0001:000050A8       GlobalReAlloc
 0001:00005850       GlobalReAllocPtr
 0001:000050B0       GlobalUnlock
 0002:00000B08       GlyphCache
 0001:0001B77C       Graphics
 0001:00010AC4       HandleException
 0001:000206C8       HasPopup
 0002:00000004       HeapAllocFlags
 0002:00001430       heapErrorCode
 0002:00001434       heapLock
 0002:00001810       HelpMsg
 0002:00000124       HexDisplayPrefix
 0002:00000640       HideSelections
 0002:000014D8       HInstance
 0002:000017E0       HintDoneEvent
 0001:00046220       HintGetMsgHook
 0002:000017E4       HintHook
 0001:000461C4       HintMouseThread
 0002:000017E8       HintThread
 0002:000017DC       HintThreadID
 0001:00046170       HintTimerProc
 0002:0000091C       HintWindowClass
 0001:00046264       HookHintHooks
 0001:000058EC       HwndMSWheel
 0002:000008B0       IBreaks
 0002:000008BC       IChecks
 0002:000008C4       IDefaults
 0001:00014788       IdentToCharset
 0001:00014580       IdentToColor
 0001:00026AF0       IdentToCursor
 0001:0000D114       IdentToInt
 0002:000008CC       IEnables
 0001:0003A6E4       IfHotkeyAvailable
 0002:0000188C       IFKAdress
 0002:0000189C       IFKCount
 0001:0004AA24       IFKFound
 0002:00001898       IFKOnline
 0002:000018A0       IFKOnlineIndex
 0001:0001BA54       ImageList_Add
 0001:0001BA74       ImageList_AddIcon
 0001:0001BAA0       ImageList_BeginDrag
 0001:0001BA3C       ImageList_Create
 0001:0001BA44       ImageList_Destroy
 0001:0001BAB0       ImageList_DragEnter
 0001:0001BAB8       ImageList_DragLeave
 0001:0001BAC0       ImageList_DragMove
 0001:0001BAD0       ImageList_DragShowNolock
 0001:0001BA80       ImageList_Draw
 0001:0001BA90       ImageList_DrawEx
 0001:0001BAA8       ImageList_EndDrag
 0001:0001BA6C       ImageList_GetBkColor
 0001:0001BAD8       ImageList_GetDragImage
 0001:0001BAF0       ImageList_GetIconSize
 0001:0001BA4C       ImageList_GetImageCount
 0001:0001BAE0       ImageList_Read
 0001:0001BA98       ImageList_Remove
 0001:0001BA88       ImageList_Replace
 0001:0001BA5C       ImageList_ReplaceIcon
 0001:0001BA64       ImageList_SetBkColor
 0001:0001BAC8       ImageList_SetDragCursorImage
 0001:0001BAF8       ImageList_SetIconSize
 0001:0001BAE8       ImageList_Write
 0002:00000828       Images
 0001:00036758       ImgList
 0001:0001C2FC       Imm
 0002:00000804       IMM32DLL
 0001:00033DF4       Imm32IsIME
 0002:0000015C       IMSecsPerDay
 0001:000055F0       InflateRect
 0001:00000A38       InitAllocator
 0001:0001BB38       InitAnApi
 0002:000016DC       InitApis
 0001:0000D320       InitComponent
 0002:000014A0       InitContext
 0001:00033E7C       InitControls
 0001:0003F048       InitCtl3D
 0001:0001B2F8       InitDefFontData
 0001:0000A034       InitDriveSpacePtr
 0001:00009560       InitExceptions
 0001:0001C41C       InitFlatSB
 0001:0004A800       InitGlobals
 0001:00016B0C       InitializeBitmapInfoHeader
 0001:0000038C       InitializeCriticalSection
 0001:000050B8       InitializeCriticalSection
 0002:0000142C       initialized
 0001:0001C3F4       InitializeFlatSB
 0001:00004EC8       InitializeModule
 0001:00033A94       InitIMM32
 0001:0000D3C8       InitInheritedComponent
 0001:0001C220       InitMultiMonStubs
 0001:00009698       InitPlatformId
 0002:00001030       InitProc
 0001:0001B27C       InitScreenLogPixels
 0001:00009B20       InitSysLocale
 0001:00004E34       InitThreadTLS
 0001:00002658       InitUnits
 0001:00026848       InitWndProc
 0002:000007B0       InnerStyles
 0002:0000104C       Input
 0001:0002BB6C       InsertBefore
 0001:00045C50       InsertBefore
 0001:00000E2C       InsertFree
 0001:0003A798       InsertHotkeyFarEastFormat
 0001:000055F8       InsertMenu
 0001:00005600       InsertMenuItem
 0002:000017D4       InstBlockList
 0002:000017D8       InstFreeList
 0002:00001628       IntConstList
 0002:000006C4       IntegralHeights
 0001:00000340       InterlockedDecrement
 0001:00000338       InterlockedIncrement
 0001:0000793C       InternalDecodeDate
 0001:00013D78       InternalDeletePalette
 0001:00000CA0       InternalFreeMem
 0001:00016C5C       InternalGetDIB
 0001:00016BF0       InternalGetDIBSizes
 0001:0000D198       InternalReadComponentRes
 0001:00005280       IntersectClipRect
 0001:00005608       IntersectRect
 0001:00006B74       IntToHex
 0001:0000D154       IntToIdent
 0001:00006B44       IntToStr
 0001:00005610       InvalidateRect
 0001:00015C8C       InvalidBitmap
 0001:00015C74       InvalidGraphic
 0001:00015C98       InvalidIcon
 0001:00015CA4       InvalidMetafile
 0001:00015C5C       InvalidOperation
 0002:00001600       InvalidPointer
 0001:00001CBC       InvokeImplGetter
 0001:000017CC       IOResult
 0002:000008EC       IOwnerDraw
 0002:000008D4       IRadios
 0002:000008E4       IRTL
 0001:0003F2E8       IsAccel
 0001:0003B858       IsAccelChar
 0001:00027268       IsBeforeTargetWindow
 0001:00005618       IsChild
 0002:00001044       IsConsole
 0001:000276B4       IsDelphiHandle
 0001:00005620       IsDialogMessage
 0002:000008DC       ISeparators
 0001:0000AFD0       IsEqualIID
 0001:00005628       IsIconic
 0001:0003B8B4       IsInitialChar
 0001:000077C4       IsLeapYear
 0002:00001024       IsLibrary
 0002:00001045       IsMultiThread
 0001:00005630       IsRectEmpty
 0001:0002746C       IsSiteChildOfClient
 0001:00006AE0       IsValidIdent
 0001:00005638       IsWindow
 0001:00005640       IsWindowEnabled
 0001:00005648       IsWindowVisible
 0001:00005650       IsZoomed
 0001:00037A48       Iterate
 0001:00037AA8       IterateMenus
 0002:0000000C       JITEnable
 0001:0003F29C       KeyboardStateToShiftState
 0001:0003F260       KeyDataToShiftState
 0001:0003F20C       KeysToShiftState
 0001:00005658       KillTimer
 0001:00006D04       LastDelimiter
 0002:00000104       LeadBytes
 0001:000050C0       LeaveCriticalSection
 0001:0000039C       LeaveCriticalSection
 0002:00000014       LibModuleList
 0001:00005288       LineTo
 0001:00028194       ListAdd
 0001:000281BC       ListRemove
 0002:000015F4       ListSeparator
 0001:00005660       LoadBitmap
 0001:00005668       LoadCursor
 0001:00005670       LoadIcon
 0001:00005678       LoadKeyboardLayout
 0001:000050C8       LoadLibrary
 0001:000002A8       LoadLibraryEx
 0001:000050D0       LoadResource
 0001:00003E10       LoadResourceModule
 0001:00004178       LoadResString
 0001:00005680       LoadString
 0001:000002B0       LoadString
 0001:0000036C       LocalAlloc
 0001:00004E1C       LocalAlloc
 0001:00000374       LocalFree
 0001:00008784       LocalGetLocaleStr
 0001:000050D8       LockResource
 0002:00001500       LongDateFormat
 0002:00001594       LongDayNames
 0002:00001548       LongMonthNames
 0002:00001514       LongTimeFormat
 0002:00001884       LoopCounter
 0001:000002B8       lstrcpy
 0001:00005148       lstrcpy
 0001:000002C0       lstrcpyn
 0001:000002C8       lstrlen
 0002:0000101C       MainInstance
 0002:00001020       MainThreadID
 0001:000003FC       MakeEmpty
 0001:00002724       MakeErrorMessage
 0002:000007F0       MakeLast
 0001:00005828       MakeLong
 0001:0003F074       MakeObjectInstance
 0001:00005880       MakeROP4
 0001:00009224       MapException
 0001:00002474       MapToRunError
 0001:00005688       MapVirtualKey
 0001:00005690       MapWindowPoints
 0002:00000810       Mask
 0001:00005290       MaskBlt
 0001:0001C33C       Math
 0001:0001C304       Max
 0001:00041B84       MaximizedChildren
 0002:0000001C       MemoryManager
 0002:00000844       MenuKeyCaps
 0001:0003C8D8       Menus
 0001:0000044C       MergeBlockAfter
 0001:00000F00       MergeCommit
 0001:00005698       MessageBox
 0001:00000248       MessageBox
 0001:00005A4C       Messages
 0001:000332A8       Min
 0001:0000DA28       Min
 0001:0002B498       MinVar
 0002:000016E4       MMAvailable
 0002:00000808       ModeMap
 0001:0004362C       ModifySystemMenu
 0002:000000A4       Module
 0002:000014CD       ModuleIsCpp
 0002:000014CC       ModuleIsLib
 0001:00012DE0       ModuleUnload
 0002:00000018       ModuleUnloadList
 0002:000016C0       MonitorFromPoint
 0002:000016BC       MonitorFromRect
 0002:000016B8       MonitorFromWindow
 0002:000000D4       MonthDays
 0002:00001740       Mouse
 0001:000017E4       Move
 0001:00005298       MoveToEx
 0001:000281DC       MoveWindowOrg
 0001:000050E0       MulDiv
 0001:000002D0       MultiByteToWideChar
 0002:000006CC       MultiColumns
 0001:0001C2BC       MultiMon
 0002:000006B4       MultiSelects
 0002:000014F5       NegCurrFormat
 0001:00000F8C       NewCommit
 0001:00000FB8       NewCommitAt
 0002:00000B20       NewState
 0002:00001744       NewStyleControls
 0002:000002FC       NilMethod
 0002:00000010       NoErrMsg
 0001:00038774       NormalDraw
 0001:0000202C       NotifyAnyExcept
 0001:00002004       NotifyExcept
 0001:00002060       NotifyExceptFinally
 0001:0000D27C       NotifyGlobalLoading
 0001:0000409C       NotifyModuleUnload
 0001:00001FE4       NotifyNonDelphiException
 0001:00002018       NotifyOnExcept
 0001:00001FC8       NotifyReRaise
 0001:00002088       NotifyTerminate
 0001:000020A4       NotifyUnhandled
 0001:00007AC8       Now
 0001:0003B294       NthParentOf
 0002:00001400       Null
 0002:00000648       OEMConverts
 0001:000056A0       OemToAnsi
 0001:000056A8       OffsetRect
 0001:000034F4       OleStrToStrVar
 0002:000007E8       OrientArray
 0002:000007C0       OuterStyles
 0002:000015FC       OutOfMemory
 0001:00015CB0       OutOfResources
 0002:00001218       Output
 0001:00024328       PaintListBox
 0002:000005C8       Pal16
 0001:0001415C       PaletteChanged
 0001:0001649C       PaletteFromDIBColorTable
 0001:00016540       PaletteToDIBColorTable
 0002:000005C4       PalSize
 0001:00031660       ParentNotLast
 0002:00000624       Passwords
 0001:000052A0       PatBlt
 0002:000016A8       PatternManager
 0001:0004AA14       PCI_DriverClose
 0001:0004A9D4       PCI_DriverOpen
 0001:0004AA04       PCI_ErrorString
 0001:0004A9FC       PCI_FctCodeSnd
 0001:0004A9DC       PCI_IfkOnline
 0001:0004A9E4       PCI_IfkRead
 0001:0004A9EC       PCI_IfkWrite
 0001:0004AA1C       PCI_MilBusRead
 0001:0004AA0C       PCI_MilBusWrite
 0001:0004A9CC       PCI_PCIcardCount
 0001:0004A9F4       PCI_PCIcardReset
 0001:000056B0       PeekMessage
 0002:0000169C       PenManager
 0002:00000594       PenModes
 0002:00000574       PenStyles
 0001:000052A8       PlayEnhMetaFile
 0001:0000CB78       Point
 0001:000058A0       PointToSmallPoint
 0001:000052B0       Polyline
 0002:000017B8       PopupList
 0001:000056B8       PostMessage
 0001:000056C0       PostQuitMessage
 0001:0001C3B8       Printers
 0001:00044BD4       ProcessExecute
 0001:0003F518       ProcessHorz
 0001:00044CD4       ProcessUpdate
 0001:0003F584       ProcessVert
 0001:0004F400       Project1
 0001:0000FBA0       PropertyNotFound
 0001:00010BC4       PropPathError
 0002:00000974       Props
 0001:0000FB94       PropValueError
 0001:000056C8       PtInRect
 0002:0000177C       QualifyingSites
 0001:000091CC       RaiseAssertException
 0001:00000200       RaiseException
 0001:00009F50       RaiseLastWin32Error
 0001:0000174C       RaiseList
 0002:00001040       RandSeed
 0001:00032244       ReadControlName
 0001:0000FB7C       ReadError
 0001:000050E8       ReadFile
 0001:00000208       ReadFile
 0001:000167EC       ReadIcon
 0002:00001878       ReadMilBusTimeOutC
 0002:0000062C       ReadOnlys
 0001:00010E3C       ReadVariantProp
 0001:000052B8       RealizePalette
 0001:000101EC       Recover
 0001:0000CB90       Rect
 0001:000052C8       Rectangle
 0001:000052C0       RectVisible
 0002:000013EC       RefAnyProc
 0001:00004F80       RegCloseKey
 0001:000002D8       RegCloseKey
 0001:000056D0       RegisterClass
 0001:0000CDDC       RegisterClass
 0001:0000CED8       RegisterClasses
 0001:000056D8       RegisterClipboardFormat
 0001:000275FC       RegisterDockSite
 0001:0000D064       RegisterIntegerConsts
 0001:000040F8       RegisterModule
 0001:000056E0       RegisterWindowMessage
 0001:000002E0       RegOpenKeyEx
 0001:00004F88       RegOpenKeyEx
 0001:000002E8       RegQueryValueEx
 0001:00004F90       RegQueryValueEx
 0001:000489F4       RegStr
 0001:000056E8       ReleaseCapture
 0001:000056F0       ReleaseDC
 0002:00001484       remBytes
 0001:000004C0       RemoveBlock
 0001:0000FA4C       RemoveFixupReferences
 0001:0000FAF8       RemoveFixups
 0001:0000FDD0       RemoveGlobalFixup
 0001:000056F8       RemoveMenu
 0001:00004014       RemoveModuleUnloadProc
 0001:0000403C       RemoveModuleUnloadProc
 0001:00005700       RemoveProp
 0001:00001438       ResizeInPlace
 0001:000052D0       RestoreDC
 0001:0000E0F0       ReturnAddr
 0001:0000D558       ReturnAddr
 0001:00037620       ReturnAddr
 0001:0001621C       RGBQuadToTriple
 0001:000161E4       RGBTripleToQuad
 0002:00001480       rover
 0001:00000210       RtlUnwind
 0002:00000028       runErrMsg
 0001:00002468       RunErrorAt
 0001:0000A1F4       SafeLoadLibrary
 0001:000069F4       SameText
 0001:000052D8       SaveDC
 0002:000017CC       Screen
 0002:00001654       ScreenLogPixels
 0001:00005708       ScreenToClient
 0001:0003F6D0       ScrollBarVisible
 0001:00005710       ScrollWindow
 0001:00000FEC       SearchSmallBlocks
 0001:000052E0       SelectObject
 0001:000052E8       SelectPalette
 0001:0002691C       SendAppMessage
 0002:00001888       SendCounter
 0002:00001890       SendData
 0001:0003EF5C       SendFocusMessage
 0001:00005718       SendMessage
 0002:000008A8       Separators
 0001:00005720       SetActiveWindow
 0001:00046364       SetAnimation
 0001:000052F0       SetBkColor
 0001:000052F8       SetBkMode
 0001:00005300       SetBrushOrgEx
 0001:00005728       SetCapture
 0001:00026BB0       SetCaptureControl
 0001:00005730       SetClassLong
 0001:0001035C       SetCompName
 0001:00005738       SetCursor
 0001:00005308       SetDIBColorTable
 0001:000050F0       SetEndOfFile
 0001:00000218       SetEndOfFile
 0001:00005310       SetEnhMetaFileBits
 0001:000050F8       SetErrorMode
 0001:00005100       SetEvent
 0001:000025B0       SetExceptionHandler
 0001:00005108       SetFilePointer
 0001:00000220       SetFilePointer
 0001:0000B728       SetFloatProp
 0001:00005740       SetFocus
 0001:00005748       SetForegroundWindow
 0001:00033D18       SetImeMode
 0001:000017BC       SetInOutRes
 0001:0000B84C       SetInt64Prop
 0001:00010DB4       SetIntIdent
 0001:0000B610       SetLongStrProp
 0001:00005750       SetMenu
 0001:00005758       SetMenuItemInfo
 0001:0000B814       SetMethodProp
 0001:00010DFC       SetObjectIdent
 0001:0000B518       SetOrdProp
 0001:00005318       SetPixel
 0001:00005760       SetProp
 0001:00005768       SetRect
 0001:00005320       SetROP2
 0001:00005770       SetScrollInfo
 0001:00005778       SetScrollPos
 0001:00005780       SetScrollRange
 0001:0000B574       SetShortStrProp
 0001:0000B5C8       SetShortStrPropAsLongStr
 0001:00005328       SetStretchBltMode
 0001:0000B6FC       SetStrProp
 0001:00005330       SetTextColor
 0001:00005110       SetThreadLocale
 0001:00005788       SetTimer
 0001:0000B7D4       SetVariantProp
 0001:00005338       SetViewportOrgEx
 0001:00047FE8       SetVisible
 0001:0000B664       SetWideStrProp
 0001:0000B6A4       SetWideStrPropAsLongStr
 0001:00005790       SetWindowLong
 0001:00005348       SetWindowOrgEx
 0001:00005798       SetWindowPlacement
 0001:000057A0       SetWindowPos
 0001:000057B0       SetWindowsHookEx
 0001:000057A8       SetWindowText
 0001:00005340       SetWinMetaFileBits
 0002:0000013C       ShareMode
 0001:000489BC       ShellAPI
 0001:00048A9C       ShlObj
 0001:00037644       ShortCut
 0002:000017BC       ShortCutItems
 0001:000376D0       ShortCutToText
 0002:000014FC       ShortDateFormat
 0002:00001578       ShortDayNames
 0002:00001518       ShortMonthNames
 0002:00001510       ShortTimeFormat
 0002:000009C8       ShowCommands
 0002:000009B0       ShowCommands
 0002:000009BC       ShowCommands
 0001:000057B8       ShowCursor
 0001:00008E2C       ShowException
 0002:000007A8       ShowFlags
 0002:00000A54       ShowFlags
 0001:0003ECFC       ShowMDIClientEdge
 0001:000057C0       ShowOwnedPopups
 0001:000057C8       ShowScrollBar
 0001:000057D0       ShowWindow
 0001:0004638C       ShowWinNoAnimate
 0002:000007FC       SizeCursors
 0001:00005118       SizeofResource
 0001:0001187C       SkipBinary
 0001:00011828       SkipBytes
 0001:000118A4       SkipCollection
 0001:00011800       SkipList
 0001:00005120       Sleep
 0001:0000CB80       SmallPoint
 0001:0000588C       SmallPointToPoint
 0002:0000148C       smallTab
 0002:000006AC       Sorteds
 0002:00000670       Sorts
 0002:00001454       spaceRoot
 0001:00024998       StdActns
 0001:000247A8       StdCtrls
 0001:0003F04C       StdWndProc
 0002:0000165C       StockBrush
 0002:00001660       StockFont
 0002:00001664       StockIcon
 0002:00001658       StockPen
 0001:00007030       StrAlloc
 0001:00007044       StrBufSize
 0001:0000978C       StrByteType
 0001:00006F50       StrComp
 0001:00006EB0       StrCopy
 0001:0000707C       StrDispose
 0001:000360BC       StreamsEqual
 0001:00006E60       StrEnd
 0001:00005350       StretchBlt
 0001:000074FC       StrFmt
 0001:0000EF0C       StringListAnsiCompare
 0001:00003518       StringToOleStr
 0001:0003C670       StripHotkey
 0001:00006ED8       StrLCopy
 0001:00006E48       StrLen
 0001:00007530       StrLFmt
 0001:00006F74       StrLIComp
 0001:00006E74       StrMove
 0001:00007050       StrNew
 0001:00006F0C       StrPCopy
 0001:00006F30       StrPLCopy
 0001:00006FDC       StrPos
 0001:00006FBC       StrScan
 0001:00006BB0       StrToInt
 0001:00006BEC       StrToIntDef
 0002:000006A0       Styles
 0002:0000099C       Styles
 0001:00000300       SysAllocStringLen
 0001:00005D24       SysConst
 0002:00000964       SysConsts
 0002:0000096C       SysConsts
 0001:000086C4       SysErrorMessage
 0001:00001294       SysFreeMem
 0001:00000310       SysFreeString
 0001:0000110C       SysGetMem
 0001:00004F78       SysInit
 0002:000015B0       SysLocale
 0001:00001608       SysReallocMem
 0001:00000308       SysReAllocStringLen
 0001:00000318       SysStringLen
 0001:00004D14       System
 0002:0000164C       SystemPalette16
 0001:00016404       SystemPaletteOverride
 0001:000057D8       SystemParametersInfo
 0001:0000AF50       SysUtils
 0002:000006D4       TabStops
 0001:000348C0       TActionLink.IsCaptionLinked
 0001:000348D4       TActionLink.IsCheckedLinked
 0001:000348E8       TActionLink.IsEnabledLinked
 0001:000348FC       TActionLink.IsHelpContextLinked
 0001:00034910       TActionLink.IsHintLinked
 0001:00034924       TActionLink.IsImageIndexLinked
 0001:00034938       TActionLink.IsShortCutLinked
 0001:0003494C       TActionLink.IsVisibleLinked
 0001:00034960       TActionLink.SetCaption
 0001:00034964       TActionLink.SetChecked
 0001:00034968       TActionLink.SetEnabled
 0001:0003496C       TActionLink.SetHelpContext
 0001:00034970       TActionLink.SetHint
 0001:00034974       TActionLink.SetImageIndex
 0001:00034978       TActionLink.SetShortCut
 0001:0003497C       TActionLink.SetVisible
 0001:00048480       TApplication.ActivateHint
 0001:00047328       TApplication.BringToFront
 0001:000482A0       TApplication.CancelHint
 0001:00046A08       TApplication.CheckIniChange
 0001:000467E4       TApplication.ControlDestroyed
 0001:000463CC       TApplication.Create
 0001:00047738       TApplication.CreateForm
 0001:00046644       TApplication.CreateHandle
 0001:00046564       TApplication.Destroy
 0001:00048828       TApplication.DispatchAction
 0001:00047CC0       TApplication.DoActionIdle
 0001:00047D24       TApplication.DoMouseIdle
 0001:000468B4       TApplication.DoNormalizeTopMosts
 0001:000488B8       TApplication.ExecuteAction
 0001:0004717C       TApplication.GetIconHandle
 0001:00047364       TApplication.GetTitle
 0001:00047880       TApplication.HandleException
 0001:00047624       TApplication.HandleMessage
 0001:00047C78       TApplication.HelpCommand
 0001:00047C6C       TApplication.HelpContext
 0001:00048264       TApplication.HideHint
 0001:00048124       TApplication.HintMouseMessage
 0001:00048230       TApplication.HintTimerExpired
 0001:00047648       TApplication.HookMainWindow
 0001:00047EF0       TApplication.IconChanged
 0001:00047DA8       TApplication.Idle
 0001:00047720       TApplication.Initialize
 0001:00047B40       TApplication.InvokeHelp
 0001:000473AC       TApplication.IsDlgMsg
 0001:000474D8       TApplication.IsHintMsg
 0001:00047420       TApplication.IsKeyMsg
 0001:000473D0       TApplication.IsMDIMsg
 0001:00047508       TApplication.IsShortCut
 0001:00047910       TApplication.MessageBox
 0001:00047198       TApplication.Minimize
 0001:00046964       TApplication.NormalizeAllTopMosts
 0001:0004695C       TApplication.NormalizeTopMosts
 0001:00047EB4       TApplication.NotifyForms
 0001:00047574       TApplication.ProcessMessage
 0001:0004760C       TApplication.ProcessMessages
 0001:00047238       TApplication.Restore
 0001:0004696C       TApplication.RestoreTopMosts
 0001:000477B8       TApplication.Run
 0001:00047F54       TApplication.SetHint
 0001:00047C80       TApplication.SetShowHint
 0001:00047A68       TApplication.ShowException
 0001:000480CC       TApplication.StartHintTimer
 0001:00048104       TApplication.StopHintTimer
 0001:0004786C       TApplication.Terminate
 0001:000476A4       TApplication.UnhookMainWindow
 0001:000488E0       TApplication.UpdateAction
 0001:00048044       TApplication.UpdateVisible
 0001:000469F0       TApplication.UseRightToLeftAlignment
 0001:000469D8       TApplication.UseRightToLeftReading
 0001:00046AE0       TApplication.WndProc
 0002:00000928       TaskActiveWindow
 0002:00000930       TaskFirstTopMost
 0002:0000092C       TaskFirstWindow
 0002:00000934       TaskWindowList
 0001:00026F88       TBaseDragControlObject.Assign
 0001:00026F64       TBaseDragControlObject.Create
 0001:00026FB4       TBaseDragControlObject.EndDrag
 0001:00026FD8       TBaseDragControlObject.Finished
 0001:00012838       TBasicAction.Change
 0001:00012710       TBasicAction.Create
 0001:00012754       TBasicAction.Destroy
 0001:000127AC       TBasicAction.Execute
 0001:000127A4       TBasicAction.ExecuteTarget
 0001:000127A0       TBasicAction.HandlesTarget
 0001:0001284C       TBasicAction.RegisterChanges
 0001:000127E4       TBasicAction.SetOnExecute
 0001:00012858       TBasicAction.UnRegisterChanges
 0001:000127C8       TBasicAction.Update
 0001:000127A8       TBasicAction.UpdateTarget
 0001:0001266C       TBasicActionLink.AssignClient
 0001:000126A4       TBasicActionLink.Change
 0001:00012628       TBasicActionLink.Create
 0001:00012670       TBasicActionLink.Destroy
 0001:000126BC       TBasicActionLink.Execute
 0001:000126F8       TBasicActionLink.IsOnExecuteLinked
 0001:000126CC       TBasicActionLink.SetAction
 0001:000126FC       TBasicActionLink.SetOnExecute
 0001:00012704       TBasicActionLink.Update
 0001:00019738       TBitmap.Assign
 0001:0001990C       TBitmap.Changed
 0001:000198E8       TBitmap.Changing
 0001:00019828       TBitmap.CopyImage
 0001:00019694       TBitmap.Create
 0001:000196FC       TBitmap.Destroy
 0001:00019D34       TBitmap.DIBNeeded
 0001:00019918       TBitmap.Dormant
 0001:00019934       TBitmap.Draw
 0001:00019DA8       TBitmap.FreeContext
 0001:00019B84       TBitmap.FreeImage
 0001:00019C00       TBitmap.GetCanvas
 0001:00019BE8       TBitmap.GetEmpty
 0001:00019C40       TBitmap.GetHandle
 0001:00019C64       TBitmap.GetHandleType
 0001:00019C90       TBitmap.GetHeight
 0001:00019CA0       TBitmap.GetMaskHandle
 0001:00019CB4       TBitmap.GetMonochrome
 0001:00019CD0       TBitmap.GetPalette
 0001:00019CE4       TBitmap.GetTransparentColor
 0001:00019D2C       TBitmap.GetWidth
 0001:00019DB8       TBitmap.HandleNeeded
 0001:00019EE0       TBitmap.LoadFromClipboardFormat
 0001:00019F64       TBitmap.LoadFromStream
 0001:00019DC8       TBitmap.MaskHandleNeeded
 0001:00019F88       TBitmap.NewImage
 0001:00019E28       TBitmap.PaletteNeeded
 0001:0001A088       TBitmap.ReadData
 0001:0001A0B0       TBitmap.ReadDIB
 0001:0001A5C0       TBitmap.ReadStream
 0001:0001AD24       TBitmap.SaveToClipboardFormat
 0001:0001AD1C       TBitmap.SaveToStream
 0001:0001A630       TBitmap.SetHandle
 0001:0001A6F4       TBitmap.SetHandleType
 0001:0001A82C       TBitmap.SetHeight
 0001:0001A880       TBitmap.SetMonochrome
 0001:0001A900       TBitmap.SetPalette
 0001:0001A9D4       TBitmap.SetTransparentColor
 0001:0001AA24       TBitmap.SetWidth
 0001:0001AA78       TBitmap.WriteData
 0001:0001AA80       TBitmap.WriteStream
 0001:00018A00       TBitmapCanvas.Create
 0001:00018B08       TBitmapCanvas.CreateHandle
 0001:00018A3C       TBitmapCanvas.Destroy
 0001:00018A68       TBitmapCanvas.FreeContext
 0001:00018C18       TBitmapImage.Destroy
 0001:00018C74       TBitmapImage.FreeHandle
 0001:0000D9E0       TBits.Destroy
 0001:0000DA10       TBits.Error
 0001:0000DB04       TBits.GetBit
 0001:0000DB1C       TBits.OpenBit
 0001:0000DAD8       TBits.SetBit
 0001:0000DA34       TBits.SetSize
 0001:000150AC       TBrush.Assign
 0001:00015044       TBrush.Create
 0001:00015084       TBrush.Destroy
 0001:000151E8       TBrush.GetColor
 0001:00015154       TBrush.GetData
 0001:00015224       TBrush.GetHandle
 0001:00015304       TBrush.GetStyle
 0001:000151C4       TBrush.SetBitmap
 0001:000151F0       TBrush.SetColor
 0001:00015174       TBrush.SetData
 0001:0001530C       TBrush.SetStyle
 0001:00022D64       TButton.Click
 0001:00022EEC       TButton.CMDialogChar
 0001:00022E7C       TButton.CMDialogKey
 0001:00022F70       TButton.CMFocusChanged
 0001:00022E68       TButton.CNCommand
 0001:00022D00       TButton.Create
 0001:00022E14       TButton.CreateParams
 0001:00022E50       TButton.CreateWnd
 0001:00022D8C       TButton.SetButtonStyle
 0001:00022DE0       TButton.SetDefault
 0001:00022D88       TButton.UseRightToLeftAlignment
 0001:00022FC4       TButton.WMEraseBkgnd
 0001:00022AFC       TButtonActionLink.AssignClient
 0001:00022B20       TButtonActionLink.IsCheckedLinked
 0001:00022B58       TButtonActionLink.SetChecked
 0001:00022C10       TButtonControl.ActionChange
 0001:00022BBC       TButtonControl.Create
 0001:00022C58       TButtonControl.GetActionLinkClass
 0001:00022C60       TButtonControl.GetChecked
 0001:00022C64       TButtonControl.IsCheckedStored
 0001:00022C84       TButtonControl.SetChecked
 0001:00022C88       TButtonControl.WndProc
 0001:0004BDA8       TButtonGlyph.CalcButtonLayout
 0001:0004B428       TButtonGlyph.Create
 0001:0004B630       TButtonGlyph.CreateButtonGlyph
 0001:0004B4BC       TButtonGlyph.Destroy
 0001:0004C0B8       TButtonGlyph.Draw
 0001:0004BC08       TButtonGlyph.DrawButtonGlyph
 0001:0004BCC4       TButtonGlyph.DrawButtonText
 0001:0004B560       TButtonGlyph.GlyphChanged
 0001:0004B518       TButtonGlyph.Invalidate
 0001:0004B590       TButtonGlyph.SetGlyph
 0001:0004B608       TButtonGlyph.SetNumGlyphs
 0001:00015C3C       TCanvas.BrushChanged
 0001:00015B10       TCanvas.Changed
 0001:00015AFC       TCanvas.Changing
 0001:00015460       TCanvas.CopyRect
 0001:00015340       TCanvas.Create
 0001:00015B80       TCanvas.CreateBrush
 0001:00015B24       TCanvas.CreateFont
 0001:00015A30       TCanvas.CreateHandle
 0001:00015B50       TCanvas.CreatePen
 0001:000159D4       TCanvas.DeselectHandles
 0001:00015404       TCanvas.Destroy
 0001:000154E8       TCanvas.Draw
 0001:00015594       TCanvas.FillRect
 0001:00015BFC       TCanvas.FontChanged
 0001:00015718       TCanvas.GetCanvasOrientation
 0001:000159B4       TCanvas.GetHandle
 0001:000158FC       TCanvas.GetPenPos
 0001:00015940       TCanvas.GetPixel
 0001:000155D0       TCanvas.LineTo
 0001:00015608       TCanvas.Lock
 0001:00015630       TCanvas.MoveTo
 0001:00015C1C       TCanvas.PenChanged
 0001:0001565C       TCanvas.Polyline
 0001:00015694       TCanvas.Rectangle
 0001:00015A88       TCanvas.RequiredState
 0001:000158F0       TCanvas.SetBrush
 0001:000158D4       TCanvas.SetFont
 0001:00015A34       TCanvas.SetHandle
 0001:000158E4       TCanvas.SetPen
 0001:00015920       TCanvas.SetPenPos
 0001:0001596C       TCanvas.SetPixel
 0001:000156DC       TCanvas.StretchDraw
 0001:000157D0       TCanvas.TextExtent
 0001:00015830       TCanvas.TextHeight
 0001:00015744       TCanvas.TextOut
 0001:00015814       TCanvas.TextWidth
 0001:00015850       TCanvas.TryLock
 0001:000158AC       TCanvas.Unlock
 0001:00036710       TChangeLink.Change
 0001:000366DC       TChangeLink.Destroy
 0001:000176B8       TClipboardFormats.Add
 0001:0001760C       TClipboardFormats.Create
 0001:0001768C       TClipboardFormats.Destroy
 0001:0000DD64       TCollection.Add
 0001:0000DD70       TCollection.Clear
 0001:000218CC       TComboBoxStrings.Add
 0001:000219F0       TComboBoxStrings.Clear
 0001:000219D0       TComboBoxStrings.Delete
 0001:000217EC       TComboBoxStrings.Get
 0001:000217D0       TComboBoxStrings.GetCount
 0001:00021830       TComboBoxStrings.GetObject
 0001:00021A94       TComboBoxStrings.IndexOf
 0001:00021950       TComboBoxStrings.Insert
 0001:000218A8       TComboBoxStrings.PutObject
 0001:00021A60       TComboBoxStrings.SetUpdateState
 0001:00011F20       TComponent.BeforeDestruction
 0001:0001243C       TComponent.ChangeName
 0001:00011E4C       TComponent.Create
 0001:000121D4       TComponent.DefineProperties
 0001:00011E98       TComponent.Destroy
 0001:000120A4       TComponent.DestroyComponents
 0001:000120FC       TComponent.Destroying
 0001:00012578       TComponent.ExecuteAction
 0001:00012360       TComponent.FindComponent
 0001:00011F2C       TComponent.FreeNotification
 0001:00012268       TComponent.GetChildOwner
 0001:0001226C       TComponent.GetChildParent
 0001:00012260       TComponent.GetChildren
 0001:00012450       TComponent.GetComponent
 0001:0001247C       TComponent.GetComponentCount
 0001:00012270       TComponent.GetNamePath
 0001:00012284       TComponent.GetOwner
 0001:0001228C       TComponent.GetParentComponent
 0001:0001225C       TComponent.HasParent
 0001:00011FC0       TComponent.Insert
 0001:00012014       TComponent.InsertComponent
 0001:000122AC       TComponent.Loaded
 0001:00012178       TComponent.Notification
 0001:000125E8       TComponent.QueryInterface
 0001:00011F80       TComponent.ReadLeft
 0001:000122B8       TComponent.ReadState
 0001:00011F94       TComponent.ReadTop
 0001:00011FEC       TComponent.Remove
 0001:0001206C       TComponent.RemoveComponent
 0001:0001215C       TComponent.RemoveFreeNotification
 0001:00012138       TComponent.RemoveNotification
 0001:000125C8       TComponent.SafeCallException
 0001:00012288       TComponent.SetChildOrder
 0001:0001248C       TComponent.SetComponentIndex
 0001:000124E0       TComponent.SetDesigning
 0001:000123B0       TComponent.SetName
 0001:00012290       TComponent.SetParentComponent
 0001:00012530       TComponent.SetReference
 0001:000125A0       TComponent.UpdateAction
 0001:000122A0       TComponent.Updated
 0001:000125E0       TComponent.UpdateRegistry
 0001:00012294       TComponent.Updating
 0001:00012348       TComponent.ValidateContainer
 0001:0001235C       TComponent.ValidateInsert
 0001:000122C8       TComponent.ValidateRename
 0001:00011FA8       TComponent.WriteLeft
 0001:000122C0       TComponent.WriteState
 0001:00011FB4       TComponent.WriteTop
 0001:000343A8       TContainedAction.Destroy
 0001:00034514       TContainedAction.Execute
 0001:000343DC       TContainedAction.GetIndex
 0001:000343F8       TContainedAction.GetParentComponent
 0001:00034408       TContainedAction.HasParent
 0001:000343F4       TContainedAction.IsCategoryStored
 0001:00034418       TContainedAction.ReadState
 0001:000344C0       TContainedAction.SetActionList
 0001:00034494       TContainedAction.SetCategory
 0001:0003444C       TContainedAction.SetIndex
 0001:000344E8       TContainedAction.SetParentComponent
 0001:0003456C       TContainedAction.Update
 0001:0002B1F8       TControl.ActionChange
 0001:0002B5B8       TControl.AdjustSize
 0001:0002B3F0       TControl.AssignTo
 0001:00029D14       TControl.BeginAutoDrag
 0001:00029D2C       TControl.BeginDrag
 0001:0002992C       TControl.BringToFront
 0001:0002A6C0       TControl.CalcDockSizes
 0001:0002A4B8       TControl.CanAutoSize
 0001:0002A4BC       TControl.CanResize
 0001:00029354       TControl.Changed
 0001:00029364       TControl.ChangeScale
 0001:0002AB60       TControl.CheckNewSize
 0001:0002A998       TControl.Click
 0001:00029260       TControl.ClientToScreen
 0001:0002AFB4       TControl.CMBiDiModeChanged
 0001:0002AF5C       TControl.CMColorChanged
 0001:0002B07C       TControl.CMDesignHitTest
 0001:0002AF4C       TControl.CMEnabledChanged
 0001:0002B198       TControl.CMFloat
 0001:0002AF54       TControl.CMFontChanged
 0001:0002B640       TControl.CMHintShow
 0001:0002B044       TControl.CMHitTest
 0001:0002B04C       TControl.CMMouseEnter
 0001:0002B064       TControl.CMMouseLeave
 0001:0002AF94       TControl.CMParentBiDiModeChanged
 0001:0002AF64       TControl.CMParentColorChanged
 0001:0002AFF4       TControl.CMParentFontChanged
 0001:0002AFCC       TControl.CMParentShowHintChanged
 0001:0002B024       TControl.CMSysFontChanged
 0001:0002AF24       TControl.CMVisibleChanged
 0001:0002A588       TControl.ConstrainedResize
 0001:000288EC       TControl.Create
 0001:0002B084       TControl.CreateFloatingDockSite
 0001:0002AA04       TControl.DblClick
 0001:00029FE4       TControl.DefaultDockImage
 0001:0002A870       TControl.DefaultHandler
 0001:0002A948       TControl.DefineProperties
 0001:000289BC       TControl.Destroy
 0001:0002B2EC       TControl.DoActionChange
 0001:0002A4EC       TControl.DoCanAutoSize
 0001:0002A558       TControl.DoCanResize
 0001:00028F8C       TControl.Dock
 0001:00029F84       TControl.DockTrackNoTarget
 0001:0002A5B8       TControl.DoConstrainedResize
 0001:0002A4AC       TControl.DoConstraintsChange
 0001:0002B780       TControl.DoContextPopup
 0001:00029098       TControl.DoDock
 0001:0002A134       TControl.DoDragMsg
 0001:00029F98       TControl.DoEndDock
 0001:00029E88       TControl.DoEndDrag
 0001:0002AA5C       TControl.DoMouseDown
 0001:0002AD40       TControl.DoMouseUp
 0001:00029FC4       TControl.DoStartDock
 0001:00029E68       TControl.DoStartDrag
 0001:00029DF0       TControl.DragCanceled
 0001:00029E3C       TControl.DragDrop
 0001:00029DF4       TControl.Dragging
 0001:00029E00       TControl.DragOver
 0001:0002A114       TControl.DrawDragDockImage
 0001:0002B5D4       TControl.DrawTextBiDiModeFlags
 0001:0002B614       TControl.DrawTextBiDiModeFlagsReadingOnly
 0001:0002A124       TControl.EraseDragDockImage
 0001:00029798       TControl.FontChanged
 0001:00028B30       TControl.GetAction
 0001:0002B310       TControl.GetActionLinkClass
 0001:000290F0       TControl.GetBoundsRect
 0001:00029190       TControl.GetClientHeight
 0001:000291D0       TControl.GetClientOrigin
 0001:00029134       TControl.GetClientRect
 0001:0002914C       TControl.GetClientWidth
 0001:00029CC4       TControl.GetControlsAlignment
 0001:000299E0       TControl.GetDeviceContext
 0001:0002B4D4       TControl.GetDockEdge
 0001:00028A74       TControl.GetDragImages
 0001:00028A78       TControl.GetEnabled
 0001:0002B584       TControl.GetFloating
 0001:0002B5B0       TControl.GetFloatingDockSiteClass
 0001:000298F4       TControl.GetMouseCapture
 0001:00028A7C       TControl.GetPalette
 0001:00028A88       TControl.GetParentComponent
 0001:0002AB5C       TControl.GetPopupMenu
 0001:000296E8       TControl.GetText
 0001:0002966C       TControl.GetTextBuf
 0001:0002965C       TControl.GetTextLen
 0001:00029678       TControl.GetUndockHeight
 0001:0002968C       TControl.GetUndockWidth
 0001:00028A80       TControl.HasParent
 0001:0002B630       TControl.InitiateAction
 0001:00029BA0       TControl.Invalidate
 0001:00029B14       TControl.InvalidateControl
 0001:00028BDC       TControl.IsAnchorsStored
 0001:00029804       TControl.IsBiDiModeStored
 0001:0002B318       TControl.IsCaptionStored
 0001:00029890       TControl.IsColorStored
 0001:0002B338       TControl.IsEnabledStored
 0001:000297E4       TControl.IsFontStored
 0001:0002B358       TControl.IsHintStored
 0001:0002B398       TControl.IsOnClickStored
 0001:000297F8       TControl.IsShowHintStored
 0001:0002B378       TControl.IsVisibleStored
 0001:0002B3B8       TControl.Loaded
 0001:0002A224       TControl.ManualDock
 0001:0002A40C       TControl.ManualFloat
 0001:0002AA24       TControl.MouseDown
 0001:0002AC9C       TControl.MouseMove
 0001:0002AD08       TControl.MouseUp
 0001:00028CBC       TControl.Notification
 0001:00028AB4       TControl.PaletteChanged
 0001:0002A68C       TControl.Perform
 0001:00029EB4       TControl.PositionDockRect
 0001:0002A8F8       TControl.ReadIsControl
 0001:00028C28       TControl.ReadState
 0001:00029BC4       TControl.Refresh
 0001:00029BCC       TControl.Repaint
 0001:00028BF8       TControl.RequestAlign
 0001:00028C08       TControl.Resize
 0001:0002928C       TControl.ScreenToClient
 0001:000292B8       TControl.SendCancelMode
 0001:000292E8       TControl.SendDockNotification
 0001:00028B60       TControl.SetAction
 0001:00028D00       TControl.SetAlign
 0001:00028B40       TControl.SetAnchors
 0001:000294A8       TControl.SetAutoSize
 0001:0002977C       TControl.SetBiDiMode
 0001:00028D94       TControl.SetBounds
 0001:00029110       TControl.SetBoundsRect
 0001:000291A8       TControl.SetClientHeight
 0001:0002956C       TControl.SetClientSize
 0001:00029164       TControl.SetClientWidth
 0001:00029874       TControl.SetColor
 0001:000298D8       TControl.SetCursor
 0001:00028BF4       TControl.SetDragMode
 0001:00029644       TControl.SetEnabled
 0001:000297D4       TControl.SetFont
 0001:00028F6C       TControl.SetHeight
 0001:00028F08       TControl.SetLeft
 0001:00029904       TControl.SetMouseCapture
 0001:000294C8       TControl.SetName
 0001:000295B4       TControl.SetParent
 0001:000298B8       TControl.SetParentBiDiMode
 0001:00029898       TControl.SetParentColor
 0001:00028A8C       TControl.SetParentComponent
 0001:0002980C       TControl.SetParentFont
 0001:00029850       TControl.SetParentShowHint
 0001:000296A0       TControl.SetPopupMenu
 0001:0002982C       TControl.SetShowHint
 0001:00029718       TControl.SetText
 0001:000296C4       TControl.SetTextBuf
 0001:00028F28       TControl.SetTop
 0001:00029600       TControl.SetVisible
 0001:00028F4C       TControl.SetWidth
 0001:000299BC       TControl.SetZOrder
 0001:0002993C       TControl.SetZOrderPosition
 0001:00029BB0       TControl.Update
 0001:00028E2C       TControl.UpdateAnchorRules
 0001:0002A730       TControl.UpdateBoundsRect
 0001:00029CE0       TControl.UseRightToLeftAlignment
 0001:00029CC8       TControl.UseRightToLeftReading
 0001:00029CF8       TControl.UseRightToLeftScrollBar
 0001:0002A754       TControl.VisibleChanging
 0001:0002AE34       TControl.WMCancelMode
 0001:0002B66C       TControl.WMContextMenu
 0001:0002AB08       TControl.WMLButtonDblClk
 0001:0002AAA0       TControl.WMLButtonDown
 0001:0002AD7C       TControl.WMLButtonUp
 0001:0002AC74       TControl.WMMButtonDblClk
 0001:0002AC4C       TControl.WMMButtonDown
 0001:0002AE14       TControl.WMMButtonUp
 0001:0002ACCC       TControl.WMMouseMove
 0001:0002AAEC       TControl.WMNCLButtonDown
 0001:0002AC24       TControl.WMRButtonDblClk
 0001:0002ABFC       TControl.WMRButtonDown
 0001:0002ADF4       TControl.WMRButtonUp
 0001:0002AE74       TControl.WMWindowPosChanged
 0001:0002A758       TControl.WndProc
 0001:0002A90C       TControl.WriteIsControl
 0001:00028604       TControlActionLink.AssignClient
 0001:00028620       TControlActionLink.DoShowHint
 0001:00028708       TControlActionLink.IsCaptionLinked
 0001:0002877C       TControlActionLink.IsEnabledLinked
 0001:000287B0       TControlActionLink.IsHintLinked
 0001:00028814       TControlActionLink.IsOnExecuteLinked
 0001:000287E4       TControlActionLink.IsVisibleLinked
 0001:0002883C       TControlActionLink.SetCaption
 0001:0002885C       TControlActionLink.SetEnabled
 0001:0002887C       TControlActionLink.SetHint
 0001:000288C0       TControlActionLink.SetOnExecute
 0001:000288A0       TControlActionLink.SetVisible
 0001:000283A0       TControlCanvas.CreateHandle
 0001:00028374       TControlCanvas.Destroy
 0001:00028448       TControlCanvas.FreeHandle
 0001:0002847C       TControlCanvas.SetControl
 0001:00028494       TControlCanvas.UpdateTextFlags
 0001:0003F490       TControlScrollBar.Assign
 0001:0003F5EC       TControlScrollBar.CalcAutoRange
 0001:0003F4E0       TControlScrollBar.ChangeBiDiPosition
 0001:0003F780       TControlScrollBar.ControlSize
 0001:0003F400       TControlScrollBar.Create
 0001:0003FD20       TControlScrollBar.DoSetRange
 0001:0003F488       TControlScrollBar.IsIncrementStored
 0001:0003FD4C       TControlScrollBar.IsRangeStored
 0001:0003F698       TControlScrollBar.IsScrollBarVisible
 0001:0003F800       TControlScrollBar.NeedsScrollBarVisible
 0001:0003F878       TControlScrollBar.ScrollMessage
 0001:0003FB70       TControlScrollBar.SetButtonSize
 0001:0003FBB4       TControlScrollBar.SetColor
 0001:0003FBD0       TControlScrollBar.SetParentColor
 0001:0003FBE8       TControlScrollBar.SetPosition
 0001:0003FD38       TControlScrollBar.SetRange
 0001:0003FCAC       TControlScrollBar.SetSize
 0001:0003FCF0       TControlScrollBar.SetStyle
 0001:0003FD08       TControlScrollBar.SetThumbSize
 0001:0003FD58       TControlScrollBar.SetVisible
 0001:0003FE6C       TControlScrollBar.Update
 0001:00034A00       TCustomAction.AssignTo
 0001:00034980       TCustomAction.Create
 0001:000349C8       TCustomAction.Destroy
 0001:00034DAC       TCustomAction.DoHint
 0001:00034DCC       TCustomAction.Execute
 0001:00034A7C       TCustomAction.SetCaption
 0001:00034AE4       TCustomAction.SetChecked
 0001:00034B3C       TCustomAction.SetEnabled
 0001:00034B94       TCustomAction.SetHelpContext
 0001:00034BEC       TCustomAction.SetHint
 0001:00034C54       TCustomAction.SetImageIndex
 0001:00034D60       TCustomAction.SetName
 0001:00034CAC       TCustomAction.SetShortCut
 0001:00034D08       TCustomAction.SetVisible
 0001:0003477C       TCustomActionList.AddAction
 0001:000347B8       TCustomActionList.Change
[...]
 0001:0004EB84       TForm2.Edit1KeyPress
 0001:0004EBA4       TForm2.Edit1KeyUp
 0001:0004ECAC       Finalization
 0001:0004ECDC       Unit2
 0001:0004EE64       TForm1.FormCreate
 0001:0004F230       Finalization
 0001:0004F260       Unit1
 0001:0004F268       Finalization
 0001:0004F400       Project1
 0002:00000000       Default8087CW
 0002:00000004       HeapAllocFlags
 0002:00000008       DebugHook
 0002:0000000C       JITEnable
 0002:00000010       NoErrMsg
 0002:00000014       LibModuleList
 0002:00000018       ModuleUnloadList
 0002:0000001C       MemoryManager
 0002:00000028       runErrMsg
 0002:00000048       errCaption
 0002:00000050       dig
 0002:00000060       .
 0002:000000A4       Module
 0002:000000BC       EmptyStr
 0002:000000C0       Win32Platform
 0002:000000C4       Win32MajorVersion
 0002:000000C8       Win32MinorVersion
 0002:000000CC       Win32BuildNumber
 0002:000000D0       Win32CSDVersion
 0002:000000D4       MonthDays
 0002:00000104       LeadBytes
 0002:00000124       HexDisplayPrefix
 0002:00000128       GetDiskFreeSpaceEx
 0002:0000012C       ExitProcList
 0002:00000130       AccessMode
 0002:0000013C       ShareMode
 0002:00000150       FormatErrorStrs
 0002:00000158       FMSecsPerDay
 0002:0000015C       IMSecsPerDay
 0002:00000160       Format
 0002:00000164       DefShortMonthNames
 0002:00000194       DefLongMonthNames
 0002:000001C4       DefShortDayNames
 0002:000001E0       DefLongDayNames
 0002:000001FC       ErrorMap
 0002:00000234       ExceptMap
 0002:000002E4       TerminateProcList
 0002:000002E8       BooleanIdents
 0002:000002F0       DotSep
 0002:000002F4       C10000
 0002:000002F8       FilerSignature
 0002:000002FC       NilMethod
 0002:00000304       ValTtoVarT
 0002:00000354       DefFontData
 0002:00000380       DDBsOnly
 0002:00000384       Colors
 0002:000004D4       FontCharsets
 0002:00000564       DefPenData
 0002:00000574       PenStyles
 0002:00000584       DefBrushData
 0002:00000594       PenModes
 0002:000005B4       ClipboardFormats
 0002:000005B8       FileFormats
 0002:000005BC       BitmapCanvasList
 0002:000005C0       DIBPalSizes
 0002:000005C4       PalSize
 0002:000005C8       Pal16
 0002:00000608       FPrinter
 0002:0000060C       BorderStyles
 0002:00000614       Alignments
 0002:0000061C       WordWraps
 0002:00000620       WordWraps
 0002:00000624       Passwords
 0002:0000062C       ReadOnlys
 0002:00000634       CharCases
 0002:00000640       HideSelections
 0002:00000648       OEMConverts
 0002:00000650       ComboBoxStyles
 0002:00000664       CharCases
 0002:00000670       Sorts
 0002:00000678       ButtonStyles
 0002:00000680       Alignments
 0002:00000690       Alignments
 0002:000006A0       Styles
 0002:000006AC       Sorteds
 0002:000006B4       MultiSelects
 0002:000006BC       ExtendSelects
 0002:000006C4       IntegralHeights
 0002:000006CC       MultiColumns
 0002:000006D4       TabStops
 0002:000006DC       CSHREDRAW
 0002:000006E4       CreationControl
 0002:000006E8       DefaultDockTreeClass
 0002:000006EC       AnchorAlign
 0002:000006F4       Cursors
 0002:000007A4       CaptureControl
 0002:000007A8       ShowFlags
 0002:000007AC       WindowPos
 0002:000007B0       InnerStyles
 0002:000007C0       OuterStyles
 0002:000007D0       EdgeStyles
 0002:000007E0       Ctl3DStyles
 0002:000007E8       OrientArray
 0002:000007F0       MakeLast
 0002:000007F8       TreeStreamEndFlag
 0002:000007FC       SizeCursors
 0002:00000804       IMM32DLL
 0002:00000808       ModeMap
 0002:00000810       Mask
 0002:00000818       DrawingStyles
 0002:00000828       Images
 0002:00000830       ValidMenuHotkeys
 0002:00000834       cMenuAutoFlagToItem
 0002:00000838       cItemAutoFlagToMenu
 0002:0000083C       cBooleanToItemAutoFlag
 0002:00000840       cItemAutoFlagToBoolean
 0002:00000844       MenuKeyCaps
 0002:0000088C       Checks
 0002:00000894       Enables
 0002:0000089C       Breaks
 0002:000008A8       Separators
 0002:000008B0       IBreaks
 0002:000008BC       IChecks
 0002:000008C4       IDefaults
 0002:000008CC       IEnables
 0002:000008D4       IRadios
 0002:000008DC       ISeparators
 0002:000008E4       IRTL
 0002:000008EC       IOwnerDraw
 0002:000008F4       Alignments
 0002:000008FC       EdgeStyle
 0002:00000904       Alignments
 0002:0000090C       Flags
 0002:00000918       Buttons
 0002:0000091C       HintWindowClass
 0002:00000920       FocusMessages
 0002:00000924       FocusCount
 0002:00000928       TaskActiveWindow
 0002:0000092C       TaskFirstWindow
 0002:00000930       TaskFirstTopMost
 0002:00000934       TaskWindowList
 0002:00000938       BlockCode
 0002:0000093C       UtilWindowClass
 0002:00000964       SysConsts
 0002:0000096C       SysConsts
 0002:00000974       Props
 0002:0000099C       Styles
 0002:000009A8       BorderStyles
 0002:000009B0       ShowCommands
 0002:000009BC       ShowCommands
 0002:000009C8       ShowCommands
 0002:000009D4       CursorMap
 0002:00000A28       WindowClass
 0002:00000A50       AppVisible
 0002:00000A54       ShowFlags
 0002:00000A58       BorderStyles
 0002:00000A60       Alignments
 0002:00000A6C       WndProcPtrAtom
 0002:00000A70       Captions
 0002:00000A84       ButtonNames
 0002:00000AB0       ButtonCaptions
 0002:00000ADC       BitBtnCaptions
 0002:00000B08       GlyphCache
 0002:00000B0C       ButtonCount
 0002:00000B10       DownStyles
 0002:00000B18       FillStyles
 0002:00000B20       NewState
 0002:00001000       ExceptProc
 0002:00001004       ErrorProc
 0002:00001008       ExceptClsProc
 0002:0000100C       ExceptObjProc
 0002:00001010       ExceptionClass
 0002:00001014       AssertErrorProc
 0002:00001018       AbstractErrorProc
 0002:0000101C       MainInstance
 0002:00001020       MainThreadID
 0002:00001024       IsLibrary
 0002:00001028       CmdShow
 0002:0000102C       CmdLine
 0002:00001030       InitProc
 0002:00001034       ExitCode
 0002:00001038       ExitProc
 0002:0000103C       ErrorAddr
 0002:00001040       RandSeed
 0002:00001044       IsConsole
 0002:00001045       IsMultiThread
 0002:00001046       FileMode
 0002:00001047       Test8086
 0002:00001048       Test8087
 0002:0000104C       Input
 0002:00001218       Output
 0002:000013E4       ClearAnyProc
 0002:000013E8       ChangeAnyProc
 0002:000013EC       RefAnyProc
 0002:000013F0       Unassigned
 0002:00001400       Null
 0002:00001410       EmptyParam
 0002:00001420       AllocMemCount
 0002:00001424       AllocMemSize
 0002:00001428       .3
 0002:0000142C       initialized
 0002:00001430       heapErrorCode
 0002:00001434       heapLock
 0002:0000144C       blockDescBlockList
 0002:00001450       blockDescFreeList
 0002:00001454       spaceRoot
 0002:00001464       decommittedRoot
 0002:00001474       avail
 0002:00001480       rover
 0002:00001484       remBytes
 0002:00001488       curAlloc
 0002:0000148C       smallTab
 0002:00001490       committedRoot
 0002:000014A0       InitContext
 0002:000014CC       ModuleIsLib
 0002:000014CD       ModuleIsCpp
 0002:000014D0       TlsIndex
 0002:000014D8       HInstance
 0002:000014DC       .1
 0002:000014E0       TlsBuffer
 0002:000014E4       .3
 0002:000014E8       .1
 0002:000014EC       .1
 0002:000014F0       CurrencyString
 0002:000014F4       CurrencyFormat
 0002:000014F5       NegCurrFormat
 0002:000014F6       ThousandSeparator
 0002:000014F7       DecimalSeparator
 0002:000014F8       CurrencyDecimals
 0002:000014F9       DateSeparator
 0002:000014FC       ShortDateFormat
 0002:00001500       LongDateFormat
 0002:00001504       TimeSeparator
 0002:00001508       TimeAMString
 0002:0000150C       TimePMString
 0002:00001510       ShortTimeFormat
 0002:00001514       LongTimeFormat
 0002:00001518       ShortMonthNames
 0002:00001548       LongMonthNames
 0002:00001578       ShortDayNames
 0002:00001594       LongDayNames
 0002:000015B0       SysLocale
 0002:000015BC       EraNames
 0002:000015D8       EraYearOffsets
 0002:000015F4       ListSeparator
 0002:000015F8       .44
 0002:000015FC       OutOfMemory
 0002:00001600       InvalidPointer
 0002:00001604       FLanguages
 0002:00001608       .3
 0002:0000160C       .1
 0002:00001610       .5
 0002:00001614       GlobalNameSpace
 0002:00001618       FindGlobalComponent
 0002:0000161C       .84
 0002:00001620       ClassList
 0002:00001624       ClassAliasList
 0002:00001628       IntConstList
 0002:0000162C       GlobalFixupList
 0002:00001630       ThreadLock
 0002:00001648       ThreadWindow
 0002:0000164C       SystemPalette16
 0002:00001650       .81
 0002:00001654       ScreenLogPixels
 0002:00001658       StockPen
 0002:0000165C       StockBrush
 0002:00001660       StockFont
 0002:00001664       StockIcon
 0002:00001668       BitmapImageLock
 0002:00001680       CounterLock
 0002:00001698       FontManager
 0002:0000169C       PenManager
 0002:000016A0       BrushManager
 0002:000016A4       CanvasList
 0002:000016A8       PatternManager
 0002:000016AC       .9
 0002:000016B0       .1
 0002:000016B4       GetSystemMetrics
 0002:000016B8       MonitorFromWindow
 0002:000016BC       MonitorFromRect
 0002:000016C0       MonitorFromPoint
 0002:000016C4       GetMonitorInfoA
 0002:000016C8       GetMonitorInfoW
 0002:000016CC       GetMonitorInfo
 0002:000016D0       EnumDisplayMonitors
 0002:000016D4       .1
 0002:000016D8       User32Dll
 0002:000016DC       InitApis
 0002:000016E4       MMAvailable
 0002:000016E8       .1
 0002:000016EC       .2
 0002:000016F0       .3
 0002:000016F4       .3
 0002:000016F8       FlatSB_EnableScrollBar
 0002:000016FC       FlatSB_ShowScrollBar
 0002:00001700       FlatSB_GetScrollRange
 0002:00001704       FlatSB_GetScrollInfo
 0002:00001708       FlatSB_GetScrollPos
 0002:0000170C       FlatSB_SetScrollPos
 0002:00001710       FlatSB_SetScrollInfo
 0002:00001714       FlatSB_SetScrollRange
 0002:00001718       .1
 0002:0000171C       _FlatSB_GetScrollProp
 0002:00001720       _FlatSB_SetScrollProp
 0002:00001724       _InitializeFlatSB
 0002:00001728       _UninitializeFlatSB
 0002:0000172C       .22
 0002:00001730       CF_PICTURE
 0002:00001732       CF_COMPONENT
 0002:00001734       .2
 0002:00001738       FClipboard
 0002:0000173C       .02
 0002:00001740       Mouse
 0002:00001744       NewStyleControls
 0002:00001748       .22
 0002:0000174C       WindowAtom
 0002:0000174E       ControlAtom
 0002:00001750       DragControl
 0002:00001754       DragObject
 0002:00001758       DragFreeObject
 0002:0000175C       DragCapture
 0002:00001760       DragStartPos
 0002:00001768       DragSaveCursor
 0002:0000176C       DragThreshold
 0002:00001770       ActiveDrag
 0002:00001774       DragImageList
 0002:00001778       DockSiteList
 0002:0000177C       QualifyingSites
 0002:00001780       CanvasList
 0002:00001784       _WINNLSEnableIME
 0002:00001788       _ImmGetContext
 0002:0000178C       _ImmReleaseContext
 0002:00001790       _ImmGetConversionStatus
 0002:00001794       _ImmSetConversionStatus
 0002:00001798       _ImmSetOpenStatus
 0002:0000179C       _ImmSetCompositionWindow
 0002:000017A0       _ImmSetCompositionFont
 0002:000017A4       _ImmGetCompositionString
 0002:000017A8       _ImmIsIME
 0002:000017AC       _ImmNotifyIME
 0002:000017B0       .7
 0002:000017B4       .3
 0002:000017B8       PopupList
 0002:000017BC       ShortCutItems
 0002:000017C0       .9
 0002:000017C4       CommandPool
 0002:000017C8       Application
 0002:000017CC       Screen
 0002:000017D0       .51
 0002:000017D4       InstBlockList
 0002:000017D8       InstFreeList
 0002:000017DC       HintThreadID
 0002:000017E0       HintDoneEvent
 0002:000017E4       HintHook
 0002:000017E8       HintThread
 0002:000017EC       .1
 0002:000017F0       .1
 0002:000017F4       .1
 0002:000017F8       .1
 0002:000017FC       .1
 0002:00001800       .1
 0002:00001804       .61
 0002:00001808       .1
 0002:0000180C       .01
 0002:00001810       HelpMsg
 0002:00001814       FindMsg
 0002:00001818       Cardauswahl
 0002:0000181C       .1
 0002:00001820       .3
 0002:00001824       BitBtnGlyphs
 0002:00001850       Form6
 0002:00001854       .2
 0002:00001858       Form5
 0002:0000185C       .2
 0002:00001860       Form4
 0002:00001864       .2
 0002:00001868       Form3
 0002:0000186C       .2
 0002:00001870       Form2
 0002:00001874       WriteMilBusTimeOutC
 0002:00001878       ReadMilBusTimeOutC
 0002:0000187C       VerifyFailtC
 0002:00001880       FID
 0002:00001884       LoopCounter
 0002:00001888       SendCounter
 0002:0000188C       IFKAdress
 0002:00001890       SendData
 0002:00001894       FktRead
 0002:00001895       FktWrite
 0002:00001898       IFKOnline
 0002:0000189C       IFKCount
 0002:000018A0       IFKOnlineIndex
 0002:000018A4       .2
 0002:000018A8       Form1
 0002:000018AC       .2


Line numbers for SysConst(sysconst.pas) segment .text

   121 0001:00005D24   121 0001:00005D2B

Line numbers for Consts(Consts.pas) segment .text

   351 0001:0000B398   351 0001:0000B39F

Line numbers for UnitMil(UnitMil.pas) segment .text

   131 0001:0004A9CC   133 0001:0004A9D4   137 0001:0004A9DC   142 0001:0004A9E4
   147 0001:0004A9EC   150 0001:0004A9F4   155 0001:0004A9FC   158 0001:0004AA04
   174 0001:0004AA0C   177 0001:0004AA14   234 0001:0004AA1C   309 0001:0004AA24
   310 0001:0004AA44   311 0001:0004AA49   312 0001:0004AA50   317 0001:0004AA55
   318 0001:0004AA6C   319 0001:0004AA70   320 0001:0004AA75   326 0001:0004AA91
   315 0001:0004AA92   328 0001:0004AAB7   347 0001:0004AAEC   347 0001:0004AAF3

Line numbers for Unit6(Unit6.pas) segment .text

    34 0001:0004CE84    35 0001:0004CE8E    37 0001:0004CEC0    37 0001:0004CEC7

Line numbers for Unit5(Unit5.pas) segment .text

    44 0001:0004D14C    45 0001:0004D156    65 0001:0004D158    73 0001:0004D15C
    74 0001:0004D17B    75 0001:0004D180    78 0001:0004D186    80 0001:0004D19A
    81 0001:0004D1A8    83 0001:0004D1E6    86 0001:0004D1FE    87 0001:0004D23C
    94 0001:0004D270    95 0001:0004D271    98 0001:0004D276   100 0001:0004D28A
   101 0001:0004D2AB   108 0001:0004D2B0   109 0001:0004D2B1   112 0001:0004D2B6
   114 0001:0004D2CA   115 0001:0004D2EB   124 0001:0004D2F0   125 0001:0004D309
   126 0001:0004D30F   129 0001:0004D314   131 0001:0004D328   132 0001:0004D344
   133 0001:0004D385   138 0001:0004D38C   140 0001:0004D38D   142 0001:0004D3A1
   143 0001:0004D3B5   144 0001:0004D3C9   145 0001:0004D3DD   146 0001:0004D3F1
   148 0001:0004D424   148 0001:0004D42B

Line numbers for Unit4(Unit4.pas) segment .text

    42 0001:0004D678    43 0001:0004D682    50 0001:0004D684    65 0001:0004D699
    66 0001:0004D6C1    67 0001:0004D70B    72 0001:0004D710    74 0001:0004D713
    77 0001:0004D727    78 0001:0004D72C    80 0001:0004D72F    84 0001:0004D734
    85 0001:0004D74E    86 0001:0004D767    87 0001:0004D775    89 0001:0004D7B7
    90 0001:0004D7CB    93 0001:0004D810    97 0001:0004D858    99 0001:0004D85B
   102 0001:0004D86F   103 0001:0004D874   105 0001:0004D877   109 0001:0004D87C
   110 0001:0004D896   111 0001:0004D8AF   112 0001:0004D8BD   114 0001:0004D8FF
   115 0001:0004D913   118 0001:0004D958   124 0001:0004D9A0   127 0001:0004D9B4
   128 0001:0004D9C9   129 0001:0004D9DE   130 0001:0004D9E6   131 0001:0004D9EE
   133 0001:0004DA38   133 0001:0004DA3F

Line numbers for Unit3(Unit3.pas) segment .text

    39 0001:0004DC7C    40 0001:0004DC86    46 0001:0004DC88    61 0001:0004DCA1
    62 0001:0004DCC0    63 0001:0004DCD3    65 0001:0004DCE8    66 0001:0004DCFB
    67 0001:0004DD10    68 0001:0004DD42    73 0001:0004DD48    75 0001:0004DD67
    78 0001:0004DD7B    81 0001:0004DD87    83 0001:0004DD97    84 0001:0004DDAA
    85 0001:0004DDBF    87 0001:0004DDDE    88 0001:0004DDF1    89 0001:0004DE06
    90 0001:0004DE15    93 0001:0004DE1E    94 0001:0004DE2C    96 0001:0004DE6B
    98 0001:0004DEAD   102 0001:0004DEE0   103 0001:0004DEF8   104 0001:0004DF0C
   106 0001:0004DF24   107 0001:0004DF32   109 0001:0004DF74   111 0001:0004DFB1
   113 0001:0004E00C   113 0001:0004E013

Line numbers for Unit2(Unit2.pas) segment .text

    97 0001:0004E49C    98 0001:0004E4BD    99 0001:0004E4C2   100 0001:0004E4C8
   103 0001:0004E4CB   104 0001:0004E4E2   106 0001:0004E4FA   110 0001:0004E501
   111 0001:0004E522   112 0001:0004E529   113 0001:0004E54D   116 0001:0004E553
   117 0001:0004E559   118 0001:0004E55F   119 0001:0004E59C   123 0001:0004E59F
   124 0001:0004E5A5   128 0001:0004E5E2   129 0001:0004E5E8   130 0001:0004E5EE
   131 0001:0004E62B   132 0001:0004E630   134 0001:0004E636   135 0001:0004E6A4
   136 0001:0004E6AA   140 0001:0004E6AD   143 0001:0004E6B3   145 0001:0004E6E1
   146 0001:0004E701   147 0001:0004E721   148 0001:0004E741   149 0001:0004E761
   150 0001:0004E76E   152 0001:0004E79C   158 0001:0004E804   160 0001:0004E80D
   161 0001:0004E814   162 0001:0004E82E   159 0001:0004E83D   165 0001:0004E84E
   170 0001:0004E854   171 0001:0004E86C   172 0001:0004E878   177 0001:0004E87C
   178 0001:0004E894   179 0001:0004E8A0   184 0001:0004E8A4   185 0001:0004E8BC
   186 0001:0004E8C8   192 0001:0004E8CC   193 0001:0004E8D6   194 0001:0004E8E2
   201 0001:0004E8E4   216 0001:0004E8FC   218 0001:0004E90D   221 0001:0004E914
   222 0001:0004E91B   223 0001:0004E922   224 0001:0004E929   225 0001:0004E933
   228 0001:0004E93A   231 0001:0004E950   234 0001:0004E95F   235 0001:0004E96D
   236 0001:0004E999   238 0001:0004E9AF   239 0001:0004E9C2   241 0001:0004E9F0
   246 0001:0004EA24   247 0001:0004EA3C   248 0001:0004EA48   254 0001:0004EA4C
   257 0001:0004EA5E   258 0001:0004EA68   259 0001:0004EA74   266 0001:0004EA78
   269 0001:0004EA8A   272 0001:0004EA98   273 0001:0004EAA4   280 0001:0004EAA8
   282 0001:0004EAA9   284 0001:0004EABB   285 0001:0004EAC2   291 0001:0004EAC4
   292 0001:0004EAC9   299 0001:0004EACC   300 0001:0004EACD   301 0001:0004EADE
   306 0001:0004EAE0   308 0001:0004EAE6   311 0001:0004EAF5   312 0001:0004EB07
   313 0001:0004EB19   314 0001:0004EB2B   316 0001:0004EB3D   317 0001:0004EB44
   318 0001:0004EB4B   319 0001:0004EB52   320 0001:0004EB59   322 0001:0004EB60
   325 0001:0004EB73   329 0001:0004EB84   331 0001:0004EB87   333 0001:0004EB99
   334 0001:0004EB9E   336 0001:0004EBA1   340 0001:0004EBA4   341 0001:0004EBBE
   342 0001:0004EBD7   343 0001:0004EBE5   345 0001:0004EC24   348 0001:0004EC69
   350 0001:0004ECDC   350 0001:0004ECE3

Line numbers for Unit1(Unit1.pas) segment .text

    41 0001:0004EE64    42 0001:0004EE85    43 0001:0004EE8E    44 0001:0004EE9C
    46 0001:0004EEAB    47 0001:0004EEBC    50 0001:0004EEF6    53 0001:0004EF2B
    55 0001:0004EF39    56 0001:0004EF43    59 0001:0004EF4D    62 0001:0004EF54
    63 0001:0004EF58    64 0001:0004EF70    67 0001:0004EF7A    68 0001:0004EF83
    70 0001:0004EF8B    71 0001:0004EFA0    73 0001:0004EFAA    74 0001:0004EFBA
    75 0001:0004EFBE    76 0001:0004EFCB    77 0001:0004EFD3    78 0001:0004EFE8
    76 0001:0004EFE9    79 0001:0004EFEC    80 0001:0004F009    82 0001:0004F018
    83 0001:0004F024    84 0001:0004F03C    85 0001:0004F048    88 0001:0004F059
    89 0001:0004F06E    90 0001:0004F078    91 0001:0004F087    92 0001:0004F092
    93 0001:0004F096    94 0001:0004F0AB    96 0001:0004F0B7    97 0001:0004F0CC
    98 0001:0004F0D6    99 0001:0004F0E0   100 0001:0004F0F8   101 0001:0004F104
   102 0001:0004F110   103 0001:0004F11C   105 0001:0004F11E    90 0001:0004F11F
   106 0001:0004F126   107 0001:0004F12A   108 0001:0004F142   111 0001:0004F171
   112 0001:0004F260   112 0001:0004F267

Line numbers for Project1(F:\WindDriverMaster\EchoTestII\Project1.dpr) segment .text

    14 0001:0004F400    15 0001:0004F410    16 0001:0004F41C    18 0001:0004F434

Bound resource files

f:\programme\borland\delphi5\Lib\CONTROLS.RES
f:\programme\borland\delphi5\Lib\BUTTONS.RES
Unit6.DFM
Unit5.DFM
Unit4.DFM
Unit3.DFM
Unit2.DFM
Unit1.DFM
Project1.RES
Project1.drf


Program entry point at 0001:0004F400
