
 Start         Length     Name                   Class
 0001:00000000 0004B3C8H .text                   CODE
 0002:00000000 00000DECH .data                   DATA
 0002:00000DEC 00000839H .bss                    BSS


Detailed map of segments

 0001:00000000 000051CC C=CODE     S=.text    G=(none)   M=System   ACBP=A9
 0001:000051CC 00000174 C=CODE     S=.text    G=(none)   M=SysInit  ACBP=A9
 0001:00005340 00000A8C C=CODE     S=.text    G=(none)   M=Windows  ACBP=A9
 0001:00005DCC 00000038 C=CODE     S=.text    G=(none)   M=Messages ACBP=A9
 0001:00005E04 000002C8 C=CODE     S=.text    G=(none)   M=SysConst ACBP=A9
 0001:000060CC 0000403C C=CODE     S=.text    G=(none)   M=SysUtils ACBP=A9
 0001:0000A108 00000040 C=CODE     S=.text    G=(none)   M=ActiveX  ACBP=A9
 0001:0000A148 00000340 C=CODE     S=.text    G=(none)   M=Consts   ACBP=A9
 0001:0000A488 00000540 C=CODE     S=.text    G=(none)   M=TypInfo  ACBP=A9
 0001:0000A9C8 000075FB C=CODE     S=.text    G=(none)   M=Classes  ACBP=A9
 0001:00011FC4 0000894F C=CODE     S=.text    G=(none)   M=Graphics ACBP=A9
 0001:0001A914 000001C4 C=CODE     S=.text    G=(none)   M=Contnrs  ACBP=A9
 0001:0001AAD8 000000F4 C=CODE     S=.text    G=(none)   M=Commctrl ACBP=A9
 0001:0001ABCC 00000793 C=CODE     S=.text    G=(none)   M=MultiMon ACBP=A9
 0001:0001B360 00000038 C=CODE     S=.text    G=(none)   M=Imm      ACBP=A9
 0001:0001B398 00000040 C=CODE     S=.text    G=(none)   M=Math     ACBP=A9
 0001:0001B3D8 00000038 C=CODE     S=.text    G=(none)   M=WinSpool ACBP=A9
 0001:0001B410 00000044 C=CODE     S=.text    G=(none)   M=Printers ACBP=A9
 0001:0001B454 0000031F C=CODE     S=.text    G=(none)   M=FlatSB   ACBP=A9
 0001:0001B774 00007704 C=CODE     S=.text    G=(none)   M=StdCtrls ACBP=A9
 0001:00022E78 00000094 C=CODE     S=.text    G=(none)   M=Clipbrd  ACBP=A9
 0001:00022F0C 0000015C C=CODE     S=.text    G=(none)   M=StdActns ACBP=A9
 0001:00023068 0000F2D8 C=CODE     S=.text    G=(none)   M=Controls ACBP=A9
 0001:00032340 00000E28 C=CODE     S=.text    G=(none)   M=ActnList ACBP=A9
 0001:00033168 00001490 C=CODE     S=.text    G=(none)   M=ImgList  ACBP=A9
 0001:000345F8 000061D7 C=CODE     S=.text    G=(none)   M=Menus    ACBP=A9
 0001:0003A7D0 0000C0C3 C=CODE     S=.text    G=(none)   M=Forms    ACBP=A9
 0001:00046894 0000018C C=CODE     S=.text    G=(none)   M=UnitMil  ACBP=A9
 0001:00046A20 00000038 C=CODE     S=.text    G=(none)   M=ShellAPI ACBP=A9
 0001:00046A58 00000038 C=CODE     S=.text    G=(none)   M=RegStr   ACBP=A9
 0001:00046A90 00000038 C=CODE     S=.text    G=(none)   M=WinInet  ACBP=A9
 0001:00046AC8 00000038 C=CODE     S=.text    G=(none)   M=UrlMon   ACBP=A9
 0001:00046B00 00000038 C=CODE     S=.text    G=(none)   M=ShlObj   ACBP=A9
 0001:00046B38 00000038 C=CODE     S=.text    G=(none)   M=CommDlg  ACBP=A9
 0001:00046B70 00001F30 C=CODE     S=.text    G=(none)   M=ExtCtrls ACBP=A9
 0001:00048AA0 00000038 C=CODE     S=.text    G=(none)   M=Dlgs     ACBP=A9
 0001:00048AD8 0000026D C=CODE     S=.text    G=(none)   M=Dialogs  ACBP=A9
 0001:00048D48 00000218 C=CODE     S=.text    G=(none)   M=Info     ACBP=A9
 0001:00048F60 00001D70 C=CODE     S=.text    G=(none)   M=MilMag   ACBP=A9
 0001:0004ACD0 00000500 C=CODE     S=.text    G=(none)   M=Unit_PCICardSearch ACBP=A9
 0001:0004B1D0 000001F8 C=CODE     S=.text    G=(none)   M=Project1 ACBP=A9
 0002:00000000 000000A2 C=DATA     S=.data    G=DGROUP   M=System   ACBP=A9
 0002:000000A4 00000018 C=DATA     S=.data    G=DGROUP   M=SysInit  ACBP=A9
 0002:000000BC 000001F0 C=DATA     S=.data    G=DGROUP   M=SysUtils ACBP=A9
 0002:000002AC 00000010 C=DATA     S=.data    G=DGROUP   M=TypInfo  ACBP=A9
 0002:000002BC 0000005C C=DATA     S=.data    G=DGROUP   M=Classes  ACBP=A9
 0002:00000318 000002B4 C=DATA     S=.data    G=DGROUP   M=Graphics ACBP=A9
 0002:000005CC 00000004 C=DATA     S=.data    G=DGROUP   M=Printers ACBP=A9
 0002:000005D0 000000B8 C=DATA     S=.data    G=DGROUP   M=StdCtrls ACBP=A9
 0002:00000688 0000012C C=DATA     S=.data    G=DGROUP   M=Controls ACBP=A9
 0002:000007B4 00000020 C=DATA     S=.data    G=DGROUP   M=ImgList  ACBP=A9
 0002:000007D4 000000EC C=DATA     S=.data    G=DGROUP   M=Menus    ACBP=A9
 0002:000008C0 0000013C C=DATA     S=.data    G=DGROUP   M=Forms    ACBP=A9
 0002:000009FC 00000014 C=DATA     S=.data    G=DGROUP   M=ExtCtrls ACBP=A9
 0002:00000A10 00000070 C=DATA     S=.data    G=DGROUP   M=Dialogs  ACBP=A9
 0002:00001000 000004CC C=BSS      S=.bss     G=DGROUP   M=System   ACBP=A9
 0002:000014CC 00000018 C=BSS      S=.bss     G=DGROUP   M=SysInit  ACBP=A9
 0002:000014E4 00000004 C=BSS      S=.bss     G=DGROUP   M=Windows  ACBP=A9
 0002:000014E8 00000004 C=BSS      S=.bss     G=DGROUP   M=Messages ACBP=A9
 0002:000014EC 00000004 C=BSS      S=.bss     G=DGROUP   M=SysConst ACBP=A9
 0002:000014F0 00000118 C=BSS      S=.bss     G=DGROUP   M=SysUtils ACBP=A9
 0002:00001608 00000004 C=BSS      S=.bss     G=DGROUP   M=ActiveX  ACBP=A9
 0002:0000160C 00000004 C=BSS      S=.bss     G=DGROUP   M=Consts   ACBP=A9
 0002:00001610 00000004 C=BSS      S=.bss     G=DGROUP   M=TypInfo  ACBP=A9
 0002:00001614 00000038 C=BSS      S=.bss     G=DGROUP   M=Classes  ACBP=A9
 0002:0000164C 00000060 C=BSS      S=.bss     G=DGROUP   M=Graphics ACBP=A9
 0002:000016AC 00000004 C=BSS      S=.bss     G=DGROUP   M=Contnrs  ACBP=A9
 0002:000016B0 00000004 C=BSS      S=.bss     G=DGROUP   M=Commctrl ACBP=A9
 0002:000016B4 00000031 C=BSS      S=.bss     G=DGROUP   M=MultiMon ACBP=A9
 0002:000016E8 00000004 C=BSS      S=.bss     G=DGROUP   M=Imm      ACBP=A9
 0002:000016EC 00000004 C=BSS      S=.bss     G=DGROUP   M=Math     ACBP=A9
 0002:000016F0 00000004 C=BSS      S=.bss     G=DGROUP   M=WinSpool ACBP=A9
 0002:000016F4 00000004 C=BSS      S=.bss     G=DGROUP   M=Printers ACBP=A9
 0002:000016F8 00000034 C=BSS      S=.bss     G=DGROUP   M=FlatSB   ACBP=A9
 0002:0000172C 00000004 C=BSS      S=.bss     G=DGROUP   M=StdCtrls ACBP=A9
 0002:00001730 0000000C C=BSS      S=.bss     G=DGROUP   M=Clipbrd  ACBP=A9
 0002:0000173C 00000004 C=BSS      S=.bss     G=DGROUP   M=StdActns ACBP=A9
 0002:00001740 00000070 C=BSS      S=.bss     G=DGROUP   M=Controls ACBP=A9
 0002:000017B0 00000004 C=BSS      S=.bss     G=DGROUP   M=ActnList ACBP=A9
 0002:000017B4 00000004 C=BSS      S=.bss     G=DGROUP   M=ImgList  ACBP=A9
 0002:000017B8 00000010 C=BSS      S=.bss     G=DGROUP   M=Menus    ACBP=A9
 0002:000017C8 00000024 C=BSS      S=.bss     G=DGROUP   M=Forms    ACBP=A9
 0002:000017EC 00000008 C=BSS      S=.bss     G=DGROUP   M=UnitMil  ACBP=A9
 0002:000017F4 00000004 C=BSS      S=.bss     G=DGROUP   M=ShellAPI ACBP=A9
 0002:000017F8 00000004 C=BSS      S=.bss     G=DGROUP   M=RegStr   ACBP=A9
 0002:000017FC 00000004 C=BSS      S=.bss     G=DGROUP   M=WinInet  ACBP=A9
 0002:00001800 00000004 C=BSS      S=.bss     G=DGROUP   M=UrlMon   ACBP=A9
 0002:00001804 00000004 C=BSS      S=.bss     G=DGROUP   M=ShlObj   ACBP=A9
 0002:00001808 00000004 C=BSS      S=.bss     G=DGROUP   M=CommDlg  ACBP=A9
 0002:0000180C 00000004 C=BSS      S=.bss     G=DGROUP   M=ExtCtrls ACBP=A9
 0002:00001810 00000004 C=BSS      S=.bss     G=DGROUP   M=Dlgs     ACBP=A9
 0002:00001814 0000000C C=BSS      S=.bss     G=DGROUP   M=Dialogs  ACBP=A9
 0002:00001820 00000008 C=BSS      S=.bss     G=DGROUP   M=Info     ACBP=A9
 0002:00001828 00000008 C=BSS      S=.bss     G=DGROUP   M=MilMag   ACBP=A9
 0002:00001830 00000008 C=BSS      S=.bss     G=DGROUP   M=Unit_PCICardSearch ACBP=A9


  Address         Publics by Name

 0001:000042C0       .
 0001:00004768       .
 0001:000045A0       .
 0001:00009680       .
 0002:00000060       .
 0002:00001814       .01
 0002:0000173C       .02
 0002:00001804       .1
 0002:00001808       .1
 0002:000016E8       .1
 0002:000016D4       .1
 0002:000014EC       .1
 0002:0000160C       .1
 0002:000016B0       .1
 0002:000017F0       .1
 0002:00001810       .1
 0002:00001718       .1
 0002:000017F8       .1
 0002:00001800       .1
 0002:000014DC       .1
 0002:000017F4       .1
 0002:000017FC       .1
 0002:000014E8       .1
 0002:00001834       .2
 0002:000016EC       .2
 0002:00001734       .2
 0002:0000182C       .2
 0002:00001824       .2
 0002:0000172C       .22
 0002:00001748       .22
 0002:000017B4       .3
 0002:00001428       .3
 0002:000014E4       .3
 0002:00001608       .3
 0002:000016F0       .3
 0002:000016F4       .3
 0002:000015F8       .44
 0002:00001610       .5
 0002:000017D0       .51
 0002:0000180C       .61
 0002:000017B0       .7
 0002:00001650       .81
 0002:0000161C       .84
 0002:000016AC       .9
 0002:000017C0       .9
 0001:00001848       @AbstractError
 0001:00001FC8       @AfterConstruction
 0001:000045E9       @Append
 0001:00001E00       @AsClass
 0001:000044C2       @Assign
 0001:00001918       @AStrCmp
 0001:00001FD0       @BeforeDestruction
 0001:00001E4C       @CallDynaInst
 0001:00001F70       @ClassCreate
 0001:00001FC0       @ClassDestroy
 0001:00004564       @Close
 0001:00003368       @CopyArray
 0001:0000324C       @CopyRecord
 0001:00003470       @Dispose
 0001:00002438       @DoneExcept
 0001:00003BF0       @DynArrayAsg
 0001:00003BB4       @DynArrayClear
 0001:000039F4       @DynArrayHigh
 0001:000039EC       @DynArrayLength
 0001:00003BA8       @DynArraySetLength
 0001:0000252C       @ExceptionHandler
 0001:00001988       @FillChar
 0001:00003240       @Finalize
 0001:00003158       @FinalizeArray
 0001:0000312C       @FinalizeRecord
 0001:00001E64       @FindDynaInst
 0001:0000453D       @Flush
 0001:00001BAC       @FpuInit
 0001:00001AE8       @FpuMaskInit
 0001:000016FC       @FreeMem
 0001:000016E4       @GetMem
 0001:00005244       @GetTls
 0001:000028E0       @Halt
 0001:000027C0       @Halt0
 0001:000020DC       @HandleAnyException
 0001:00002390       @HandleFinally
 0001:00002208       @HandleOnException
 0001:000052D4       @InitExe
 0001:00003120       @Initialize
 0001:0000308C       @InitializeArray
 0001:00003060       @InitializeRecord
 0001:0000271C       @InitImports
 0001:00002700       @InitResStringImports
 0001:0000421C       @IntfAddRef
 0001:000041E8       @IntfClear
 0001:00004200       @IntfCopy
 0001:00001DE8       @IsClass
 0001:00001AB8       @isNECWindows
 0001:00002D2C       @LStrAddRef
 0001:0000291C       @LStrArrayClr
 0001:0000294C       @LStrAsg
 0001:00002B80       @LStrCat
 0001:00002BC4       @LStrCat3
 0001:00002C38       @LStrCatN
 0001:000028F8       @LStrClr
 0001:00002C88       @LStrCmp
 0001:00002D80       @LStrCopy
 0001:00002DC0       @LStrDelete
 0001:00002B28       @LStrFromArray
 0001:00002AA0       @LStrFromChar
 0001:00002AB0       @LStrFromPChar
 0001:000029E0       @LStrFromPCharLen
 0001:00002AE0       @LStrFromPWChar
 0001:00002A10       @LStrFromPWCharLen
 0001:00002B1C       @LStrFromString
 0001:00002B40       @LStrFromWStr
 0001:00002E08       @LStrInsert
 0001:00002990       @LStrLAsg
 0001:00002B78       @LStrLen
 0001:00002E64       @LStrSetLength
 0001:00002D3C       @LStrToPChar
 0001:00002B54       @LStrToString
 0001:0000345C       @New
 0001:000029BC       @NewAnsiString
 0001:00003004       @NewWideString
 0001:00004B10       @Pow10
 0001:00001894       @PStrCmp
 0001:00001864       @PStrNCpy
 0001:000023E4       @RaiseAgain
 0001:000023C8       @RaiseExcept
 0001:00001714       @ReallocMem
 0001:000045DB       @ResetText
 0001:000045E2       @RewritText
 0001:0000183C       @ROUND
 0001:000028EC       @RunError
 0001:000026D0       @StartExe
 0001:00004788       @Str0Ext
 0001:00004794       @Str1Ext
 0001:0000479B       @Str2Ext
 0001:00002468       @TryFinallyExit
 0001:00004A0C       @ValExt
 0001:000019A8       @ValLong
 0001:000039C8       @VarAddRef
 0001:0000381C       @VarCast
 0001:000035C4       @VarClear
 0001:000039C0       @VarClr
 0001:00003608       @VarCopy
 0001:0000394C       @VarFromLStr
 0001:0000398C       @VarFromWStr
 0001:00003910       @VarToLStr
 0001:000046CF       @Write0Char
 0001:00004738       @Write0CString
 0001:00004694       @Write0String
 0001:000045F0       @WriteBytes
 0001:00004721       @WriteChar
 0001:0000473C       @WriteCString
 0001:000046BB       @WriteLn
 0001:0000465B       @WriteSpaces
 0001:0000469E       @WriteString
 0001:00002EF8       @WStrArrayClr
 0001:00002F1C       @WStrAsg
 0001:00002EE0       @WStrClr
 0001:00002FE8       @WStrFromLStr
 0001:00002F40       @WStrFromPCharLen
 0001:00002FC4       @WStrFromPWCharLen
 0001:00002FF8       @WStrLen
 0001:0000301C       @WStrSetLength
 0001:00001A8C       @_CLenToPasStr
 0001:00001A74       @_CToPasStr
 0001:00004518       @_Flush
 0001:000017B4       @_IOTest
 0001:00004E2A       @_lldiv
 0001:00004EA2       @_lldivo
 0001:00004F1D       @_llmod
 0001:00004F97       @_llmodo
 0001:00004DE4       @_llmul
 0001:00004E07       @_llmulo
 0001:00005017       @_llshl
 0001:00004ED4       @_lludiv
 0001:00004FC9       @_llumod
 0001:0000504F       @_llushr
 0001:00025574       AbsMin
 0001:000084E0       AbstractErrorHandler
 0002:00001018       AbstractErrorProc
 0002:00000100       AccessMode
 0001:00005710       ActivateKeyboardLayout
 0002:00001770       ActiveDrag
 0001:0000A140       ActiveX
 0001:00033160       ActnList
 0001:0000041C       AddBlockAfter
 0001:00006C78       AddExitProc
 0001:0000E8C0       AddFinished
 0001:000360FC       AddIn
 0001:00004024       AddModuleUnloadProc
 0001:00004034       AddModuleUnloadProc
 0001:0000E8F8       AddNotFinished
 0001:0001583C       AdjustColor
 0001:00048678       AdjustColors
 0001:0003D59C       Adjustment
 0001:00005718       AdjustWindowRectEx
 0002:00000898       Alignments
 0002:00000A04       Alignments
 0002:000005D8       Alignments
 0002:000008A8       Alignments
 0001:00043E44       AlignWork
 0001:0002A4A8       AlignWork
 0001:0003CFC8       AllocateHWnd
 0001:00006C2C       AllocMem
 0002:00001420       AllocMemCount
 0002:00001424       AllocMemSize
 0001:0001A70C       AllocPatternBitmap
 0002:00000690       AnchorAlign
 0001:00006DB8       AnsiCompareText
 0001:00007040       AnsiLastChar
 0001:00005720       AnsiLower
 0001:00006D84       AnsiLowerCase
 0001:00008AC4       AnsiLowerCaseFileName
 0001:00008A8C       AnsiPos
 0001:0003A604       AnsiSameCaption
 0001:00006DF0       AnsiSameText
 0001:00006E2C       AnsiStrLIComp
 0001:00008B50       AnsiStrPos
 0001:00008BF0       AnsiStrRScan
 0001:00008C18       AnsiStrScan
 0001:000036A4       AnyChangeType
 0002:000017C8       Application
 0002:000009F4       AppVisible
 0001:000084C4       AssertErrorHandler
 0002:00001014       AssertErrorProc
 0001:0000A6E4       AssignLongStr
 0001:0000A8A8       AssignVariant
 0001:0000A738       AssignWideStr
 0002:00001474       avail
 0001:00007140       BackfillGetDiskFreeSpaceEx
 0001:00027E74       BackgroundClipped
 0001:0000C2E4       BeginGlobalLoading
 0001:00005728       BeginPaint
 0001:00015848       BetterSize
 0001:00036E8C       BiDiDraw
 0001:00005500       BitBlt
 0002:00000580       BitmapCanvasList
 0002:00001668       BitmapImageLock
 0002:000008DC       BlockCode
 0002:0000144C       blockDescBlockList
 0002:00001450       blockDescFreeList
 0002:000002AC       BooleanIdents
 0002:000009FC       BorderStyles
 0002:000005D0       BorderStyles
 0002:0000094C       BorderStyles
 0001:0000BC74       Bounds
 0002:00000840       Breaks
 0002:000016A0       BrushManager
 0001:00039410       BuildImage
 0002:00000A54       ButtonCaptions
 0002:00000A28       ButtonNames
 0002:000008BC       Buttons
 0002:0000063C       ButtonStyles
 0001:00015028       BytesPerScanline
 0001:00015380       ByteSwapColors
 0001:00008A50       ByteType
 0001:000089D8       ByteTypeTest
 0002:000002B8       C10000
 0001:0003CF04       CalcJmpOffset
 0001:00031798       CalcSplitterPos
 0001:00005730       CallNextHookEx
 0001:00009130       CallTerminateProcs
 0001:00005738       CallWindowProc
 0001:000264EC       CancelDrag
 0002:00001780       CanvasList
 0002:000016A4       CanvasList
 0002:00000A14       Captions
 0002:00000748       CaptureControl
 0002:000017EC       Cardauswahl
 0002:000007E0       cBooleanToItemAutoFlag
 0002:00001732       CF_COMPONENT
 0002:00001730       CF_PICTURE
 0002:000013E8       ChangeAnyProc
 0001:00024C20       ChangeBiDiModeAlignment
 0001:00003710       ChangeSourceAny
 0002:00000628       CharCases
 0002:000005F8       CharCases
 0001:00005740       CharLowerBuff
 0001:00000250       CharNext
 0001:00013828       CharsetToIdent
 0001:00015E10       CheckBool
 0001:00002058       CheckJmp
 0001:00005748       CheckMenuItem
 0002:00000830       Checks
 0001:0003CE14       CheckTaskWindow
 0001:0002621C       CheckUndock
 0002:000007E4       cItemAutoFlagToBoolean
 0002:000007DC       cItemAutoFlagToMenu
 0002:00001624       ClassAliasList
 0001:00011F50       Classes
 0002:00001620       ClassList
 0001:0000BC9C       ClassNotFound
 0002:000013E4       ClearAnyProc
 0001:000131A0       ClearColor
 0001:00005750       ClientToScreen
 0001:0002F200       ClientToWindow
 0002:00000578       ClipboardFormats
 0001:00022EB4       Clipbrd
 0001:000001F0       CloseHandle
 0001:00005358       CloseHandle
 0002:0000102C       CmdLine
 0002:00001028       CmdShow
 0002:000007D8       cMenuAutoFlagToItem
 0002:00000348       Colors
 0001:00013620       ColorToIdent
 0001:00013610       ColorToRGB
 0002:00000614       ComboBoxStyles
 0002:000017C4       CommandPool
 0001:0001ABC4       Commctrl
 0001:00046B68       CommDlg
 0001:000006FC       Commit
 0002:00001490       committedRoot
 0001:0003576C       CompareFront
 0001:00006CEC       CompareMem
 0001:00005360       CompareString
 0001:00006D0C       CompareText
 0001:0000F27C       ComponentCreated
 0001:00015BE0       ComputeAldusChecksum
 0001:0000A480       Consts
 0001:0001AAD0       Contnrs
 0002:0000174E       ControlAtom
 0001:0003231C       Controls
 0001:00007F80       ConvertAddr
 0001:00006BCC       ConvertErrorFmt
 0001:000039FC       CopyArray
 0001:00017EB4       CopyBitmap
 0001:00018574       CopyBitmapAsMask
 0001:00005508       CopyEnhMetaFile
 0001:00018510       CopyPalette
 0001:000385AC       CopyToBest
 0002:00001680       CounterLock
 0001:00008408       CreateAssertException
 0001:000085A0       CreateAVObject
 0001:00005510       CreateBitmap
 0001:00005518       CreateBrushIndirect
 0001:00005520       CreateCompatibleBitmap
 0001:00005528       CreateCompatibleDC
 0001:0000F2FC       CreateComponent
 0001:00005538       CreateDIBitmap
 0001:00005530       CreateDIBSection
 0001:00005368       CreateEvent
 0001:00005370       CreateFile
 0001:000001F8       CreateFileA
 0001:00005540       CreateFontIndirect
 0001:00005548       CreateHalftonePalette
 0001:00005758       CreateIcon
 0001:00008344       CreateInOutError
 0001:00005760       CreateMenu
 0001:00005550       CreatePalette
 0001:00005558       CreatePenIndirect
 0001:00005768       CreatePopupMenu
 0001:00005560       CreateSolidBrush
 0001:000153D8       CreateSystemPalette
 0001:00005378       CreateThread
 0001:00005C68       CreateWindow
 0001:00005770       CreateWindowEx
 0002:00000688       CreationControl
 0002:00000680       CSHREDRAW
 0002:00000784       Ctl3DStyles
 0002:00001488       curAlloc
 0002:000014F8       CurrencyDecimals
 0002:000014F4       CurrencyFormat
 0002:000014F0       CurrencyString
 0002:00000978       CursorMap
 0002:00000698       Cursors
 0001:00024ECC       CursorToIdent
 0002:000014F9       DateSeparator
 0002:00000344       DDBsOnly
 0001:0003D07C       DeallocateHWnd
 0002:00000008       DebugHook
 0002:000014F7       DecimalSeparator
 0001:00049810       decode
 0001:00000790       Decommit
 0001:00000DAC       DecommitFree
 0002:00001464       decommittedRoot
 0001:000448F0       Default
 0001:0003F9D0       Default
 0002:00000000       Default8087CW
 0002:0000068C       DefaultDockTreeClass
 0002:00000548       DefBrushData
 0002:00000318       DefFontData
 0001:00005778       DefFrameProc
 0002:000001A4       DefLongDayNames
 0002:00000158       DefLongMonthNames
 0001:00005780       DefMDIChildProc
 0002:00000528       DefPenData
 0002:00000188       DefShortDayNames
 0002:00000128       DefShortMonthNames
 0001:00005788       DefWindowProc
 0001:0000044C       DeleteBlock
 0001:000003BC       DeleteCriticalSection
 0001:00005380       DeleteCriticalSection
 0001:00005568       DeleteDC
 0001:00005570       DeleteEnhMetaFile
 0001:00000BF4       DeleteFree
 0001:00005790       DeleteMenu
 0001:00005578       DeleteObject
 0001:00017A70       DeselectBitmap
 0001:00005798       DestroyCursor
 0001:000057A0       DestroyIcon
 0001:000057A8       DestroyMenu
 0001:000057B0       DestroyWindow
 0001:00048D2C       Dialogs
 0002:00000584       DIBPalSizes
 0002:00000050       dig
 0001:0003CC68       DisableTaskWindows
 0001:000057B8       DispatchMessage
 0001:00042C6C       DispatchShortCut
 0001:00048AD0       Dlgs
 0001:00043CF8       DoAlign
 0001:0002A354       DoAlign
 0001:0002E1D0       DoCalcConstraints
 0002:00001778       DockSiteList
 0001:0003913C       DoClick
 0001:0002B820       DoControlMsg
 0001:0003CC18       DoDisableWindow
 0001:00025B40       DoDragOver
 0001:00006C4C       DoExitProc
 0001:0002FCF8       DoFindControlZone
 0001:0003CD54       DoFindWindow
 0001:0003025C       DoFindZone
 0001:0002FD7C       DoForEach
 0001:000315F0       DoGetNextLimit
 0001:0003CBE0       DoneApplication
 0001:00032148       DoneControls
 0001:00008914       DoneExceptions
 0001:0004114C       DoNestedActivation
 0001:00029FB8       DoPosition
 0001:00043B48       DoPosition
 0001:00030C70       DoPrune
 0001:00047C1C       DoRect
 0001:00031120       DoSaveZone
 0001:00031324       DoSetNewBounds
 0002:000002B4       DotSep
 0001:00034084       DoWrite
 0001:0000D040       DoWrite
 0001:00016BBC       DoWrite
 0001:00016068       DoWrite
 0001:00028D04       DoWrite
 0002:0000175C       DragCapture
 0002:00001750       DragControl
 0001:0002628C       DragDone
 0001:00025AF0       DragFindTarget
 0001:00025AC4       DragFindWindow
 0002:00001758       DragFreeObject
 0002:00001774       DragImageList
 0001:00025EE4       DragInit
 0001:00026054       DragInitControl
 0001:00025A48       DragMessage
 0002:00001754       DragObject
 0002:00001768       DragSaveCursor
 0002:00001760       DragStartPos
 0002:0000176C       DragThreshold
 0001:00025C10       DragTo
 0001:0004492C       DrawAppIcon
 0001:000307D4       DrawCloseButton
 0001:000057C0       DrawEdge
 0001:000057C8       DrawFocusRect
 0001:000057D0       DrawFrameControl
 0001:0003082C       DrawGrabberLine
 0001:000057D8       DrawIcon
 0001:000057E0       DrawIconEx
 0002:000007BC       DrawingStyles
 0001:000057E8       DrawMenuBar
 0001:0003A414       DrawMenuItem
 0001:000057F0       DrawText
 0001:00014EA8       DupBits
 0001:00003A14       DynArrayClear
 0001:00003A1C       DynArraySetLength
 0002:000008A0       EdgeStyle
 0002:00000774       EdgeStyles
 0001:00008318       EHeapException.FreeInstance
 0002:00001410       EmptyParam
 0002:000000BC       EmptyStr
 0001:000057F8       EnableMenuItem
 0002:00000838       Enables
 0001:00005800       EnableScrollBar
 0001:0003CD1C       EnableTaskWindows
 0001:00005808       EnableWindow
 0001:0000C374       EndGlobalLoading
 0001:00005810       EndPaint
 0001:00005388       EnterCriticalSection
 0001:000003AC       EnterCriticalSection
 0001:00005390       EnumCalendarInfoA
 0002:000016D0       EnumDisplayMonitors
 0001:00007BCC       EnumEraNames
 0001:00007C08       EnumEraYearOffsets
 0001:000432A8       EnumMonitorsProc
 0001:00005818       EnumThreadWindows
 0001:0000EC5C       EnumValue
 0001:00005820       EnumWindows
 0001:00005828       EqualRect
 0002:000015BC       EraNames
 0002:000015D8       EraYearOffsets
 0002:00000048       errCaption
 0001:00001770       Error
 0001:0000E544       Error
 0001:000354BC       Error
 0002:0000103C       ErrorAddr
 0001:000083C4       ErrorHandler
 0002:000001C0       ErrorMap
 0002:00001004       ErrorProc
 0001:00007F68       ExceptAddr
 0002:00001008       ExceptClsProc
 0001:00008838       ExceptHandler
 0001:0000818C       Exception.Create
 0001:000081C8       Exception.CreateFmt
 0001:00008248       Exception.CreateRes
 0001:00008284       Exception.CreateResFmt
 0002:00001010       ExceptionClass
 0001:00007F8C       ExceptionErrorMessage
 0002:000001F8       ExceptMap
 0001:00007F50       ExceptObject
 0002:0000100C       ExceptObjProc
 0002:00001000       ExceptProc
 0001:00005580       ExcludeClipRect
 0002:00001034       ExitCode
 0001:0000278C       ExitDll
 0002:00001038       ExitProc
 0001:00000258       ExitProcess
 0002:000000FC       ExitProcList
 0001:00048A98       ExtCtrls
 0002:00000660       ExtendSelects
 0001:000070F8       ExtractFileExt
 0001:000070C0       ExtractFileName
 0001:00005588       ExtTextOut
 0002:00001738       FClipboard
 0001:00007038       FileClose
 0001:00006FB0       FileCreate
 0002:0000057C       FileFormats
 0002:00001046       FileMode
 0001:00006F70       FileOpen
 0001:00006FD4       FileRead
 0002:000002BC       FilerSignature
 0001:0000702C       FileSeek
 0001:00007000       FileWrite
 0001:00000CDC       FillAfterGap
 0001:00000C88       FillBeforeGap
 0001:00000D74       FillerSizeAfterGap
 0001:00000D04       FillerSizeBeforeGap
 0001:00005830       FillRect
 0001:00046B38       Finalization
 0001:00046B00       Finalization
 0001:0001B360       Finalization
 0001:00046AC8       Finalization
 0001:0001B3A0       Finalization
 0001:00046A90       Finalization
 0001:00046A58       Finalization
 0001:00046A20       Finalization
 0001:000469E8       Finalization
 0001:0001B3D8       Finalization
 0001:0001B410       Finalization
 0001:00048AA0       Finalization
 0001:0004B198       Finalization
 0001:00048F28       Finalization
 0001:00006094       Finalization
 0001:0004B1D0       Finalization
 0001:00005DCC       Finalization
 0001:000345C0       Finalization
 0001:00005D94       Finalization
 0001:0000A110       Finalization
 0001:0000A450       Finalization
 0001:0001B734       Finalization
 0001:00046820       Finalization
 0001:00011E98       Finalization
 0001:00023030       Finalization
 0001:00048CD0       Finalization
 0001:0000A970       Finalization
 0001:00005308       Finalization
 0001:00022E40       Finalization
 0001:00022E78       Finalization
 0001:0001B320       Finalization
 0001:0001AB94       Finalization
 0001:0000506C       Finalization
 0001:0004AC98       Finalization
 0001:00033130       Finalization
 0001:0003A700       Finalization
 0001:000322C8       Finalization
 0001:0001AAA0       Finalization
 0001:00048A68       Finalization
 0001:0001A744       Finalization
 0001:00009F48       Finalization
 0001:00003A0C       FinalizeArray
 0001:00038F50       Find
 0001:00003C6C       FindBS
 0001:0000BDB8       FindClass
 0001:00003C40       FindClassHInstance
 0001:00000268       FindClose
 0001:00000C58       FindCommitted
 0001:00024CEC       FindControl
 0001:00030464       FindControlAtPos
 0001:00026538       FindDragTarget
 0001:0000F4AC       FindExistingComponent
 0001:00000270       FindFirstFile
 0002:00001618       FindGlobalComponent
 0001:0003CE60       FindGlobalComponent
 0001:00003C18       FindHInstance
 0001:0000C158       FindIdentToInt
 0002:0000181C       FindMsg
 0001:0000E7F8       FindNestedComponent
 0001:00035488       FindPopupControl
 0001:00005398       FindResource
 0001:00003C48       FindResourceHInstance
 0001:000461D0       FindScanline
 0001:0003CDB8       FindTopMostWindow
 0001:0001037C       FindUniqueName
 0001:00026504       FindVCLWindow
 0001:00005838       FindWindow
 0001:00002610       FInitUnits
 0001:00017E68       FixupBitFields
 0002:000008B0       Flags
 0002:00001604       FLanguages
 0001:0001B764       FlatSB
 0002:000016F8       FlatSB_EnableScrollBar
 0002:00001704       FlatSB_GetScrollInfo
 0002:00001708       FlatSB_GetScrollPos
 0002:00001700       FlatSB_GetScrollRange
 0002:00001710       FlatSB_SetScrollInfo
 0002:0000170C       FlatSB_SetScrollPos
 0001:0001B454       FlatSB_SetScrollProp
 0002:00001714       FlatSB_SetScrollRange
 0002:000016FC       FlatSB_ShowScrollBar
 0001:00009C45       FloatToDecimal
 0001:000096A2       FloatToText
 0001:00009972       FloatToTextFmt
 0001:000078E4       FmtStr
 0002:000008C8       FocusCount
 0002:000008C4       FocusMessages
 0002:00000498       FontCharsets
 0002:00001698       FontManager
 0001:0003CE34       ForegroundTask
 0002:00001820       Form1
 0001:000078D0       Format
 0001:00007470       FormatBuf
 0001:00007464       FormatClearStr
 0001:000073F8       FormatError
 0002:00000120       FormatErrorStrs
 0001:000053A0       FormatMessage
 0001:00007450       FormatVarToStr
 0001:00046874       Forms
 0002:00001828       Form_MilMag
 0002:00001830       Form_PCICardSearch
 0001:00004B10       FPower10
 0002:000005CC       FPrinter
 0001:00047CE0       Frame3D
 0001:00005840       FrameRect
 0001:0000931C       FreeAndNil
 0001:000009C4       FreeCommitted
 0001:00000ECC       FreeCurAlloc
 0001:000265F8       FreeDeviceContext
 0001:000266B4       FreeDeviceContexts
 0001:00011E24       FreeIntConstList
 0001:00000278       FreeLibrary
 0001:000053A8       FreeLibrary
 0001:000179C4       FreeMemoryContexts
 0001:0003CFA4       FreeObjectInstance
 0001:000053B0       FreeResource
 0001:00000644       FreeSpace
 0001:0000914C       FreeTerminateProcs
 0001:00010EE0       FreeThreadWindow
 0001:00014E98       GDICheck
 0001:00014DF0       GDIError
 0001:00005848       GetActiveWindow
 0001:000441CC       GetAnimation
 0001:00005590       GetBitmapBits
 0001:000003C4       GetBlockDesc
 0001:00005598       GetBrushOrgEx
 0001:00005850       GetCapture
 0001:00024F74       GetCaptureControl
 0001:0000BD08       GetClass
 0001:00005858       GetClassInfo
 0001:00005860       GetClientRect
 0001:00005868       GetClipboardData
 0001:0001682C       GetClipboardFormats
 0001:000055A0       GetClipBox
 0001:00000360       GetCmdShow
 0001:000332D4       GetColor
 0001:00000280       GetCommandLine
 0001:00000810       GetCommitted
 0001:000008A0       GetCommittedAt
 0001:0002B364       GetControlAtPos
 0001:000053B8       GetCPInfo
 0001:000055A8       GetCurrentPositionEx
 0001:000053C0       GetCurrentProcessId
 0001:000042B8       GetCurrentThreadId
 0001:000053C8       GetCurrentThreadId
 0001:00005BE4       GetCurrentTime
 0001:00005870       GetCursor
 0001:000461E0       GetCursorHeightMargin
 0001:00005878       GetCursorPos
 0001:00005880       GetDC
 0001:00005888       GetDCEx
 0001:000055B0       GetDCOrgEx
 0001:0001A350       GetDefFontCharSet
 0001:00005890       GetDesktopWindow
 0001:000055C8       GetDeviceCaps
 0001:00015DF8       GetDIB
 0001:000055B8       GetDIBColorTable
 0001:000055C0       GetDIBits
 0001:00015D40       GetDIBSizes
 0001:00015008       GetDInColors
 0001:000053D0       GetDiskFreeSpaceA
 0002:000000F8       GetDiskFreeSpaceEx
 0001:000316B0       GetDockAlign
 0001:0002589C       GetDockSiteAtPos
 0001:00025B7C       GetDropCtl
 0001:00001E1C       GetDynaMethod
 0001:000055D0       GetEnhMetaFileBits
 0001:000055D8       GetEnhMetaFileHeader
 0001:000055E0       GetEnhMetaFilePaletteEntries
 0001:0000A4C0       GetEnumNameValue
 0001:0000A50C       GetEnumValue
 0001:00007C80       GetEraNamesAndYearOffsets
 0001:0000858C       GetExceptionClass
 0001:0000876C       GetExceptionObject
 0001:0000BDD8       GetFieldClass
 0001:0000BC90       GetFieldClassTable
 0001:0001680C       GetFileFormats
 0001:00000208       GetFileSize
 0001:00000200       GetFileType
 0001:00005898       GetFocus
 0001:00013848       GetFontData
 0001:000058A0       GetForegroundWindow
 0001:00008D10       GetFormatSettings
 0001:00012E9C       GetHashCode
 0001:00043FB8       GetHint
 0001:00043FE8       GetHintControl
 0001:0003A5A0       GetHotkey
 0001:000058A8       GetIconInfo
 0001:000058C0       GetKeyboardLayout
 0001:000058C8       GetKeyboardLayoutList
 0001:000058D0       GetKeyboardState
 0001:00001AB0       GetKeyboardType
 0001:000058B0       GetKeyNameText
 0001:000058B8       GetKeyState
 0001:000058D8       GetLastActivePopup
 0001:000053D8       GetLastError
 0001:00000288       GetLastError
 0001:00007A44       GetLocaleChar
 0001:000053E0       GetLocaleInfo
 0001:00000290       GetLocaleInfo
 0001:000079F8       GetLocaleStr
 0001:00024F30       GetLongHint
 0001:000058E0       GetMenu
 0001:00041AB8       GetMenuHelpContext
 0001:000058E8       GetMenuItemCount
 0001:000058F0       GetMenuItemID
 0001:000058F8       GetMenuItemInfo
 0001:0003787C       GetMenuSize
 0001:00005900       GetMenuState
 0001:00005908       GetMenuString
 0001:00000298       GetModuleFileName
 0001:000051CC       GetModuleFileName
 0001:000053E8       GetModuleFileName
 0001:000051D4       GetModuleHandle
 0001:000002A0       GetModuleHandle
 0001:000053F0       GetModuleHandle
 0002:000016CC       GetMonitorInfo
 0002:000016C4       GetMonitorInfoA
 0002:000016C8       GetMonitorInfoW
 0001:00007AA8       GetMonthDayNames
 0001:00005910       GetNextWindow
 0001:000055E8       GetObject
 0001:0000A58C       GetOrdProp
 0001:000055F0       GetPaletteEntries
 0001:00005918       GetParent
 0001:0003D1F0       GetParentForm
 0001:000055F8       GetPixel
 0001:000053F8       GetProcAddress
 0001:000002A8       GetProcAddress
 0001:00005920       GetProp
 0001:0000A520       GetPropInfo
 0001:0003D6B0       GetRealScrollPosition
 0001:000332B4       GetRGBColor
 0001:00005928       GetScrollInfo
 0001:00005930       GetScrollPos
 0001:00005938       GetScrollRange
 0001:00024EEC       GetShortHint
 0001:00000568       GetSpace
 0001:000005CC       GetSpaceAt
 0001:00035514       GetSpecialName
 0001:000002B0       GetStartupInfo
 0001:00000210       GetStdHandle
 0001:00005600       GetStockObject
 0001:00005940       GetSubMenu
 0001:00005948       GetSysColor
 0001:00005400       GetSystemInfo
 0001:00005950       GetSystemMenu
 0002:000016B4       GetSystemMetrics
 0001:00005958       GetSystemMetrics
 0001:00005608       GetSystemPaletteEntries
 0001:00005610       GetTextExtentPoint32
 0001:00005618       GetTextMetrics
 0001:00005408       GetThreadLocale
 0001:000002B8       GetThreadLocale
 0001:00005410       GetTickCount
 0001:000446DC       GetTopMostWindows
 0001:0002507C       GetTopParent
 0001:00005960       GetTopWindow
 0001:0000A4B4       GetTypeData
 0001:00005418       GetVersion
 0001:00005420       GetVersionEx
 0001:00005968       GetWindow
 0001:00005970       GetWindowDC
 0001:00005978       GetWindowLong
 0001:00005628       GetWindowOrgEx
 0001:00005980       GetWindowPlacement
 0001:00005988       GetWindowRect
 0001:00005990       GetWindowText
 0001:00005998       GetWindowThreadProcessId
 0001:00005620       GetWinMetaFileBits
 0001:00005428       GlobalAddAtom
 0001:00005430       GlobalAlloc
 0001:00005BF0       GlobalAllocPtr
 0001:00005438       GlobalDeleteAtom
 0002:0000162C       GlobalFixupList
 0001:0000E940       GlobalFixupReferences
 0001:00005440       GlobalFree
 0001:00005C1C       GlobalFreePtr
 0001:00005450       GlobalHandle
 0001:00005448       GlobalLock
 0002:00001614       GlobalNameSpace
 0001:00005458       GlobalReAlloc
 0001:00005C00       GlobalReAllocPtr
 0001:00005460       GlobalUnlock
 0001:0001A818       Graphics
 0001:0000FB74       HandleException
 0001:0001EFB0       HasPopup
 0002:00000004       HeapAllocFlags
 0002:00001430       heapErrorCode
 0002:00001434       heapLock
 0002:00001818       HelpMsg
 0002:000000F4       HexDisplayPrefix
 0002:00000604       HideSelections
 0002:000014D8       HInstance
 0002:000017E0       HintDoneEvent
 0001:000440B8       HintGetMsgHook
 0002:000017E4       HintHook
 0001:0004405C       HintMouseThread
 0002:000017E8       HintThread
 0002:000017DC       HintThreadID
 0001:00044008       HintTimerProc
 0002:000008C0       HintWindowClass
 0001:000440FC       HookHintHooks
 0001:00005C9C       HwndMSWheel
 0002:00000854       IBreaks
 0002:00000860       IChecks
 0002:00000868       IDefaults
 0001:00013838       IdentToCharset
 0001:00013630       IdentToColor
 0001:00024EDC       IdentToCursor
 0001:0000C1DC       IdentToInt
 0002:00000870       IEnables
 0001:0003857C       IfHotkeyAvailable
 0001:000468DC       IFKFound
 0001:0001AAF0       ImageList_Add
 0001:0001AB10       ImageList_AddIcon
 0001:0001AB34       ImageList_BeginDrag
 0001:0001AAD8       ImageList_Create
 0001:0001AAE0       ImageList_Destroy
 0001:0001AB44       ImageList_DragEnter
 0001:0001AB4C       ImageList_DragLeave
 0001:0001AB54       ImageList_DragMove
 0001:0001AB64       ImageList_DragShowNolock
 0001:0001AB1C       ImageList_Draw
 0001:0001AB24       ImageList_DrawEx
 0001:0001AB3C       ImageList_EndDrag
 0001:0001AB08       ImageList_GetBkColor
 0001:0001AB6C       ImageList_GetDragImage
 0001:0001AB84       ImageList_GetIconSize
 0001:0001AAE8       ImageList_GetImageCount
 0001:0001AB74       ImageList_Read
 0001:0001AB2C       ImageList_Remove
 0001:0001AAF8       ImageList_ReplaceIcon
 0001:0001AB00       ImageList_SetBkColor
 0001:0001AB5C       ImageList_SetDragCursorImage
 0001:0001AB8C       ImageList_SetIconSize
 0001:0001AB7C       ImageList_Write
 0002:000007CC       Images
 0001:000345F0       ImgList
 0001:0001B390       Imm
 0002:000007A8       IMM32DLL
 0001:00032134       Imm32IsIME
 0001:000059A0       InflateRect
 0001:00048F58       Info
 0001:00000A50       InitAllocator
 0001:0001ABCC       InitAnApi
 0002:000016DC       InitApis
 0001:0000C3E8       InitComponent
 0002:000014A0       InitContext
 0001:000321BC       InitControls
 0001:0003CEE0       InitCtl3D
 0001:0001A394       InitDefFontData
 0001:0000916C       InitDriveSpacePtr
 0001:00008848       InitExceptions
 0001:0001B4B0       InitFlatSB
 0001:00048B7C       InitGlobals
 0001:00015BF8       InitializeBitmapInfoHeader
 0001:00005468       InitializeCriticalSection
 0001:000003A4       InitializeCriticalSection
 0002:0000142C       initialized
 0001:0001B488       InitializeFlatSB
 0001:00005288       InitializeModule
 0001:00031DD4       InitIMM32
 0001:0000C490       InitInheritedComponent
 0001:0001B2B4       InitMultiMonStubs
 0001:00008980       InitPlatformId
 0002:00001030       InitProc
 0001:0001A318       InitScreenLogPixels
 0001:00008C58       InitSysLocale
 0001:000051F4       InitThreadTLS
 0001:00002670       InitUnits
 0001:00024C34       InitWndProc
 0002:00000754       InnerStyles
 0002:0000104C       Input
 0001:00029F58       InsertBefore
 0001:00043AE8       InsertBefore
 0001:00000E44       InsertFree
 0001:00038630       InsertHotkeyFarEastFormat
 0001:000059A8       InsertMenu
 0001:000059B0       InsertMenuItem
 0002:000017D4       InstBlockList
 0002:000017D8       InstFreeList
 0002:00001628       IntConstList
 0002:00000668       IntegralHeights
 0001:00000358       InterlockedDecrement
 0001:00000350       InterlockedIncrement
 0001:00012E28       InternalDeletePalette
 0001:00000CB8       InternalFreeMem
 0001:00015D48       InternalGetDIB
 0001:00015CDC       InternalGetDIBSizes
 0001:0000C260       InternalReadComponentRes
 0001:00005630       IntersectClipRect
 0001:000059B8       IntersectRect
 0001:00046974       intToBinary
 0001:00006EE0       IntToHex
 0001:0000C21C       IntToIdent
 0001:00006EB0       IntToStr
 0001:000059C0       InvalidateRect
 0001:00014D78       InvalidBitmap
 0001:00014D60       InvalidGraphic
 0001:00014D84       InvalidIcon
 0001:00014D90       InvalidMetafile
 0001:00014D48       InvalidOperation
 0002:00001600       InvalidPointer
 0001:00001CD4       InvokeImplGetter
 0001:000017E4       IOResult
 0002:00000890       IOwnerDraw
 0002:00000878       IRadios
 0002:00000888       IRTL
 0001:0003D180       IsAccel
 0001:000396F0       IsAccelChar
 0001:00025654       IsBeforeTargetWindow
 0001:000059C8       IsChild
 0002:00001044       IsConsole
 0001:00025AA0       IsDelphiHandle
 0001:000059D0       IsDialogMessage
 0002:00000880       ISeparators
 0001:0000A108       IsEqualIID
 0001:000059D8       IsIconic
 0001:0003974C       IsInitialChar
 0002:00001024       IsLibrary
 0002:00001045       IsMultiThread
 0001:000059E0       IsRectEmpty
 0001:00025858       IsSiteChildOfClient
 0001:00006E4C       IsValidIdent
 0001:000059E8       IsWindow
 0001:000059F0       IsWindowEnabled
 0001:000059F8       IsWindowVisible
 0001:00005A00       IsZoomed
 0001:000358E0       Iterate
 0001:00035940       IterateMenus
 0002:0000000C       JITEnable
 0001:0003D134       KeyboardStateToShiftState
 0001:0003D0F8       KeyDataToShiftState
 0001:0003D0A4       KeysToShiftState
 0001:00005A08       KillTimer
 0001:00007070       LastDelimiter
 0002:000000D4       LeadBytes
 0001:00005470       LeaveCriticalSection
 0001:000003B4       LeaveCriticalSection
 0002:00000014       LibModuleList
 0001:00005638       LineTo
 0001:00026580       ListAdd
 0001:000265A8       ListRemove
 0002:000015F4       ListSeparator
 0001:00005A10       LoadBitmap
 0001:00005A18       LoadCursor
 0001:00005A20       LoadIcon
 0001:00005A28       LoadKeyboardLayout
 0001:00005478       LoadLibrary
 0001:000002C0       LoadLibraryEx
 0001:00005480       LoadResource
 0001:00003E28       LoadResourceModule
 0001:00004190       LoadResString
 0001:000002C8       LoadString
 0001:00005A30       LoadString
 0001:000051DC       LocalAlloc
 0001:00000384       LocalAlloc
 0001:0000038C       LocalFree
 0001:00007A6C       LocalGetLocaleStr
 0001:00005488       LockResource
 0002:00001500       LongDateFormat
 0002:00001594       LongDayNames
 0002:00001548       LongMonthNames
 0002:00001514       LongTimeFormat
 0001:000002D0       lstrcpy
 0001:000054F8       lstrcpy
 0001:000002D8       lstrcpyn
 0001:000002E0       lstrlen
 0002:0000101C       MainInstance
 0002:00001020       MainThreadID
 0001:00000414       MakeEmpty
 0001:0000273C       MakeErrorMessage
 0002:00000794       MakeLast
 0001:00005BD8       MakeLong
 0001:0003CF0C       MakeObjectInstance
 0001:00005C30       MakeROP4
 0001:0000850C       MapException
 0001:0000248C       MapToRunError
 0001:00005A38       MapVirtualKey
 0001:00005A40       MapWindowPoints
 0002:000007B4       Mask
 0001:00005640       MaskBlt
 0001:0001B3D0       Math
 0001:0001B398       Max
 0001:0003FA1C       MaximizedChildren
 0002:0000001C       MemoryManager
 0002:000007E8       MenuKeyCaps
 0001:0003A770       Menus
 0001:00000464       MergeBlockAfter
 0001:00000F18       MergeCommit
 0001:00000260       MessageBox
 0001:00005A48       MessageBox
 0001:00005DFC       Messages
 0001:0004ACC8       MilMag
 0001:0000CAF0       Min
 0001:000315E8       Min
 0001:00029884       MinVar
 0002:000016E4       MMAvailable
 0002:000007AC       ModeMap
 0001:000414C4       ModifySystemMenu
 0002:000000A4       Module
 0002:000014CD       ModuleIsCpp
 0002:000014CC       ModuleIsLib
 0001:00011E90       ModuleUnload
 0002:00000018       ModuleUnloadList
 0002:000016C0       MonitorFromPoint
 0002:000016BC       MonitorFromRect
 0002:000016B8       MonitorFromWindow
 0002:00001740       Mouse
 0001:000017FC       Move
 0001:00005648       MoveToEx
 0001:000265C8       MoveWindowOrg
 0001:00005490       MulDiv
 0001:000002E8       MultiByteToWideChar
 0002:00000670       MultiColumns
 0001:0001B350       MultiMon
 0002:00000658       MultiSelects
 0002:000014F5       NegCurrFormat
 0001:00000FA4       NewCommit
 0001:00000FD0       NewCommitAt
 0002:00001744       NewStyleControls
 0002:000002C0       NilMethod
 0002:00000010       NoErrMsg
 0001:0003660C       NormalDraw
 0001:00002044       NotifyAnyExcept
 0001:0000201C       NotifyExcept
 0001:00002078       NotifyExceptFinally
 0001:0000C344       NotifyGlobalLoading
 0001:000040B4       NotifyModuleUnload
 0001:00001FFC       NotifyNonDelphiException
 0001:00002030       NotifyOnExcept
 0001:00001FE0       NotifyReRaise
 0001:000020A0       NotifyTerminate
 0001:000020BC       NotifyUnhandled
 0001:0003912C       NthParentOf
 0002:00001400       Null
 0002:0000060C       OEMConverts
 0001:00005A50       OemToAnsi
 0001:00005A58       OffsetRect
 0001:0000350C       OleStrToStrVar
 0002:0000078C       OrientArray
 0002:00000764       OuterStyles
 0002:000015FC       OutOfMemory
 0001:00014D9C       OutOfResources
 0002:00001218       Output
 0001:000229F0       PaintListBox
 0002:0000058C       Pal16
 0001:0001320C       PaletteChanged
 0001:00015588       PaletteFromDIBColorTable
 0001:0001562C       PaletteToDIBColorTable
 0002:00000588       PalSize
 0001:0002F9A0       ParentNotLast
 0002:000005E8       Passwords
 0001:00005650       PatBlt
 0002:000016A8       PatternManager
 0001:000468D4       PCI_DriverClose
 0001:0004689C       PCI_DriverOpen
 0001:000468C4       PCI_ErrorString
 0001:000468BC       PCI_FctCodeSnd
 0001:000468A4       PCI_IfkOnline
 0001:000468AC       PCI_IfkRead
 0001:000468B4       PCI_IfkWrite
 0001:00046894       PCI_PCIcardCount
 0001:000468CC       PCI_TimerWait
 0001:00005A60       PeekMessage
 0002:0000169C       PenManager
 0002:00000558       PenModes
 0002:00000538       PenStyles
 0001:00005658       PlayEnhMetaFile
 0001:0000BC40       Point
 0001:00005C50       PointToSmallPoint
 0001:00005660       Polyline
 0002:000017B8       PopupList
 0001:00005A68       PostMessage
 0001:00005A70       PostQuitMessage
 0001:0001B44C       Printers
 0001:00042A6C       ProcessExecute
 0001:0003D3B0       ProcessHorz
 0001:00042B6C       ProcessUpdate
 0001:0003D41C       ProcessVert
 0001:0004B348       Project1
 0001:0000EC50       PropertyNotFound
 0001:0000FC74       PropPathError
 0002:00000918       Props
 0001:0000EC44       PropValueError
 0001:00005A78       PtInRect
 0002:0000177C       QualifyingSites
 0001:000084B4       RaiseAssertException
 0001:00000218       RaiseException
 0001:00009088       RaiseLastWin32Error
 0001:00001764       RaiseList
 0002:00001040       RandSeed
 0001:00030584       ReadControlName
 0001:0000EC2C       ReadError
 0001:00000220       ReadFile
 0001:00005498       ReadFile
 0001:000497F8       ReadFromIfk
 0001:000158D8       ReadIcon
 0001:00049A04       ReadIFKStatus
 0001:00049C10       ReadIW1_IW2
 0002:000005F0       ReadOnlys
 0001:0000FEEC       ReadVariantProp
 0001:00005668       RealizePalette
 0001:0000F29C       Recover
 0001:0000BC58       Rect
 0001:00005678       Rectangle
 0001:00005670       RectVisible
 0002:000013EC       RefAnyProc
 0001:000002F0       RegCloseKey
 0001:00005340       RegCloseKey
 0001:00005A80       RegisterClass
 0001:0000BEA4       RegisterClass
 0001:0000BFA0       RegisterClasses
 0001:00005A88       RegisterClipboardFormat
 0001:000259E8       RegisterDockSite
 0001:0000C12C       RegisterIntegerConsts
 0001:00004110       RegisterModule
 0001:00005A90       RegisterWindowMessage
 0001:00005348       RegOpenKeyEx
 0001:000002F8       RegOpenKeyEx
 0001:00005350       RegQueryValueEx
 0001:00000300       RegQueryValueEx
 0001:00046A88       RegStr
 0001:00005A98       ReleaseCapture
 0001:00005AA0       ReleaseDC
 0002:00001484       remBytes
 0001:000004D8       RemoveBlock
 0001:0000EAFC       RemoveFixupReferences
 0001:0000EBA8       RemoveFixups
 0001:0000EE80       RemoveGlobalFixup
 0001:00005AA8       RemoveMenu
 0001:00004054       RemoveModuleUnloadProc
 0001:0000402C       RemoveModuleUnloadProc
 0001:00005AB0       RemoveProp
 0001:00001450       ResizeInPlace
 0001:00005680       RestoreDC
 0001:000354B8       ReturnAddr
 0001:0000C620       ReturnAddr
 0001:0000D1A0       ReturnAddr
 0001:00015308       RGBQuadToTriple
 0001:000152D0       RGBTripleToQuad
 0002:00001480       rover
 0001:00000228       RtlUnwind
 0002:00000028       runErrMsg
 0001:00002480       RunErrorAt
 0001:0000932C       SafeLoadLibrary
 0001:00006D60       SameText
 0001:00005688       SaveDC
 0002:000017CC       Screen
 0002:00001654       ScreenLogPixels
 0001:00005AB8       ScreenToClient
 0001:0003D568       ScrollBarVisible
 0001:00005AC0       ScrollWindow
 0001:00001004       SearchSmallBlocks
 0001:00005690       SelectObject
 0001:00005698       SelectPalette
 0001:00024D08       SendAppMessage
 0001:00049DBC       SendFctToIfk
 0001:0003CDF4       SendFocusMessage
 0001:00005AC8       SendMessage
 0002:0000084C       Separators
 0001:00005AD0       SetActiveWindow
 0001:000441FC       SetAnimation
 0001:000056A0       SetBkColor
 0001:000056A8       SetBkMode
 0001:000056B0       SetBrushOrgEx
 0001:00005AD8       SetCapture
 0001:00024F9C       SetCaptureControl
 0001:00005AE0       SetClassLong
 0001:0000F40C       SetCompName
 0001:00005AE8       SetCursor
 0001:000056B8       SetDIBColorTable
 0001:00000230       SetEndOfFile
 0001:000054A0       SetEndOfFile
 0001:000056C0       SetEnhMetaFileBits
 0001:000054A8       SetErrorMode
 0001:000054B0       SetEvent
 0001:000025C8       SetExceptionHandler
 0001:00000238       SetFilePointer
 0001:000054B8       SetFilePointer
 0001:0000A810       SetFloatProp
 0001:00005AF0       SetFocus
 0001:00005AF8       SetForegroundWindow
 0001:00032058       SetImeMode
 0001:000017D4       SetInOutRes
 0001:0000A934       SetInt64Prop
 0001:0000FE64       SetIntIdent
 0001:0000A6F8       SetLongStrProp
 0001:00005B00       SetMenu
 0001:00005B08       SetMenuItemInfo
 0001:0000A8FC       SetMethodProp
 0001:0000FEAC       SetObjectIdent
 0001:0000A600       SetOrdProp
 0001:000056C8       SetPixel
 0001:00005B10       SetProp
 0001:00005B18       SetRect
 0001:000056D0       SetROP2
 0001:00005B20       SetScrollInfo
 0001:00005B28       SetScrollPos
 0001:00005B30       SetScrollRange
 0001:0000A65C       SetShortStrProp
 0001:0000A6B0       SetShortStrPropAsLongStr
 0001:000056D8       SetStretchBltMode
 0001:0000A7E4       SetStrProp
 0001:000056E0       SetTextColor
 0001:000054C0       SetThreadLocale
 0001:00005B38       SetTimer
 0001:0000A8BC       SetVariantProp
 0001:000056E8       SetViewportOrgEx
 0001:00045EF0       SetVisible
 0001:0000A74C       SetWideStrProp
 0001:0000A78C       SetWideStrPropAsLongStr
 0001:00005B40       SetWindowLong
 0001:000056F8       SetWindowOrgEx
 0001:00005B48       SetWindowPlacement
 0001:00005B50       SetWindowPos
 0001:00005B60       SetWindowsHookEx
 0001:00005B58       SetWindowText
 0001:000056F0       SetWinMetaFileBits
 0002:0000010C       ShareMode
 0001:00046A50       ShellAPI
 0001:00046B30       ShlObj
 0001:000354DC       ShortCut
 0002:000017BC       ShortCutItems
 0001:00035568       ShortCutToText
 0002:000014FC       ShortDateFormat
 0002:00001578       ShortDayNames
 0002:00001518       ShortMonthNames
 0002:00001510       ShortTimeFormat
 0002:0000096C       ShowCommands
 0002:00000954       ShowCommands
 0002:00000960       ShowCommands
 0001:00005B68       ShowCursor
 0001:00008114       ShowException
 0002:000009F8       ShowFlags
 0002:0000074C       ShowFlags
 0001:0003CB94       ShowMDIClientEdge
 0001:00005B70       ShowOwnedPopups
 0001:00005B78       ShowScrollBar
 0001:00005B80       ShowWindow
 0001:00044224       ShowWinNoAnimate
 0002:000007A0       SizeCursors
 0001:000054C8       SizeofResource
 0001:0001092C       SkipBinary
 0001:000108D8       SkipBytes
 0001:00010954       SkipCollection
 0001:000108B0       SkipList
 0001:000054D0       Sleep
 0001:0000BC48       SmallPoint
 0001:00005C3C       SmallPointToPoint
 0002:0000148C       smallTab
 0002:00000650       Sorteds
 0002:00000634       Sorts
 0002:00001454       spaceRoot
 0001:00023060       StdActns
 0001:00022E70       StdCtrls
 0001:0003CEE4       StdWndProc
 0002:0000165C       StockBrush
 0002:00001660       StockFont
 0002:00001664       StockIcon
 0002:00001658       StockPen
 0001:0000739C       StrAlloc
 0001:000073B0       StrBufSize
 0001:00008A74       StrByteType
 0001:000072BC       StrComp
 0001:0000721C       StrCopy
 0001:000073E8       StrDispose
 0001:00033F54       StreamsEqual
 0001:000071CC       StrEnd
 0001:00005700       StretchBlt
 0001:00007868       StrFmt
 0001:0000DFBC       StringListAnsiCompare
 0001:00003530       StringToOleStr
 0001:0003A508       StripHotkey
 0001:00007244       StrLCopy
 0001:000071B4       StrLen
 0001:0000789C       StrLFmt
 0001:000072E0       StrLIComp
 0001:000071E0       StrMove
 0001:000073BC       StrNew
 0001:00007278       StrPCopy
 0001:0000729C       StrPLCopy
 0001:00007348       StrPos
 0001:00007328       StrScan
 0001:00006F1C       StrToInt
 0001:00006F58       StrToIntDef
 0002:00000644       Styles
 0002:00000940       Styles
 0001:00000318       SysAllocStringLen
 0001:000060C4       SysConst
 0002:00000910       SysConsts
 0002:00000908       SysConsts
 0001:000079AC       SysErrorMessage
 0001:000012AC       SysFreeMem
 0001:00000328       SysFreeString
 0001:00001124       SysGetMem
 0001:00005338       SysInit
 0002:000015B0       SysLocale
 0001:00001620       SysReallocMem
 0001:00000320       SysReAllocStringLen
 0001:00000330       SysStringLen
 0001:000050D4       System
 0002:0000164C       SystemPalette16
 0001:000154F0       SystemPaletteOverride
 0001:00005B88       SystemParametersInfo
 0001:0000A088       SysUtils
 0002:00000678       TabStops
 0001:00032C00       TActionLink.IsCaptionLinked
 0001:00032C14       TActionLink.IsCheckedLinked
 0001:00032C28       TActionLink.IsEnabledLinked
 0001:00032C3C       TActionLink.IsHelpContextLinked
 0001:00032C50       TActionLink.IsHintLinked
 0001:00032C64       TActionLink.IsImageIndexLinked
 0001:00032C78       TActionLink.IsShortCutLinked
 0001:00032C8C       TActionLink.IsVisibleLinked
 0001:00032CA0       TActionLink.SetCaption
 0001:00032CA4       TActionLink.SetChecked
 0001:00032CA8       TActionLink.SetEnabled
 0001:00032CAC       TActionLink.SetHelpContext
 0001:00032CB0       TActionLink.SetHint
 0001:00032CB4       TActionLink.SetImageIndex
 0001:00032CB8       TActionLink.SetShortCut
 0001:00032CBC       TActionLink.SetVisible
 0001:00046388       TApplication.ActivateHint
 0001:000451C0       TApplication.BringToFront
 0001:000461A8       TApplication.CancelHint
 0001:000448A0       TApplication.CheckIniChange
 0001:0004467C       TApplication.ControlDestroyed
 0001:00044264       TApplication.Create
 0001:00045640       TApplication.CreateForm
 0001:000444DC       TApplication.CreateHandle
 0001:000443FC       TApplication.Destroy
 0001:00046730       TApplication.DispatchAction
 0001:00045BC8       TApplication.DoActionIdle
 0001:00045C2C       TApplication.DoMouseIdle
 0001:0004474C       TApplication.DoNormalizeTopMosts
 0001:000467C0       TApplication.ExecuteAction
 0001:00045014       TApplication.GetIconHandle
 0001:000451FC       TApplication.GetTitle
 0001:00045788       TApplication.HandleException
 0001:0004552C       TApplication.HandleMessage
 0001:00045B80       TApplication.HelpCommand
 0001:00045B74       TApplication.HelpContext
 0001:0004616C       TApplication.HideHint
 0001:0004602C       TApplication.HintMouseMessage
 0001:00046138       TApplication.HintTimerExpired
 0001:00045550       TApplication.HookMainWindow
 0001:00045DF8       TApplication.IconChanged
 0001:00045CB0       TApplication.Idle
 0001:00045628       TApplication.Initialize
 0001:00045A48       TApplication.InvokeHelp
 0001:000452CC       TApplication.IsDlgMsg
 0001:000453F8       TApplication.IsHintMsg
 0001:00045340       TApplication.IsKeyMsg
 0001:000452F0       TApplication.IsMDIMsg
 0001:00045428       TApplication.IsShortCut
 0001:00045818       TApplication.MessageBox
 0001:00045030       TApplication.Minimize
 0001:000447FC       TApplication.NormalizeAllTopMosts
 0001:000447F4       TApplication.NormalizeTopMosts
 0001:00045DBC       TApplication.NotifyForms
 0001:00045494       TApplication.ProcessMessage
 0001:000450D0       TApplication.Restore
 0001:00044804       TApplication.RestoreTopMosts
 0001:000456C0       TApplication.Run
 0001:00045E5C       TApplication.SetHint
 0001:00045B88       TApplication.SetShowHint
 0001:00045244       TApplication.SetTitle
 0001:00045970       TApplication.ShowException
 0001:00045FD4       TApplication.StartHintTimer
 0001:0004600C       TApplication.StopHintTimer
 0001:00045774       TApplication.Terminate
 0001:000455AC       TApplication.UnhookMainWindow
 0001:000467E8       TApplication.UpdateAction
 0001:00045F4C       TApplication.UpdateVisible
 0001:00044888       TApplication.UseRightToLeftAlignment
 0001:00044870       TApplication.UseRightToLeftReading
 0001:00044978       TApplication.WndProc
 0002:000008CC       TaskActiveWindow
 0002:000008D4       TaskFirstTopMost
 0002:000008D0       TaskFirstWindow
 0002:000008D8       TaskWindowList
 0001:00025374       TBaseDragControlObject.Assign
 0001:00025350       TBaseDragControlObject.Create
 0001:000253A0       TBaseDragControlObject.EndDrag
 0001:000253C4       TBaseDragControlObject.Finished
 0001:000118E8       TBasicAction.Change
 0001:000117C0       TBasicAction.Create
 0001:00011804       TBasicAction.Destroy
 0001:0001185C       TBasicAction.Execute
 0001:00011854       TBasicAction.ExecuteTarget
 0001:00011850       TBasicAction.HandlesTarget
 0001:000118FC       TBasicAction.RegisterChanges
 0001:00011894       TBasicAction.SetOnExecute
 0001:00011908       TBasicAction.UnRegisterChanges
 0001:00011878       TBasicAction.Update
 0001:00011858       TBasicAction.UpdateTarget
 0001:0001171C       TBasicActionLink.AssignClient
 0001:00011754       TBasicActionLink.Change
 0001:000116D8       TBasicActionLink.Create
 0001:00011720       TBasicActionLink.Destroy
 0001:0001176C       TBasicActionLink.Execute
 0001:000117A8       TBasicActionLink.IsOnExecuteLinked
 0001:0001177C       TBasicActionLink.SetAction
 0001:000117AC       TBasicActionLink.SetOnExecute
 0001:000117B4       TBasicActionLink.Update
 0001:00018824       TBitmap.Assign
 0001:000189F8       TBitmap.Changed
 0001:000189D4       TBitmap.Changing
 0001:00018914       TBitmap.CopyImage
 0001:00018780       TBitmap.Create
 0001:000187E8       TBitmap.Destroy
 0001:00018E20       TBitmap.DIBNeeded
 0001:00018A04       TBitmap.Dormant
 0001:00018A20       TBitmap.Draw
 0001:00018E94       TBitmap.FreeContext
 0001:00018C70       TBitmap.FreeImage
 0001:00018CEC       TBitmap.GetCanvas
 0001:00018CD4       TBitmap.GetEmpty
 0001:00018D2C       TBitmap.GetHandle
 0001:00018D50       TBitmap.GetHandleType
 0001:00018D7C       TBitmap.GetHeight
 0001:00018D8C       TBitmap.GetMaskHandle
 0001:00018DA0       TBitmap.GetMonochrome
 0001:00018DBC       TBitmap.GetPalette
 0001:00018DD0       TBitmap.GetTransparentColor
 0001:00018E18       TBitmap.GetWidth
 0001:00018EA4       TBitmap.HandleNeeded
 0001:00018FCC       TBitmap.LoadFromClipboardFormat
 0001:00019050       TBitmap.LoadFromStream
 0001:00018EB4       TBitmap.MaskHandleNeeded
 0001:00019074       TBitmap.NewImage
 0001:00018F14       TBitmap.PaletteNeeded
 0001:00019174       TBitmap.ReadData
 0001:0001919C       TBitmap.ReadDIB
 0001:000196AC       TBitmap.ReadStream
 0001:00019DC0       TBitmap.SaveToClipboardFormat
 0001:00019DB8       TBitmap.SaveToStream
 0001:0001971C       TBitmap.SetHandle
 0001:000197E0       TBitmap.SetHandleType
 0001:00019918       TBitmap.SetHeight
 0001:0001996C       TBitmap.SetMonochrome
 0001:000199EC       TBitmap.SetPalette
 0001:00019AC0       TBitmap.SetWidth
 0001:00019B14       TBitmap.WriteData
 0001:00019B1C       TBitmap.WriteStream
 0001:00017AEC       TBitmapCanvas.Create
 0001:00017BF4       TBitmapCanvas.CreateHandle
 0001:00017B28       TBitmapCanvas.Destroy
 0001:00017B54       TBitmapCanvas.FreeContext
 0001:00017D04       TBitmapImage.Destroy
 0001:00017D60       TBitmapImage.FreeHandle
 0001:0000CAA8       TBits.Destroy
 0001:0000CAD8       TBits.Error
 0001:0000CBCC       TBits.OpenBit
 0001:0000CBA0       TBits.SetBit
 0001:0000CAFC       TBits.SetSize
 0001:0001415C       TBrush.Assign
 0001:000140F4       TBrush.Create
 0001:00014134       TBrush.Destroy
 0001:00014298       TBrush.GetColor
 0001:00014204       TBrush.GetData
 0001:000142D4       TBrush.GetHandle
 0001:000143B4       TBrush.GetStyle
 0001:00014274       TBrush.SetBitmap
 0001:000142A0       TBrush.SetColor
 0001:00014224       TBrush.SetData
 0001:000143BC       TBrush.SetStyle
 0001:000219C8       TButton.Click
 0001:00021B50       TButton.CMDialogChar
 0001:00021AE0       TButton.CMDialogKey
 0001:00021BD4       TButton.CMFocusChanged
 0001:00021ACC       TButton.CNCommand
 0001:00021964       TButton.Create
 0001:00021A78       TButton.CreateParams
 0001:00021AB4       TButton.CreateWnd
 0001:000219F0       TButton.SetButtonStyle
 0001:00021A44       TButton.SetDefault
 0001:000219EC       TButton.UseRightToLeftAlignment
 0001:00021C28       TButton.WMEraseBkgnd
 0001:00021780       TButtonActionLink.AssignClient
 0001:000217A4       TButtonActionLink.IsCheckedLinked
 0001:000217DC       TButtonActionLink.SetChecked
 0001:00021894       TButtonControl.ActionChange
 0001:00021840       TButtonControl.Create
 0001:000218DC       TButtonControl.GetActionLinkClass
 0001:000218E4       TButtonControl.GetChecked
 0001:000218E8       TButtonControl.SetChecked
 0001:000218EC       TButtonControl.WndProc
 0001:00014D28       TCanvas.BrushChanged
 0001:00014BFC       TCanvas.Changed
 0001:00014BE8       TCanvas.Changing
 0001:00014510       TCanvas.CopyRect
 0001:000143F0       TCanvas.Create
 0001:00014C6C       TCanvas.CreateBrush
 0001:00014C10       TCanvas.CreateFont
 0001:00014B1C       TCanvas.CreateHandle
 0001:00014C3C       TCanvas.CreatePen
 0001:00014AC0       TCanvas.DeselectHandles
 0001:000144B4       TCanvas.Destroy
 0001:00014598       TCanvas.Draw
 0001:00014644       TCanvas.FillRect
 0001:00014CE8       TCanvas.FontChanged
 0001:00014680       TCanvas.FrameRect
 0001:00014804       TCanvas.GetCanvasOrientation
 0001:00014AA0       TCanvas.GetHandle
 0001:000149E8       TCanvas.GetPenPos
 0001:00014A2C       TCanvas.GetPixel
 0001:000146BC       TCanvas.LineTo
 0001:000146F4       TCanvas.Lock
 0001:0001471C       TCanvas.MoveTo
 0001:00014D08       TCanvas.PenChanged
 0001:00014748       TCanvas.Polyline
 0001:00014780       TCanvas.Rectangle
 0001:00014B74       TCanvas.RequiredState
 0001:000149DC       TCanvas.SetBrush
 0001:000149C0       TCanvas.SetFont
 0001:00014B20       TCanvas.SetHandle
 0001:000149D0       TCanvas.SetPen
 0001:00014A0C       TCanvas.SetPenPos
 0001:00014A58       TCanvas.SetPixel
 0001:000147C8       TCanvas.StretchDraw
 0001:000148BC       TCanvas.TextExtent
 0001:0001491C       TCanvas.TextHeight
 0001:00014830       TCanvas.TextOut
 0001:00014900       TCanvas.TextWidth
 0001:0001493C       TCanvas.TryLock
 0001:00014998       TCanvas.Unlock
 0001:000345A8       TChangeLink.Change
 0001:00034574       TChangeLink.Destroy
 0001:000167A4       TClipboardFormats.Add
 0001:000166F8       TClipboardFormats.Create
 0001:00016778       TClipboardFormats.Destroy
 0001:0000CE14       TCollection.Add
 0001:0000CE20       TCollection.Clear
 0001:00020550       TComboBoxStrings.Add
 0001:00020674       TComboBoxStrings.Clear
 0001:00020654       TComboBoxStrings.Delete
 0001:00020470       TComboBoxStrings.Get
 0001:00020454       TComboBoxStrings.GetCount
 0001:000204B4       TComboBoxStrings.GetObject
 0001:00020718       TComboBoxStrings.IndexOf
 0001:000205D4       TComboBoxStrings.Insert
 0001:0002052C       TComboBoxStrings.PutObject
 0001:000206E4       TComboBoxStrings.SetUpdateState
 0001:00010FD0       TComponent.BeforeDestruction
 0001:000114EC       TComponent.ChangeName
 0001:00010EFC       TComponent.Create
 0001:00011284       TComponent.DefineProperties
 0001:00010F48       TComponent.Destroy
 0001:00011154       TComponent.DestroyComponents
 0001:000111AC       TComponent.Destroying
 0001:00011628       TComponent.ExecuteAction
 0001:00011410       TComponent.FindComponent
 0001:00010FDC       TComponent.FreeNotification
 0001:00011318       TComponent.GetChildOwner
 0001:0001131C       TComponent.GetChildParent
 0001:00011310       TComponent.GetChildren
 0001:00011500       TComponent.GetComponent
 0001:0001152C       TComponent.GetComponentCount
 0001:00011320       TComponent.GetNamePath
 0001:00011334       TComponent.GetOwner
 0001:0001133C       TComponent.GetParentComponent
 0001:0001130C       TComponent.HasParent
 0001:00011070       TComponent.Insert
 0001:000110C4       TComponent.InsertComponent
 0001:0001135C       TComponent.Loaded
 0001:00011228       TComponent.Notification
 0001:00011698       TComponent.QueryInterface
 0001:00011030       TComponent.ReadLeft
 0001:00011368       TComponent.ReadState
 0001:00011044       TComponent.ReadTop
 0001:0001109C       TComponent.Remove
 0001:0001111C       TComponent.RemoveComponent
 0001:0001120C       TComponent.RemoveFreeNotification
 0001:000111E8       TComponent.RemoveNotification
 0001:00011678       TComponent.SafeCallException
 0001:00011338       TComponent.SetChildOrder
 0001:0001153C       TComponent.SetComponentIndex
 0001:00011590       TComponent.SetDesigning
 0001:00011460       TComponent.SetName
 0001:00011340       TComponent.SetParentComponent
 0001:000115E0       TComponent.SetReference
 0001:00011650       TComponent.UpdateAction
 0001:00011350       TComponent.Updated
 0001:00011690       TComponent.UpdateRegistry
 0001:00011344       TComponent.Updating
 0001:000113F8       TComponent.ValidateContainer
 0001:0001140C       TComponent.ValidateInsert
 0001:00011378       TComponent.ValidateRename
 0001:00011058       TComponent.WriteLeft
 0001:00011370       TComponent.WriteState
 0001:00011064       TComponent.WriteTop
 0001:000326E8       TContainedAction.Destroy
 0001:00032854       TContainedAction.Execute
 0001:0003271C       TContainedAction.GetIndex
 0001:00032738       TContainedAction.GetParentComponent
 0001:00032748       TContainedAction.HasParent
 0001:00032734       TContainedAction.IsCategoryStored
 0001:00032758       TContainedAction.ReadState
 0001:00032800       TContainedAction.SetActionList
 0001:000327D4       TContainedAction.SetCategory
 0001:0003278C       TContainedAction.SetIndex
 0001:00032828       TContainedAction.SetParentComponent
 0001:000328AC       TContainedAction.Update
 0001:000295E4       TControl.ActionChange
 0001:000299A4       TControl.AdjustSize
 0001:000297DC       TControl.AssignTo
 0001:00028100       TControl.BeginAutoDrag
 0001:00028118       TControl.BeginDrag
 0001:00027D18       TControl.BringToFront
 0001:00028AAC       TControl.CalcDockSizes
 0001:000288A4       TControl.CanAutoSize
 0001:000288A8       TControl.CanResize
 0001:00027740       TControl.Changed
 0001:00027750       TControl.ChangeScale
 0001:00028F4C       TControl.CheckNewSize
 0001:00028D84       TControl.Click
 0001:0002764C       TControl.ClientToScreen
 0001:000293A0       TControl.CMBiDiModeChanged
 0001:00029348       TControl.CMColorChanged
 0001:00029468       TControl.CMDesignHitTest
 0001:00029338       TControl.CMEnabledChanged
 0001:00029584       TControl.CMFloat
 0001:00029340       TControl.CMFontChanged
 0001:00029A2C       TControl.CMHintShow
 0001:00029430       TControl.CMHitTest
 0001:00029438       TControl.CMMouseEnter
 0001:00029450       TControl.CMMouseLeave
 0001:00029380       TControl.CMParentBiDiModeChanged
 0001:00029350       TControl.CMParentColorChanged
 0001:000293E0       TControl.CMParentFontChanged
 0001:000293B8       TControl.CMParentShowHintChanged
 0001:00029410       TControl.CMSysFontChanged
 0001:00029310       TControl.CMVisibleChanged
 0001:00028974       TControl.ConstrainedResize
 0001:00026CD8       TControl.Create
 0001:00029470       TControl.CreateFloatingDockSite
 0001:00028DF0       TControl.DblClick
 0001:000283D0       TControl.DefaultDockImage
 0001:00028C5C       TControl.DefaultHandler
 0001:00028D34       TControl.DefineProperties
 0001:00026DA8       TControl.Destroy
 0001:000296D8       TControl.DoActionChange
 0001:000288D8       TControl.DoCanAutoSize
 0001:00028944       TControl.DoCanResize
 0001:00027378       TControl.Dock
 0001:00028370       TControl.DockTrackNoTarget
 0001:000289A4       TControl.DoConstrainedResize
 0001:00028898       TControl.DoConstraintsChange
 0001:00029B6C       TControl.DoContextPopup
 0001:00027484       TControl.DoDock
 0001:00028520       TControl.DoDragMsg
 0001:00028384       TControl.DoEndDock
 0001:00028274       TControl.DoEndDrag
 0001:00028E48       TControl.DoMouseDown
 0001:0002912C       TControl.DoMouseUp
 0001:000283B0       TControl.DoStartDock
 0001:00028254       TControl.DoStartDrag
 0001:000281DC       TControl.DragCanceled
 0001:00028228       TControl.DragDrop
 0001:000281E0       TControl.Dragging
 0001:000281EC       TControl.DragOver
 0001:00028500       TControl.DrawDragDockImage
 0001:000299C0       TControl.DrawTextBiDiModeFlags
 0001:00029A00       TControl.DrawTextBiDiModeFlagsReadingOnly
 0001:00028510       TControl.EraseDragDockImage
 0001:00027B84       TControl.FontChanged
 0001:00026F1C       TControl.GetAction
 0001:000296FC       TControl.GetActionLinkClass
 0001:000274DC       TControl.GetBoundsRect
 0001:0002757C       TControl.GetClientHeight
 0001:000275BC       TControl.GetClientOrigin
 0001:00027520       TControl.GetClientRect
 0001:00027538       TControl.GetClientWidth
 0001:000280B0       TControl.GetControlsAlignment
 0001:00027DCC       TControl.GetDeviceContext
 0001:000298C0       TControl.GetDockEdge
 0001:00026E60       TControl.GetDragImages
 0001:00026E64       TControl.GetEnabled
 0001:00029970       TControl.GetFloating
 0001:0002999C       TControl.GetFloatingDockSiteClass
 0001:00027CE0       TControl.GetMouseCapture
 0001:00026E68       TControl.GetPalette
 0001:00026E74       TControl.GetParentComponent
 0001:00028F48       TControl.GetPopupMenu
 0001:00027AD4       TControl.GetText
 0001:00027A58       TControl.GetTextBuf
 0001:00027A48       TControl.GetTextLen
 0001:00027A64       TControl.GetUndockHeight
 0001:00027A78       TControl.GetUndockWidth
 0001:00026E6C       TControl.HasParent
 0001:00029A1C       TControl.InitiateAction
 0001:00027F8C       TControl.Invalidate
 0001:00027F00       TControl.InvalidateControl
 0001:00026FC8       TControl.IsAnchorsStored
 0001:00027BF0       TControl.IsBiDiModeStored
 0001:00029704       TControl.IsCaptionStored
 0001:00027C7C       TControl.IsColorStored
 0001:00029724       TControl.IsEnabledStored
 0001:00027BD0       TControl.IsFontStored
 0001:00029744       TControl.IsHintStored
 0001:00029784       TControl.IsOnClickStored
 0001:00027BE4       TControl.IsShowHintStored
 0001:00029764       TControl.IsVisibleStored
 0001:000297A4       TControl.Loaded
 0001:00028610       TControl.ManualDock
 0001:000287F8       TControl.ManualFloat
 0001:00028E10       TControl.MouseDown
 0001:00029088       TControl.MouseMove
 0001:000290F4       TControl.MouseUp
 0001:000270A8       TControl.Notification
 0001:00026EA0       TControl.PaletteChanged
 0001:00028A78       TControl.Perform
 0001:000282A0       TControl.PositionDockRect
 0001:00028CE4       TControl.ReadIsControl
 0001:00027014       TControl.ReadState
 0001:00027FB0       TControl.Refresh
 0001:00027FB8       TControl.Repaint
 0001:00026FE4       TControl.RequestAlign
 0001:00026FF4       TControl.Resize
 0001:00027678       TControl.ScreenToClient
 0001:000276A4       TControl.SendCancelMode
 0001:000276D4       TControl.SendDockNotification
 0001:00026F4C       TControl.SetAction
 0001:000270EC       TControl.SetAlign
 0001:00026F2C       TControl.SetAnchors
 0001:00027894       TControl.SetAutoSize
 0001:00027B68       TControl.SetBiDiMode
 0001:00027180       TControl.SetBounds
 0001:000274FC       TControl.SetBoundsRect
 0001:00027594       TControl.SetClientHeight
 0001:00027958       TControl.SetClientSize
 0001:00027550       TControl.SetClientWidth
 0001:00027C60       TControl.SetColor
 0001:00027CC4       TControl.SetCursor
 0001:00026FE0       TControl.SetDragMode
 0001:00027A30       TControl.SetEnabled
 0001:00027BC0       TControl.SetFont
 0001:00027358       TControl.SetHeight
 0001:000272F4       TControl.SetLeft
 0001:00027CF0       TControl.SetMouseCapture
 0001:000278B4       TControl.SetName
 0001:000279A0       TControl.SetParent
 0001:00027CA4       TControl.SetParentBiDiMode
 0001:00027C84       TControl.SetParentColor
 0001:00026E78       TControl.SetParentComponent
 0001:00027BF8       TControl.SetParentFont
 0001:00027C3C       TControl.SetParentShowHint
 0001:00027A8C       TControl.SetPopupMenu
 0001:00027C18       TControl.SetShowHint
 0001:00027B04       TControl.SetText
 0001:00027AB0       TControl.SetTextBuf
 0001:00027314       TControl.SetTop
 0001:000279EC       TControl.SetVisible
 0001:00027338       TControl.SetWidth
 0001:00027DA8       TControl.SetZOrder
 0001:00027D28       TControl.SetZOrderPosition
 0001:00027F9C       TControl.Update
 0001:00027218       TControl.UpdateAnchorRules
 0001:00028B1C       TControl.UpdateBoundsRect
 0001:000280CC       TControl.UseRightToLeftAlignment
 0001:000280B4       TControl.UseRightToLeftReading
 0001:000280E4       TControl.UseRightToLeftScrollBar
 0001:00028B40       TControl.VisibleChanging
 0001:00029220       TControl.WMCancelMode
 0001:00029A58       TControl.WMContextMenu
 0001:00028EF4       TControl.WMLButtonDblClk
 0001:00028E8C       TControl.WMLButtonDown
 0001:00029168       TControl.WMLButtonUp
 0001:00029060       TControl.WMMButtonDblClk
 0001:00029038       TControl.WMMButtonDown
 0001:00029200       TControl.WMMButtonUp
 0001:000290B8       TControl.WMMouseMove
 0001:00028ED8       TControl.WMNCLButtonDown
 0001:00029010       TControl.WMRButtonDblClk
 0001:00028FE8       TControl.WMRButtonDown
 0001:000291E0       TControl.WMRButtonUp
 0001:00029260       TControl.WMWindowPosChanged
 0001:00028B44       TControl.WndProc
 0001:00028CF8       TControl.WriteIsControl
 0001:000269F0       TControlActionLink.AssignClient
 0001:00026A0C       TControlActionLink.DoShowHint
 0001:00026AF4       TControlActionLink.IsCaptionLinked
 0001:00026B68       TControlActionLink.IsEnabledLinked
 0001:00026B9C       TControlActionLink.IsHintLinked
 0001:00026C00       TControlActionLink.IsOnExecuteLinked
 0001:00026BD0       TControlActionLink.IsVisibleLinked
 0001:00026C28       TControlActionLink.SetCaption
 0001:00026C48       TControlActionLink.SetEnabled
 0001:00026C68       TControlActionLink.SetHint
 0001:00026CAC       TControlActionLink.SetOnExecute
 0001:00026C8C       TControlActionLink.SetVisible
 0001:0002678C       TControlCanvas.CreateHandle
 0001:00026760       TControlCanvas.Destroy
 0001:00026834       TControlCanvas.FreeHandle
 0001:00026868       TControlCanvas.SetControl
 0001:00026880       TControlCanvas.UpdateTextFlags
 0001:0003D328       TControlScrollBar.Assign
 0001:0003D484       TControlScrollBar.CalcAutoRange
 0001:0003D378       TControlScrollBar.ChangeBiDiPosition
 0001:0003D618       TControlScrollBar.ControlSize
 0001:0003D298       TControlScrollBar.Create
 0001:0003DBB8       TControlScrollBar.DoSetRange
 0001:0003D320       TControlScrollBar.IsIncrementStored
 0001:0003DBE4       TControlScrollBar.IsRangeStored
 0001:0003D530       TControlScrollBar.IsScrollBarVisible
 0001:0003D698       TControlScrollBar.NeedsScrollBarVisible
 0001:0003D710       TControlScrollBar.ScrollMessage
 0001:0003DA08       TControlScrollBar.SetButtonSize
 0001:0003DA4C       TControlScrollBar.SetColor
 0001:0003DA68       TControlScrollBar.SetParentColor
 0001:0003DA80       TControlScrollBar.SetPosition
 0001:0003DBD0       TControlScrollBar.SetRange
 0001:0003DB44       TControlScrollBar.SetSize
 0001:0003DB88       TControlScrollBar.SetStyle
 0001:0003DBA0       TControlScrollBar.SetThumbSize
 0001:0003DBF0       TControlScrollBar.SetVisible
 0001:0003DD04       TControlScrollBar.Update
 0001:00032D40       TCustomAction.AssignTo
 0001:00032CC0       TCustomAction.Create
 0001:00032D08       TCustomAction.Destroy
 0001:000330EC       TCustomAction.DoHint
 0001:0003310C       TCustomAction.Execute
 0001:00032DBC       TCustomAction.SetCaption
 0001:00032E24       TCustomAction.SetChecked
 0001:00032E7C       TCustomAction.SetEnabled
 0001:00032ED4       TCustomAction.SetHelpContext
 0001:00032F2C       TCustomAction.SetHint
 0001:00032F94       TCustomAction.SetImageIndex
 0001:000330A0       TCustomAction.SetName
 0001:00032FEC       TCustomAction.SetShortCut
 0001:00033048       TCustomAction.SetVisible
 0001:00032ABC       TCustomActionList.AddAction
 0001:00032AF8       TCustomActionList.Change
 0001:00032904       TCustomActionList.Create
 0001:0003296C       TCustomActionList.Destroy
 0001:00032BC0       TCustomActionList.ExecuteAction
 0001:000329BC       TCustomActionList.GetChildren
 0001:00032A68       TCustomActionList.ImageListChange
 0001:00032B60       TCustomActionList.IsShortCut
 0001:00032A74       TCustomActionList.Notification
 0001:00032ADC       TCustomActionList.RemoveAction
 0001:00032A04       TCustomActionList.SetChildOrder
 0001:00032A34       TCustomActionList.SetImages
 0001:00032BE0       TCustomActionList.UpdateAction
 0001:000212B0       TCustomComboBox.AdjustDropDown
 0001:000214B8       TCustomComboBox.Change
 0001:00020D04       TCustomComboBox.CMCancelMode
 0001:00020D18       TCustomComboBox.CMCtl3DChanged
 0001:00020D3C       TCustomComboBox.CMParentColorChanged
 0001:0002136C       TCustomComboBox.CNCommand
 0001:000215D4       TCustomComboBox.CNDrawItem
 0001:000216A4       TCustomComboBox.CNMeasureItem
 0001:00020E88       TCustomComboBox.ComboWndProc
 0001:00020740       TCustomComboBox.Create
 0001:00020A3C       TCustomComboBox.CreateParams
 0001:00020AA0       TCustomComboBox.CreateWnd
 0001:0002083C       TCustomComboBox.Destroy
 0001:00020C04       TCustomComboBox.DestroyWnd
 0001:000214DC       TCustomComboBox.DrawItem
 0001:00021594       TCustomComboBox.DropDown
 0001:00020D64       TCustomComboBox.EditWndProc
 0001:0002174C       TCustomComboBox.Focused
 0001:00020E80       TCustomComboBox.GetComboControl
 0001:000208B0       TCustomComboBox.GetDroppedDown
 0001:000209F8       TCustomComboBox.GetItemHeight
 0001:0002091C       TCustomComboBox.GetItemIndex
 0001:00020E5C       TCustomComboBox.ListWndProc
 0001:000215B4       TCustomComboBox.MeasureItem
 0001:000208D4       TCustomComboBox.SetDroppedDown
 0001:00020A1C       TCustomComboBox.SetItemHeight
 0001:00020938       TCustomComboBox.SetItemIndex
 0001:00020A2C       TCustomComboBox.SetItems
 0001:00020964       TCustomComboBox.SetMaxLength
 0001:000209A4       TCustomComboBox.SetSorted
 0001:000209B8       TCustomComboBox.SetStyle
 0001:00020C50       TCustomComboBox.WMCreate
 0001:00020CD8       TCustomComboBox.WMDeleteItem
 0001:00020CC8       TCustomComboBox.WMDrawItem
 0001:00020C74       TCustomComboBox.WMEraseBkgnd
 0001:00020CE0       TCustomComboBox.WMGetDlgCode
 0001:000216D4       TCustomComboBox.WMLButtonDown
 0001:00020CD0       TCustomComboBox.WMMeasureItem
 0001:00021164       TCustomComboBox.WndProc
 0001:0002F510       TCustomControl.Create
 0001:0002F56C       TCustomControl.Destroy
 0001:0002F668       TCustomControl.Paint
 0001:0002F5BC       TCustomControl.PaintWindow
 0001:0002F59C       TCustomControl.WMPaint
 0001:00043090       TCustomDockForm.CMControlListChange
 0001:000430E8       TCustomDockForm.CMDockNotification
 0001:000431CC       TCustomDockForm.CMUnDockClient
 0001:000431E4       TCustomDockForm.CMVisibleChanged
 0001:00042DE8       TCustomDockForm.Create
 0001:00042E50       TCustomDockForm.DoAddDockClient
 0001:00042F38       TCustomDockForm.DoRemoveDockClient
 0001:00042FA4       TCustomDockForm.GetSiteInfo
 0001:00042F58       TCustomDockForm.Loaded
 0001:00042FD0       TCustomDockForm.WMNCHitTest
 0001:00042FF8       TCustomDockForm.WMNCLButtonDown
 0001:00020220       TCustomEdit.AdjustHeight
[...]
 0001:0004A43C       TForm_MilMag.ButtonAusClick
 0001:0004A4BC       TForm_MilMag.ButtonSendFctCodeClick
 0001:0004A5EC       TForm_MilMag.ButtonVoltHexPlusClick
 0001:0004A738       TForm_MilMag.ButtonVoltHexMinusClick
 0001:0004A884       TForm_MilMag.ButtonVoltDecPlusClick
 0001:0004A9A8       TForm_MilMag.ButtonVoltDecMinusClick
 0001:0004AACC       TForm_MilMag.EditVoltHexKP
 0001:0004AAE8       TForm_MilMag.EditVoltDecKP
 0001:0004AB0C       TForm_MilMag.EditVoltDecSKP
 0001:0004AB20       TForm_MilMag.ButtonSendSollWClick
 0001:0004AB34       TForm_MilMag.FormMilMagClose
 0001:0004AB70       TForm_MilMag.Info2Click
 0001:0004AB98       TForm_MilMag.ButtonEinPClick
 0001:0004AC18       TForm_MilMag.ButtonAusPClick
 0001:0004AC98       Finalization
 0001:0004ACC8       MilMag
 0001:0004AE74       TForm_PCICardSearch.FormCreate
 0001:0004B198       Finalization
 0001:0004B1C8       Unit_PCICardSearch
 0001:0004B1D0       Finalization
 0001:0004B348       Project1
 0002:00000000       Default8087CW
 0002:00000004       HeapAllocFlags
 0002:00000008       DebugHook
 0002:0000000C       JITEnable
 0002:00000010       NoErrMsg
 0002:00000014       LibModuleList
 0002:00000018       ModuleUnloadList
 0002:0000001C       MemoryManager
 0002:00000028       runErrMsg
 0002:00000048       errCaption
 0002:00000050       dig
 0002:00000060       .
 0002:000000A4       Module
 0002:000000BC       EmptyStr
 0002:000000C0       Win32Platform
 0002:000000C4       Win32MajorVersion
 0002:000000C8       Win32MinorVersion
 0002:000000CC       Win32BuildNumber
 0002:000000D0       Win32CSDVersion
 0002:000000D4       LeadBytes
 0002:000000F4       HexDisplayPrefix
 0002:000000F8       GetDiskFreeSpaceEx
 0002:000000FC       ExitProcList
 0002:00000100       AccessMode
 0002:0000010C       ShareMode
 0002:00000120       FormatErrorStrs
 0002:00000128       DefShortMonthNames
 0002:00000158       DefLongMonthNames
 0002:00000188       DefShortDayNames
 0002:000001A4       DefLongDayNames
 0002:000001C0       ErrorMap
 0002:000001F8       ExceptMap
 0002:000002A8       TerminateProcList
 0002:000002AC       BooleanIdents
 0002:000002B4       DotSep
 0002:000002B8       C10000
 0002:000002BC       FilerSignature
 0002:000002C0       NilMethod
 0002:000002C8       ValTtoVarT
 0002:00000318       DefFontData
 0002:00000344       DDBsOnly
 0002:00000348       Colors
 0002:00000498       FontCharsets
 0002:00000528       DefPenData
 0002:00000538       PenStyles
 0002:00000548       DefBrushData
 0002:00000558       PenModes
 0002:00000578       ClipboardFormats
 0002:0000057C       FileFormats
 0002:00000580       BitmapCanvasList
 0002:00000584       DIBPalSizes
 0002:00000588       PalSize
 0002:0000058C       Pal16
 0002:000005CC       FPrinter
 0002:000005D0       BorderStyles
 0002:000005D8       Alignments
 0002:000005E0       WordWraps
 0002:000005E4       WordWraps
 0002:000005E8       Passwords
 0002:000005F0       ReadOnlys
 0002:000005F8       CharCases
 0002:00000604       HideSelections
 0002:0000060C       OEMConverts
 0002:00000614       ComboBoxStyles
 0002:00000628       CharCases
 0002:00000634       Sorts
 0002:0000063C       ButtonStyles
 0002:00000644       Styles
 0002:00000650       Sorteds
 0002:00000658       MultiSelects
 0002:00000660       ExtendSelects
 0002:00000668       IntegralHeights
 0002:00000670       MultiColumns
 0002:00000678       TabStops
 0002:00000680       CSHREDRAW
 0002:00000688       CreationControl
 0002:0000068C       DefaultDockTreeClass
 0002:00000690       AnchorAlign
 0002:00000698       Cursors
 0002:00000748       CaptureControl
 0002:0000074C       ShowFlags
 0002:00000750       WindowPos
 0002:00000754       InnerStyles
 0002:00000764       OuterStyles
 0002:00000774       EdgeStyles
 0002:00000784       Ctl3DStyles
 0002:0000078C       OrientArray
 0002:00000794       MakeLast
 0002:0000079C       TreeStreamEndFlag
 0002:000007A0       SizeCursors
 0002:000007A8       IMM32DLL
 0002:000007AC       ModeMap
 0002:000007B4       Mask
 0002:000007BC       DrawingStyles
 0002:000007CC       Images
 0002:000007D4       ValidMenuHotkeys
 0002:000007D8       cMenuAutoFlagToItem
 0002:000007DC       cItemAutoFlagToMenu
 0002:000007E0       cBooleanToItemAutoFlag
 0002:000007E4       cItemAutoFlagToBoolean
 0002:000007E8       MenuKeyCaps
 0002:00000830       Checks
 0002:00000838       Enables
 0002:00000840       Breaks
 0002:0000084C       Separators
 0002:00000854       IBreaks
 0002:00000860       IChecks
 0002:00000868       IDefaults
 0002:00000870       IEnables
 0002:00000878       IRadios
 0002:00000880       ISeparators
 0002:00000888       IRTL
 0002:00000890       IOwnerDraw
 0002:00000898       Alignments
 0002:000008A0       EdgeStyle
 0002:000008A8       Alignments
 0002:000008B0       Flags
 0002:000008BC       Buttons
 0002:000008C0       HintWindowClass
 0002:000008C4       FocusMessages
 0002:000008C8       FocusCount
 0002:000008CC       TaskActiveWindow
 0002:000008D0       TaskFirstWindow
 0002:000008D4       TaskFirstTopMost
 0002:000008D8       TaskWindowList
 0002:000008DC       BlockCode
 0002:000008E0       UtilWindowClass
 0002:00000908       SysConsts
 0002:00000910       SysConsts
 0002:00000918       Props
 0002:00000940       Styles
 0002:0000094C       BorderStyles
 0002:00000954       ShowCommands
 0002:00000960       ShowCommands
 0002:0000096C       ShowCommands
 0002:00000978       CursorMap
 0002:000009CC       WindowClass
 0002:000009F4       AppVisible
 0002:000009F8       ShowFlags
 0002:000009FC       BorderStyles
 0002:00000A04       Alignments
 0002:00000A10       WndProcPtrAtom
 0002:00000A14       Captions
 0002:00000A28       ButtonNames
 0002:00000A54       ButtonCaptions
 0002:00001000       ExceptProc
 0002:00001004       ErrorProc
 0002:00001008       ExceptClsProc
 0002:0000100C       ExceptObjProc
 0002:00001010       ExceptionClass
 0002:00001014       AssertErrorProc
 0002:00001018       AbstractErrorProc
 0002:0000101C       MainInstance
 0002:00001020       MainThreadID
 0002:00001024       IsLibrary
 0002:00001028       CmdShow
 0002:0000102C       CmdLine
 0002:00001030       InitProc
 0002:00001034       ExitCode
 0002:00001038       ExitProc
 0002:0000103C       ErrorAddr
 0002:00001040       RandSeed
 0002:00001044       IsConsole
 0002:00001045       IsMultiThread
 0002:00001046       FileMode
 0002:00001047       Test8086
 0002:00001048       Test8087
 0002:0000104C       Input
 0002:00001218       Output
 0002:000013E4       ClearAnyProc
 0002:000013E8       ChangeAnyProc
 0002:000013EC       RefAnyProc
 0002:000013F0       Unassigned
 0002:00001400       Null
 0002:00001410       EmptyParam
 0002:00001420       AllocMemCount
 0002:00001424       AllocMemSize
 0002:00001428       .3
 0002:0000142C       initialized
 0002:00001430       heapErrorCode
 0002:00001434       heapLock
 0002:0000144C       blockDescBlockList
 0002:00001450       blockDescFreeList
 0002:00001454       spaceRoot
 0002:00001464       decommittedRoot
 0002:00001474       avail
 0002:00001480       rover
 0002:00001484       remBytes
 0002:00001488       curAlloc
 0002:0000148C       smallTab
 0002:00001490       committedRoot
 0002:000014A0       InitContext
 0002:000014CC       ModuleIsLib
 0002:000014CD       ModuleIsCpp
 0002:000014D0       TlsIndex
 0002:000014D8       HInstance
 0002:000014DC       .1
 0002:000014E0       TlsBuffer
 0002:000014E4       .3
 0002:000014E8       .1
 0002:000014EC       .1
 0002:000014F0       CurrencyString
 0002:000014F4       CurrencyFormat
 0002:000014F5       NegCurrFormat
 0002:000014F6       ThousandSeparator
 0002:000014F7       DecimalSeparator
 0002:000014F8       CurrencyDecimals
 0002:000014F9       DateSeparator
 0002:000014FC       ShortDateFormat
 0002:00001500       LongDateFormat
 0002:00001504       TimeSeparator
 0002:00001508       TimeAMString
 0002:0000150C       TimePMString
 0002:00001510       ShortTimeFormat
 0002:00001514       LongTimeFormat
 0002:00001518       ShortMonthNames
 0002:00001548       LongMonthNames
 0002:00001578       ShortDayNames
 0002:00001594       LongDayNames
 0002:000015B0       SysLocale
 0002:000015BC       EraNames
 0002:000015D8       EraYearOffsets
 0002:000015F4       ListSeparator
 0002:000015F8       .44
 0002:000015FC       OutOfMemory
 0002:00001600       InvalidPointer
 0002:00001604       FLanguages
 0002:00001608       .3
 0002:0000160C       .1
 0002:00001610       .5
 0002:00001614       GlobalNameSpace
 0002:00001618       FindGlobalComponent
 0002:0000161C       .84
 0002:00001620       ClassList
 0002:00001624       ClassAliasList
 0002:00001628       IntConstList
 0002:0000162C       GlobalFixupList
 0002:00001630       ThreadLock
 0002:00001648       ThreadWindow
 0002:0000164C       SystemPalette16
 0002:00001650       .81
 0002:00001654       ScreenLogPixels
 0002:00001658       StockPen
 0002:0000165C       StockBrush
 0002:00001660       StockFont
 0002:00001664       StockIcon
 0002:00001668       BitmapImageLock
 0002:00001680       CounterLock
 0002:00001698       FontManager
 0002:0000169C       PenManager
 0002:000016A0       BrushManager
 0002:000016A4       CanvasList
 0002:000016A8       PatternManager
 0002:000016AC       .9
 0002:000016B0       .1
 0002:000016B4       GetSystemMetrics
 0002:000016B8       MonitorFromWindow
 0002:000016BC       MonitorFromRect
 0002:000016C0       MonitorFromPoint
 0002:000016C4       GetMonitorInfoA
 0002:000016C8       GetMonitorInfoW
 0002:000016CC       GetMonitorInfo
 0002:000016D0       EnumDisplayMonitors
 0002:000016D4       .1
 0002:000016D8       User32Dll
 0002:000016DC       InitApis
 0002:000016E4       MMAvailable
 0002:000016E8       .1
 0002:000016EC       .2
 0002:000016F0       .3
 0002:000016F4       .3
 0002:000016F8       FlatSB_EnableScrollBar
 0002:000016FC       FlatSB_ShowScrollBar
 0002:00001700       FlatSB_GetScrollRange
 0002:00001704       FlatSB_GetScrollInfo
 0002:00001708       FlatSB_GetScrollPos
 0002:0000170C       FlatSB_SetScrollPos
 0002:00001710       FlatSB_SetScrollInfo
 0002:00001714       FlatSB_SetScrollRange
 0002:00001718       .1
 0002:0000171C       _FlatSB_GetScrollProp
 0002:00001720       _FlatSB_SetScrollProp
 0002:00001724       _InitializeFlatSB
 0002:00001728       _UninitializeFlatSB
 0002:0000172C       .22
 0002:00001730       CF_PICTURE
 0002:00001732       CF_COMPONENT
 0002:00001734       .2
 0002:00001738       FClipboard
 0002:0000173C       .02
 0002:00001740       Mouse
 0002:00001744       NewStyleControls
 0002:00001748       .22
 0002:0000174C       WindowAtom
 0002:0000174E       ControlAtom
 0002:00001750       DragControl
 0002:00001754       DragObject
 0002:00001758       DragFreeObject
 0002:0000175C       DragCapture
 0002:00001760       DragStartPos
 0002:00001768       DragSaveCursor
 0002:0000176C       DragThreshold
 0002:00001770       ActiveDrag
 0002:00001774       DragImageList
 0002:00001778       DockSiteList
 0002:0000177C       QualifyingSites
 0002:00001780       CanvasList
 0002:00001784       _WINNLSEnableIME
 0002:00001788       _ImmGetContext
 0002:0000178C       _ImmReleaseContext
 0002:00001790       _ImmGetConversionStatus
 0002:00001794       _ImmSetConversionStatus
 0002:00001798       _ImmSetOpenStatus
 0002:0000179C       _ImmSetCompositionWindow
 0002:000017A0       _ImmSetCompositionFont
 0002:000017A4       _ImmGetCompositionString
 0002:000017A8       _ImmIsIME
 0002:000017AC       _ImmNotifyIME
 0002:000017B0       .7
 0002:000017B4       .3
 0002:000017B8       PopupList
 0002:000017BC       ShortCutItems
 0002:000017C0       .9
 0002:000017C4       CommandPool
 0002:000017C8       Application
 0002:000017CC       Screen
 0002:000017D0       .51
 0002:000017D4       InstBlockList
 0002:000017D8       InstFreeList
 0002:000017DC       HintThreadID
 0002:000017E0       HintDoneEvent
 0002:000017E4       HintHook
 0002:000017E8       HintThread
 0002:000017EC       Cardauswahl
 0002:000017F0       .1
 0002:000017F4       .1
 0002:000017F8       .1
 0002:000017FC       .1
 0002:00001800       .1
 0002:00001804       .1
 0002:00001808       .1
 0002:0000180C       .61
 0002:00001810       .1
 0002:00001814       .01
 0002:00001818       HelpMsg
 0002:0000181C       FindMsg
 0002:00001820       Form1
 0002:00001824       .2
 0002:00001828       Form_MilMag
 0002:0000182C       .2
 0002:00001830       Form_PCICardSearch
 0002:00001834       .2


Line numbers for SysConst(sysconst.pas) segment .text

   121 0001:000060C4   121 0001:000060CB

Line numbers for Consts(Consts.pas) segment .text

   351 0001:0000A480   351 0001:0000A487

Line numbers for UnitMil(UnitMil.pas) segment .text

   131 0001:00046894   133 0001:0004689C   137 0001:000468A4   142 0001:000468AC
   147 0001:000468B4   155 0001:000468BC   158 0001:000468C4   162 0001:000468CC
   177 0001:000468D4   309 0001:000468DC   310 0001:000468FC   311 0001:00046901
   312 0001:00046908   317 0001:0004690D   318 0001:00046924   319 0001:00046928
   320 0001:0004692D   326 0001:00046949   315 0001:0004694A   328 0001:0004696F
   336 0001:00046974   337 0001:0004697F   338 0001:0004698B   339 0001:0004699A
   340 0001:000469A3   341 0001:000469AB   343 0001:000469C4   345 0001:000469DB
   338 0001:000469DC   345 0001:000469E2   347 0001:00046A18   347 0001:00046A1F

Line numbers for Info(Info.pas) segment .text

    34 0001:00048F1C    35 0001:00048F26    37 0001:00048F58    37 0001:00048F5F

Line numbers for MilMag(MilMag.pas) segment .text

   138 0001:000497F8   139 0001:000497F9   140 0001:0004980D   148 0001:00049810
   149 0001:0004983F   150 0001:00049844   151 0001:0004984B   153 0001:00049853
   156 0001:00049858   158 0001:0004985D   159 0001:0004987D   160 0001:0004989A
   156 0001:0004989B   163 0001:0004989E   164 0001:000498B1   153 0001:000498C6
   167 0001:000498F5   174 0001:00049908   176 0001:00049914   178 0001:0004991B
   180 0001:00049920   184 0001:0004993F   185 0001:00049943   187 0001:00049966
   192 0001:0004998E   198 0001:000499AC   199 0001:000499B8   200 0001:000499C5
   201 0001:000499EE   222 0001:00049A04   224 0001:00049A2A   225 0001:00049A2E
   226 0001:00049A32   228 0001:00049A36   230 0001:00049A44   233 0001:00049A7D
   237 0001:00049A87   238 0001:00049A94   239 0001:00049AA1   242 0001:00049AAE
   243 0001:00049ACF   244 0001:00049AF0   247 0001:00049B11   248 0001:00049B1F
   249 0001:00049B2D   252 0001:00049B3B   255 0001:00049B49   256 0001:00049B59
   259 0001:00049B69   262 0001:00049B77   263 0001:00049B87   266 0001:00049B97
   269 0001:00049BA5   270 0001:00049BB5   271 0001:00049BFC   284 0001:00049C10
   286 0001:00049C2D   288 0001:00049C3B   291 0001:00049C77   295 0001:00049C81
   298 0001:00049C98   302 0001:00049CB0   303 0001:00049CCE   309 0001:00049CEC
   312 0001:00049D10   313 0001:00049D1C   320 0001:00049D2F   323 0001:00049D53
   324 0001:00049D5F   327 0001:00049DA9   336 0001:00049DBC   337 0001:00049DDC
   339 0001:00049DE1   342 0001:00049DFA   343 0001:00049DFE   344 0001:00049E01
   345 0001:00049E07   346 0001:00049E46   362 0001:00049E4C   365 0001:00049E6F
   368 0001:00049E9C   369 0001:00049EA1   370 0001:00049EAF   372 0001:00049EEE
   373 0001:00049F01   376 0001:00049F0D   377 0001:00049F1B   379 0001:00049F4C
   380 0001:00049F5F   385 0001:00049F69   386 0001:00049F6E   387 0001:00049F78
   389 0001:00049F90   390 0001:00049F9E   391 0001:00049FA8   392 0001:00049FCB
   393 0001:00049FF8   394 0001:0004A002   398 0001:0004A015   401 0001:0004A02F
   402 0001:0004A09B   410 0001:0004A0E0   412 0001:0004A0FD   413 0001:0004A111
   414 0001:0004A118   415 0001:0004A126   416 0001:0004A13C   417 0001:0004A15A
   418 0001:0004A170   419 0001:0004A182   422 0001:0004A1A9   428 0001:0004A1B0
   429 0001:0004A1CC   430 0001:0004A1D7   431 0001:0004A1E5   432 0001:0004A1FB
   433 0001:0004A219   434 0001:0004A22F   435 0001:0004A256   441 0001:0004A25C
   444 0001:0004A276   445 0001:0004A28F   446 0001:0004A29D   448 0001:0004A2D9
   451 0001:0004A2E3   452 0001:0004A2E7   453 0001:0004A2EC   456 0001:0004A31E
   461 0001:0004A334   462 0001:0004A339   471 0001:0004A33C   473 0001:0004A352
   476 0001:0004A354   478 0001:0004A37F   479 0001:0004A3AB   486 0001:0004A3BC
   488 0001:0004A3D2   491 0001:0004A3D4   493 0001:0004A3FF   494 0001:0004A42B
   501 0001:0004A43C   503 0001:0004A452   506 0001:0004A454   508 0001:0004A47F
   509 0001:0004A4AB   517 0001:0004A4BC   519 0001:0004A4D6   521 0001:0004A503
   523 0001:0004A511   525 0001:0004A54D   526 0001:0004A560   529 0001:0004A56A
   530 0001:0004A5A8   537 0001:0004A5EC   538 0001:0004A607   539 0001:0004A615
   540 0001:0004A642   542 0001:0004A67E   543 0001:0004A691   546 0001:0004A69B
   547 0001:0004A69D   548 0001:0004A6BF   549 0001:0004A6C6   550 0001:0004A6CB
   551 0001:0004A70D   559 0001:0004A738   560 0001:0004A753   561 0001:0004A761
   562 0001:0004A78E   564 0001:0004A7CA   565 0001:0004A7DD   568 0001:0004A7E7
   569 0001:0004A7E9   570 0001:0004A80B   571 0001:0004A812   572 0001:0004A817
   573 0001:0004A859   583 0001:0004A884   584 0001:0004A8A6   585 0001:0004A8C8
   587 0001:0004A8EA   588 0001:0004A8F0   590 0001:0004A905   591 0001:0004A90F
   592 0001:0004A93C   593 0001:0004A94F   594 0001:0004A956   595 0001:0004A95B
   597 0001:0004A98A   607 0001:0004A9A8   608 0001:0004A9CA   609 0001:0004A9EC
   611 0001:0004AA0E   612 0001:0004AA14   614 0001:0004AA29   615 0001:0004AA33
   616 0001:0004AA60   617 0001:0004AA73   618 0001:0004AA7A   619 0001:0004AA7F
   621 0001:0004AAAE   625 0001:0004AACC   626 0001:0004AAD1   627 0001:0004AAD4
   628 0001:0004AADB   629 0001:0004AAE0   631 0001:0004AAE5   636 0001:0004AAE8
   637 0001:0004AAED   638 0001:0004AAF1   639 0001:0004AAF6   640 0001:0004AAF9
   641 0001:0004AB00   642 0001:0004AB05   644 0001:0004AB0A   648 0001:0004AB0C
   649 0001:0004AB11   650 0001:0004AB15   651 0001:0004AB1A   653 0001:0004AB1D
   657 0001:0004AB20   658 0001:0004AB27   659 0001:0004AB2C   660 0001:0004AB31
   664 0001:0004AB34   665 0001:0004AB37   666 0001:0004AB44   667 0001:0004AB51
   668 0001:0004AB5F   669 0001:0004AB6B   673 0001:0004AB70   674 0001:0004AB88
   675 0001:0004AB94   682 0001:0004AB98   684 0001:0004ABAE   687 0001:0004ABB0
   689 0001:0004ABDB   690 0001:0004AC07   697 0001:0004AC18   699 0001:0004AC2E
   702 0001:0004AC30   704 0001:0004AC5B   705 0001:0004AC87   707 0001:0004ACC8
   707 0001:0004ACCF

Line numbers for Unit_PCICardSearch(Unit_PCICardSearch.pas) segment .text

    35 0001:0004AE74    36 0001:0004AE93    38 0001:0004AE95    39 0001:0004AE9F
    42 0001:0004AEA9    45 0001:0004AEB0    46 0001:0004AEB4    47 0001:0004AECC
    50 0001:0004AED6    51 0001:0004AEDF    52 0001:0004AEE7    53 0001:0004AEFC
    56 0001:0004AF09    57 0001:0004AF19    58 0001:0004AF1D    59 0001:0004AF2A
    60 0001:0004AF32    61 0001:0004AF47    59 0001:0004AF48    62 0001:0004AF4B
    63 0001:0004AF68    65 0001:0004AF77    66 0001:0004AF83    67 0001:0004AF9B
    68 0001:0004AFA7    71 0001:0004AFB8    72 0001:0004AFCD    73 0001:0004AFDA
    74 0001:0004AFE9    75 0001:0004AFF4    76 0001:0004AFF8    77 0001:0004B00D
    79 0001:0004B01C    80 0001:0004B031    81 0001:0004B03E    82 0001:0004B048
    83 0001:0004B060    84 0001:0004B06C    85 0001:0004B078    86 0001:0004B084
    88 0001:0004B086    73 0001:0004B087    89 0001:0004B08E    90 0001:0004B092
    91 0001:0004B0AA    94 0001:0004B0D9    95 0001:0004B1C8    95 0001:0004B1CF

Line numbers for Project1(F:\WindDriverMaster\Schaeffer\Mil_Mag_V02\Project1.dpr) segment .text

    12 0001:0004B348    13 0001:0004B358    14 0001:0004B364    15 0001:0004B375
    16 0001:0004B38D    17 0001:0004B3A5    18 0001:0004B3B1

Bound resource files

f:\programme\borland\delphi5\Lib\CONTROLS.RES
Info.dfm
MilMag.dfm
Unit_PCICardSearch.dfm
Project1.res
Project1.drf


Program entry point at 0001:0004B348
