 PCIMilTreiberVBS

 Timestamp is 45420246 (Fri Oct 27 14:57:42 2006)

 Preferred load address is 10000000

 Start         Length     Name                   Class
 0001:00000000 000043faH .text                   CODE
 0001:00004400 0000002bH .text$x                 CODE
 0002:00000000 0000009cH .idata$5                DATA
 0002:000000a0 00000030H .xdata$x                DATA
 0002:000000d0 00000050H .idata$2                DATA
 0002:00000120 00000014H .idata$3                DATA
 0002:00000134 0000009cH .idata$4                DATA
 0002:000001d0 00000496H .idata$6                DATA
 0002:00000670 00000539H .edata                  DATA
 0003:00000000 00000004H .CRT$XCA                DATA
 0003:00000004 00000010H .CRT$XCU                DATA
 0003:00000014 00000004H .CRT$XCZ                DATA
 0003:00000018 00000004H .CRT$XIA                DATA
 0003:0000001c 00000004H .CRT$XIZ                DATA
 0003:00000020 000002b0H .data                   DATA
 0003:000002d0 00000460H .bss                    DATA

  Address         Publics by Value              Rva+Base     Lib:Object

 0001:00000000       _MILDRIVER_Version_0p05S_271006@0 10001000 f   main.obj
 0001:00000010       _MILDRIVER_VersionNr@4     10001010 f   main.obj
 0001:000000f0       _DllMain@12                100010f0 f   main.obj
 0001:00000170       _PCI_PCIcardCount@0        10001170 f   main.obj
 0001:00000190       _PCI_PrioritySet@4         10001190 f   main.obj
 0001:000001b0       _PCI_DriverOpen@4          100011b0 f   main.obj
 0001:00000270       _PCI_PCIcardReset@8        10001270 f   main.obj
 0001:000002f0       _PCI_ErrorString@8         100012f0 f   main.obj
 0001:000003f0       _PCI_TimerWait@16          100013f0 f   main.obj
 0001:00000480       _PCI_TimerSet@16           10001480 f   main.obj
 0001:00000510       _PCI_StatusRegRead@12      10001510 f   main.obj
 0001:00000590       _PCI_MilBusWrite@12        10001590 f   main.obj
 0001:00000610       _PCI_MilBusCMDWrite@12     10001610 f   main.obj
 0001:00000690       _PCI_IntMaskRead@12        10001690 f   main.obj
 0001:00000710       _PCI_IntMaskWrite@12       10001710 f   main.obj
 0001:00000790       _PCI_IntEnable@20          10001790 f   main.obj
 0001:00000860       _PCI_IntDisable@8          10001860 f   main.obj
 0001:000008d0       _PCI_IntWait@12            100018d0 f   main.obj
 0001:00000950       _PCI_IntAktiv@12           10001950 f   main.obj
 0001:000009d0       _PCI_IntWaitStop@8         100019d0 f   main.obj
 0001:00000a40       _PCI_CntrlRegSet@12        10001a40 f   main.obj
 0001:00000ac0       _PCI_CntrlRegRead@12       10001ac0 f   main.obj
 0001:00000b30       _PCI_EvFilterSet@16        10001b30 f   main.obj
 0001:00000ba0       _PCI_EvFiFoRead@16         10001ba0 f   main.obj
 0001:00000c10       _PCI_EvFilterRead@16       10001c10 f   main.obj
 0001:00000c80       _PCI_StatusTest@12         10001c80 f   main.obj
 0001:00000d00       _PCI_MilBusRead@16         10001d00 f   main.obj
 0001:00000db0       _PCI_EvTimerRead@12        10001db0 f   main.obj
 0001:00000e20       _PCI_PulsOutSet@28         10001e20 f   main.obj
 0001:00000fd0       _PCI_EvFilterClear@8       10001fd0 f   main.obj
 0001:00001040       _PCI_EvFiFioClear@8        10002040 f   main.obj
 0001:000010b0       _PCI_SoftPuls1Start@8      100020b0 f   main.obj
 0001:00001120       _PCI_SoftPuls1Stop@8       10002120 f   main.obj
 0001:00001190       _PCI_SoftPuls2Start@8      10002190 f   main.obj
 0001:00001200       _PCI_SoftPuls2Stop@8       10002200 f   main.obj
 0001:00001270       _PCI_SoftPuls3Start@8      10002270 f   main.obj
 0001:000012e0       _PCI_SoftPuls3Stop@8       100022e0 f   main.obj
 0001:00001350       _PCI_SoftPuls4Start@8      10002350 f   main.obj
 0001:000013c0       _PCI_SoftPuls4Stop@8       100023c0 f   main.obj
 0001:00001430       _PCI_SoftPuls5Start@8      10002430 f   main.obj
 0001:000014a0       _PCI_SoftPuls5Stop@8       100024a0 f   main.obj
 0001:00001510       _PCI_IntNextEnable@8       10002510 f   main.obj
 0001:00001580       _PCI_DriverClose@4         10002580 f   main.obj
 0001:00001680       ?MYDRIVER_IntHandlerRoutine@@YAXPAX@Z 10002680 f   MilDriver.obj
 0001:000016a0       ?CountPCCards@@YAHAAH@Z    100026a0 f   MilDriver.obj
 0001:000016d0       ?SetPriority@@YA_NH@Z      100026d0 f   MilDriver.obj
 0001:00001720       ?PrintErrorMessage@@YA?AV?$basic_string@DU?$char_traits@D@std@@V?$allocator@D@2@@std@@I@Z 10002720 f   MilDriver.obj
 0001:00001dc0       ??0MilDriver@@QAE@XZ       10002dc0 f   MilDriver.obj
 0001:00001e20       ??1MilDriver@@QAE@XZ       10002e20 f   MilDriver.obj
 0001:00001e40       ?OpenBoard@MilDriver@@AAEH_NH@Z 10002e40 f   MilDriver.obj
 0001:00001e80       ?CloseBoard@MilDriver@@AAEXXZ 10002e80 f   MilDriver.obj
 0001:00001e90       ?SendCommand@MilDriver@@AAEXG@Z 10002e90 f   MilDriver.obj
 0001:00001eb0       ?WriteMilBus@MilDriver@@AAEXG@Z 10002eb0 f   MilDriver.obj
 0001:00001ed0       ?ReadMilBus@MilDriver@@AAEXAAG@Z 10002ed0 f   MilDriver.obj
 0001:00001ef0       ?ReadEventFiFo@MilDriver@@AAEXAAG@Z 10002ef0 f   MilDriver.obj
 0001:00001f10       ?SetTimer1@MilDriver@@AAEXK@Z 10002f10 f   MilDriver.obj
 0001:00001f30       ?SetTimer2_10us@MilDriver@@AAEXK@Z 10002f30 f   MilDriver.obj
 0001:00001f50       ?SetTimer2_1ms@MilDriver@@AAEXK@Z 10002f50 f   MilDriver.obj
 0001:00001f70       ?ReadEVTimer@MilDriver@@AAEXAAK@Z 10002f70 f   MilDriver.obj
 0001:00001f90       ?MilBusStatus@MilDriver@@AAEXAAK@Z 10002f90 f   MilDriver.obj
 0001:00001fb0       ?ResetCard@MilDriver@@AAEXXZ 10002fb0 f   MilDriver.obj
 0001:00001fc0       ?SetControlRegister1@MilDriver@@AAEXG@Z 10002fc0 f   MilDriver.obj
 0001:00001fe0       ?ReadControlRegister1@MilDriver@@AAEXAAG@Z 10002fe0 f   MilDriver.obj
 0001:00002000       ?ReadEventFilter@MilDriver@@AAEXAAKG@Z 10003000 f   MilDriver.obj
 0001:00002020       ?SetEventFilter@MilDriver@@AAEXGG@Z 10003020 f   MilDriver.obj
 0001:00002050       ?IntEnable@MilDriver@@AAEHP6AXPAX@Z0G@Z 10003050 f   MilDriver.obj
 0001:00002070       ?IntDisable@MilDriver@@AAEXXZ 10003070 f   MilDriver.obj
 0001:00002090       ?ReadIntMask@MilDriver@@AAEXAAK@Z 10003090 f   MilDriver.obj
 0001:000020b0       ?WriteIntMask@MilDriver@@AAEXK@Z 100030b0 f   MilDriver.obj
 0001:000020d0       ?TestCard@MilDriver@@AAEHXZ 100030d0 f   MilDriver.obj
 0001:00002240       ?TestStatus@MilDriver@@AAE_NK@Z 10003240 f   MilDriver.obj
 0001:00002270       ?wait@MilDriver@@QAEXH@Z   10003270 f   MilDriver.obj
 0001:000022b0       ?ConnectMilBus@MilDriver@@QAEHK@Z 100032b0 f   MilDriver.obj
 0001:000022d0       ?ResetPCICard@MilDriver@@QAEXAAK@Z 100032d0 f   MilDriver.obj
 0001:000022f0       ?WaitOfTimer2@MilDriver@@QAEXGW4_TimerBase@@AAK@Z 100032f0 f   MilDriver.obj
 0001:00002360       ?SetTimer2@MilDriver@@QAEXGW4_TimerBase@@AAK@Z 10003360 f   MilDriver.obj
 0001:000023b0       ?SetCntrlReg1@MilDriver@@QAEXEAAK@Z 100033b0 f   MilDriver.obj
 0001:00002780       ?ReadCntrlReg1@MilDriver@@QAEXAAEAAK@Z 10003780 f   MilDriver.obj
 0001:000027c0       ?TestCardStatus@MilDriver@@QAE_NKAAK@Z 100037c0 f   MilDriver.obj
 0001:000027f0       ?WaitMilBusWrite@MilDriver@@AAE_NXZ 100037f0 f   MilDriver.obj
 0001:00002850       ?Write_INTCSR@MilDriver@@AAEXK@Z 10003850 f   MilDriver.obj
 0001:00002870       ?WaitMilBusRead@MilDriver@@AAE_NXZ 10003870 f   MilDriver.obj
 0001:000028d0       ?ReadStatusReg@MilDriver@@QAEXAAK0@Z 100038d0 f   MilDriver.obj
 0001:00002900       ?ReadDataFromFiFo@MilDriver@@QAEXAAGAAKAA_N@Z 10003900 f   MilDriver.obj
 0001:00002950       ?ReadData@MilDriver@@QAEXAAGAAK@Z 10003950 f   MilDriver.obj
 0001:000029a0       ?WriteData@MilDriver@@QAEXGAAK@Z 100039a0 f   MilDriver.obj
 0001:000029f0       ?WriteCMD@MilDriver@@QAEXGAAK@Z 100039f0 f   MilDriver.obj
 0001:00002a40       ?ReadEVFromFiFo@MilDriver@@QAEXAAGAAKAA_N@Z 10003a40 f   MilDriver.obj
 0001:00002aa0       ?SetEVFilter@MilDriver@@QAEXGEAAK@Z 10003aa0 f   MilDriver.obj
 0001:00002c70       ?ReadFromEVFilter@MilDriver@@QAEXGAAEAAK@Z 10003c70 f   MilDriver.obj
 0001:00002cd0       ?ReadEventTimer@MilDriver@@QAEXAAK0@Z 10003cd0 f   MilDriver.obj
 0001:00002d00       ?ClearEvFilter@MilDriver@@QAEXAAK@Z 10003d00 f   MilDriver.obj
 0001:00002d40       ?ClearEvFiFio@MilDriver@@QAEXAAK@Z 10003d40 f   MilDriver.obj
 0001:00002da0       ?ReadInterruptMask@MilDriver@@QAEXAAK0@Z 10003da0 f   MilDriver.obj
 0001:00002dd0       ?WriteInterruptMask@MilDriver@@QAEXKAAK@Z 10003dd0 f   MilDriver.obj
 0001:00002e10       ?InterruptEnable@MilDriver@@QAEXAAKP6AXPAX@Z1G@Z 10003e10 f   MilDriver.obj
 0001:00002e90       ?InterruptDisable@MilDriver@@QAEXAAK@Z 10003e90 f   MilDriver.obj
 0001:00002ed0       ?InterPLXEnable@MilDriver@@QAEXAAK@Z 10003ed0 f   MilDriver.obj
 0001:00002ef0       ?InterruptWait@MilDriver@@QAEXAAK0@Z 10003ef0 f   MilDriver.obj
 0001:00002fb0       ?Int_Aktiv@MilDriver@@QAEXAAK0@Z 10003fb0 f   MilDriver.obj
 0001:00003000       ?StopInterruptWait@MilDriver@@QAEXAAK@Z 10004000 f   MilDriver.obj
 0001:00003040       ?Puls1_Start_Soft@MilDriver@@QAEXAAK@Z 10004040 f   MilDriver.obj
 0001:00003070       ?Puls1_Stop_Soft@MilDriver@@QAEXAAK@Z 10004070 f   MilDriver.obj
 0001:000030a0       ?Puls2_Start_Soft@MilDriver@@QAEXAAK@Z 100040a0 f   MilDriver.obj
 0001:000030d0       ?Puls2_Stop_Soft@MilDriver@@QAEXAAK@Z 100040d0 f   MilDriver.obj
 0001:00003100       ?Puls3_Start_Soft@MilDriver@@QAEXAAK@Z 10004100 f   MilDriver.obj
 0001:00003130       ?Puls3_Stop_Soft@MilDriver@@QAEXAAK@Z 10004130 f   MilDriver.obj
 0001:00003160       ?Puls4_Start_Soft@MilDriver@@QAEXAAK@Z 10004160 f   MilDriver.obj
 0001:00003190       ?Puls4_Stop_Soft@MilDriver@@QAEXAAK@Z 10004190 f   MilDriver.obj
 0001:000031c0       ?Puls5_Start_Soft@MilDriver@@QAEXAAK@Z 100041c0 f   MilDriver.obj
 0001:000031f0       ?Puls5_Stop_Soft@MilDriver@@QAEXAAK@Z 100041f0 f   MilDriver.obj
 0001:000032a0       _MYDRIVER_LocateAndOpenBoard 100042a0 f   mydriver_diag.obj
 0001:00003340       _MYDRIVER_CountCards       10004340 f   mydriver_lib.obj
 0001:00003420       _MYDRIVER_Open             10004420 f   mydriver_lib.obj
 0001:000036f0       _MYDRIVER_Close            100046f0 f   mydriver_lib.obj
 0001:00003750       _MYDRIVER_RegisterWinDriver 10004750 f   mydriver_lib.obj
 0001:000037b0       _MYDRIVER_ReadPCIReg       100047b0 f   mydriver_lib.obj
 0001:00003820       _MYDRIVER_DetectCardElements 10004820 f   mydriver_lib.obj
 0001:00003a30       _MYDRIVER_IsAddrSpaceActive 10004a30 f   mydriver_lib.obj
 0001:00003a50       _MYDRIVER_ReadWriteBlock   10004a50 f   mydriver_lib.obj
 0001:00003b90       _MYDRIVER_ReadDword        10004b90 f   mydriver_lib.obj
 0001:00003bf0       _MYDRIVER_WriteDword       10004bf0 f   mydriver_lib.obj
 0001:00003c50       _MYDRIVER_WriteMil_cmd     10004c50 f   mydriver_lib.obj
 0001:00003c70       _MYDRIVER_WriteMil_write   10004c70 f   mydriver_lib.obj
 0001:00003c90       _MYDRIVER_WriteReset_Card  10004c90 f   mydriver_lib.obj
 0001:00003cb0       _MYDRIVER_ReadMil_read     10004cb0 f   mydriver_lib.obj
 0001:00003cd0       _MYDRIVER_WriteSet_Timer2_10us 10004cd0 f   mydriver_lib.obj
 0001:00003cf0       _MYDRIVER_WriteSet_Timer1  10004cf0 f   mydriver_lib.obj
 0001:00003d10       _MYDRIVER_WriteSet_Timer2_1ms 10004d10 f   mydriver_lib.obj
 0001:00003d30       _MYDRIVER_Read_C_Filter_ADR 10004d30 f   mydriver_lib.obj
 0001:00003d50       _MYDRIVER_Write_C_Filter_ADR 10004d50 f   mydriver_lib.obj
 0001:00003d70       _MYDRIVER_ReadMil_Status   10004d70 f   mydriver_lib.obj
 0001:00003d90       _MYDRIVER_WriteControlRegister1 10004d90 f   mydriver_lib.obj
 0001:00003db0       _MYDRIVER_ReadControlRegister1 10004db0 f   mydriver_lib.obj
 0001:00003dd0       _MYDRIVER_ReadEV_Time_Rd   10004dd0 f   mydriver_lib.obj
 0001:00003df0       _MYDRIVER_ReadEvent_Read   10004df0 f   mydriver_lib.obj
 0001:00003e10       _MYDRIVER_ReadIntrrrupt_Mask 10004e10 f   mydriver_lib.obj
 0001:00003e30       _MYDRIVER_WriteIntrrrupt_Mask 10004e30 f   mydriver_lib.obj
 0001:00003e50       _MYDRIVER_IntIsEnabled     10004e50 f   mydriver_lib.obj
 0001:00003e70       _MYDRIVER_IntHandler       10004e70 f   mydriver_lib.obj
 0001:00003e80       _MYDRIVER_IntEnable        10004e80 f   mydriver_lib.obj
 0001:00004060       _MYDRIVER_IntDisable       10005060 f   mydriver_lib.obj
 0001:000040e0       _MYDRIVER_WriteINTCSR      100050e0 f   mydriver_lib.obj
 0001:00004100       _MYDRIVER_WritePuls1_Start_Soft 10005100 f   mydriver_lib.obj
 0001:00004120       _MYDRIVER_WritePuls1_Stop_Soft 10005120 f   mydriver_lib.obj
 0001:00004140       _MYDRIVER_WritePuls2_Start_Soft 10005140 f   mydriver_lib.obj
 0001:00004160       _MYDRIVER_WritePuls2_Stop_Soft 10005160 f   mydriver_lib.obj
 0001:00004180       _MYDRIVER_WritePuls3_Start_Soft 10005180 f   mydriver_lib.obj
 0001:000041a0       _MYDRIVER_WritePuls3_Stop_Soft 100051a0 f   mydriver_lib.obj
 0001:000041c0       _MYDRIVER_WritePuls4_Start_Soft 100051c0 f   mydriver_lib.obj
 0001:000041e0       _MYDRIVER_WritePuls4_Stop_Soft 100051e0 f   mydriver_lib.obj
 0001:00004200       _MYDRIVER_WritePuls5_Start_Soft 10005200 f   mydriver_lib.obj
 0001:00004220       _MYDRIVER_WritePuls5_Stop_Soft 10005220 f   mydriver_lib.obj
 0001:00004240       ??3@YAXPAX@Z               10005240 f   msvcprt:delop_s.obj
 0001:0000424c       ??2@YAPAXI@Z               1000524c f   MSVCRT:MSVCRT.dll
 0001:00004252       __onexit                   10005252 f   MSVCRT:atonexit.obj
 0001:0000427e       _atexit                    1000527e f   MSVCRT:atonexit.obj
 0001:00004290       ___CxxFrameHandler         10005290 f   MSVCRT:MSVCRT.dll
 0001:000042a0       _free                      100052a0 f   MSVCRT:MSVCRT.dll
 0001:000042a6       __CRT_INIT@12              100052a6 f   MSVCRT:crtdll.obj
 0001:00004351       __DllMainCRTStartup@12     10005351 f   MSVCRT:crtdll.obj
 0001:000043ee       ___dllonexit               100053ee f   MSVCRT:MSVCRT.dll
 0001:000043f4       __initterm                 100053f4 f   MSVCRT:MSVCRT.dll
 0002:00000000       __imp__SetPriorityClass@8  10006000     kernel32:KERNEL32.dll
 0002:00000004       __imp__GetCurrentProcess@0 10006004     kernel32:KERNEL32.dll
 0002:00000008       __imp__GetCurrentThreadId@0 10006008     kernel32:KERNEL32.dll
 0002:0000000c       __imp__CloseHandle@4       1000600c     kernel32:KERNEL32.dll
 0002:00000010       __imp__CreateFileA@28      10006010     kernel32:KERNEL32.dll
 0002:00000014       __imp__DeviceIoControl@32  10006014     kernel32:KERNEL32.dll
 0002:00000018       __imp__GetThreadPriority@4 10006018     kernel32:KERNEL32.dll
 0002:0000001c       __imp__SetThreadPriority@8 1000601c     kernel32:KERNEL32.dll
 0002:00000020       __imp__CreateThread@24     10006020     kernel32:KERNEL32.dll
 0002:00000024       __imp__WaitForSingleObject@8 10006024     kernel32:KERNEL32.dll
 0002:00000028       \177KERNEL32_NULL_THUNK_DATA 10006028     kernel32:KERNEL32.dll
 0002:0000002c       __imp_?_Eos@?$basic_string@DU?$char_traits@D@std@@V?$allocator@D@2@@std@@AAEXI@Z 1000602c     msvcprt:MSVCP60.dll
 0002:00000030       __imp_??1?$basic_string@DU?$char_traits@D@std@@V?$allocator@D@2@@std@@QAE@XZ 10006030     msvcprt:MSVCP60.dll
 0002:00000034       __imp_?_C@?1??_Nullstr@?$basic_string@DU?$char_traits@D@std@@V?$allocator@D@2@@std@@CAPBDXZ@4DB 10006034     msvcprt:MSVCP60.dll
 0002:00000038       __imp_?_Grow@?$basic_string@DU?$char_traits@D@std@@V?$allocator@D@2@@std@@AAE_NI_N@Z 10006038     msvcprt:MSVCP60.dll
 0002:0000003c       __imp_?assign@?$basic_string@DU?$char_traits@D@std@@V?$allocator@D@2@@std@@QAEAAV12@PBDI@Z 1000603c     msvcprt:MSVCP60.dll
 0002:00000040       __imp_?assign@?$basic_string@DU?$char_traits@D@std@@V?$allocator@D@2@@std@@QAEAAV12@ABV12@II@Z 10006040     msvcprt:MSVCP60.dll
 0002:00000044       __imp_?npos@?$basic_string@DU?$char_traits@D@std@@V?$allocator@D@2@@std@@2IB 10006044     msvcprt:MSVCP60.dll
 0002:00000048       __imp_?_Tidy@?$basic_string@DU?$char_traits@D@std@@V?$allocator@D@2@@std@@AAEX_N@Z 10006048     msvcprt:MSVCP60.dll
 0002:0000004c       __imp_??0Init@ios_base@std@@QAE@XZ 1000604c     msvcprt:MSVCP60.dll
 0002:00000050       __imp_??1Init@ios_base@std@@QAE@XZ 10006050     msvcprt:MSVCP60.dll
 0002:00000054       __imp_??0_Winit@std@@QAE@XZ 10006054     msvcprt:MSVCP60.dll
 0002:00000058       __imp_??1_Winit@std@@QAE@XZ 10006058     msvcprt:MSVCP60.dll
 0002:0000005c       \177MSVCP60_NULL_THUNK_DATA 1000605c     msvcprt:MSVCP60.dll
 0002:00000060       __imp__time                10006060     MSVCRT:MSVCRT.dll
 0002:00000064       __imp___adjust_fdiv        10006064     MSVCRT:MSVCRT.dll
 0002:00000068       __imp___initterm           10006068     MSVCRT:MSVCRT.dll
 0002:0000006c       __imp_??2@YAPAXI@Z         1000606c     MSVCRT:MSVCRT.dll
 0002:00000070       __imp____CxxFrameHandler   10006070     MSVCRT:MSVCRT.dll
 0002:00000074       __imp__rand                10006074     MSVCRT:MSVCRT.dll
 0002:00000078       __imp__srand               10006078     MSVCRT:MSVCRT.dll
 0002:0000007c       __imp__free                1000607c     MSVCRT:MSVCRT.dll
 0002:00000080       __imp__malloc              10006080     MSVCRT:MSVCRT.dll
 0002:00000084       __imp____dllonexit         10006084     MSVCRT:MSVCRT.dll
 0002:00000088       __imp___onexit             10006088     MSVCRT:MSVCRT.dll
 0002:0000008c       \177MSVCRT_NULL_THUNK_DATA 1000608c     MSVCRT:MSVCRT.dll
 0002:00000090       __imp__GetMessageA@16      10006090     user32:USER32.dll
 0002:00000094       __imp__PostThreadMessageA@16 10006094     user32:USER32.dll
 0002:00000098       \177USER32_NULL_THUNK_DATA 10006098     user32:USER32.dll
 0002:000000d0       __IMPORT_DESCRIPTOR_KERNEL32 100060d0     kernel32:KERNEL32.dll
 0002:000000e4       __IMPORT_DESCRIPTOR_USER32 100060e4     user32:USER32.dll
 0002:000000f8       __IMPORT_DESCRIPTOR_MSVCP60 100060f8     msvcprt:MSVCP60.dll
 0002:0000010c       __IMPORT_DESCRIPTOR_MSVCRT 1000610c     MSVCRT:MSVCRT.dll
 0002:00000120       __NULL_IMPORT_DESCRIPTOR   10006120     kernel32:KERNEL32.dll
 0003:00000000       ___xc_a                    10007000     MSVCRT:cinitexe.obj
 0003:00000014       ___xc_z                    10007014     MSVCRT:cinitexe.obj
 0003:00000018       ___xi_a                    10007018     MSVCRT:cinitexe.obj
 0003:0000001c       ___xi_z                    1000701c     MSVCRT:cinitexe.obj
 0003:00000024       ??_C@_0BO@OOHI@WinDriver?5V4?433?5Jungo?5?$CIc?$CJ2000?$AA@ 10007024     main.obj
 0003:00000044       ??_C@_0O@IKGB@Version?50?405S?$AA@ 10007044     main.obj
 0003:00000058       ??_C@_0BK@GDPI@Failed?5set?5interrupt?5prio?$AA@ 10007058     MilDriver.obj
 0003:00000074       ??_C@_0BD@HHGF@Unrequested?5receiv?$AA@ 10007074     MilDriver.obj
 0003:00000088       ??_C@_0BA@LMEP@Undefined?5Error?$AA@ 10007088     MilDriver.obj
 0003:00000098       ??_C@_0BF@JGAK@Master?5?1?5Slave?5Error?$AA@ 10007098     MilDriver.obj
 0003:000000b0       ??_C@_0BI@CEAE@Failed?5interrupt?5enable?$AA@ 100070b0     MilDriver.obj
 0003:000000c8       ??_C@_0BI@GJJG@IntMask?5value?5incorrect?$AA@ 100070c8     MilDriver.obj
 0003:000000e0       ??_C@_0CB@IJJK@Gerneral?5Error?5maybe?5Value?5error@ 100070e0     MilDriver.obj
 0003:00000104       ??_C@_0BD@JINH@IFFK?5Nr?4?5not?5equal?$AA@ 10007104     MilDriver.obj
 0003:00000118       ??_C@_0BA@GMNK@No?5data?5to?5read?$AA@ 10007118     MilDriver.obj
 0003:00000128       ??_C@_0BA@NOBB@Event?5Nr?4?5error?$AA@ 10007128     MilDriver.obj
 0003:00000138       ??_C@_0BB@LGPH@FiFo?5not?5cleared?$AA@ 10007138     MilDriver.obj
 0003:0000014c       ??_C@_0BE@MEOM@Read?5MilBus?5Timeout?$AA@ 1000714c     MilDriver.obj
 0003:00000160       ??_C@_0BF@LCMF@Write?5MilBus?5Timeout?$AA@ 10007160     MilDriver.obj
 0003:00000178       ??_C@_0P@IHEJ@FiFo?5not?5empty?$AA@ 10007178     MilDriver.obj
 0003:00000188       ??_C@_0BE@OBDF@Invalid?5Card?5Number?$AA@ 10007188     MilDriver.obj
 0003:0000019c       ??_C@_0O@FGIP@No?5Cards?5Open?$AA@ 1000719c     MilDriver.obj
 0003:000001ac       ??_C@_0N@OEK@Fifo?5is?5Full?$AA@ 100071ac     MilDriver.obj
 0003:000001bc       ??_C@_0BL@EJMO@Cant?5open?5WinDriver?5device?$AA@ 100071bc     MilDriver.obj
 0003:000001d8       ??_C@_0M@OFEG@MilBus?5busy?$AA@ 100071d8     MilDriver.obj
 0003:000001e4       ??_C@_0BG@POMM@Timer?51?12?5not?5running?$AA@ 100071e4     MilDriver.obj
 0003:000001fc       ??_C@_0BE@MMAH@Invalid?5Handlevalue?$AA@ 100071fc     MilDriver.obj
 0003:00000210       ??_C@_0BN@JEMG@Incorrecte?5WinDriver?5Version?$AA@ 10007210     MilDriver.obj
 0003:00000230       ??_C@_0BC@MIKG@Open?5Card?5Failure?$AA@ 10007230     MilDriver.obj
 0003:00000244       ??_C@_0BC@NBOL@Count?5Cards?5Error?$AA@ 10007244     MilDriver.obj
 0003:00000258       ??_C@_0P@MFPH@DeviceID?5Error?$AA@ 10007258     MilDriver.obj
 0003:00000268       ??_C@_0P@PBA@VendorID?5Error?$AA@ 10007268     MilDriver.obj
 0003:00000278       ??_C@_09MAI@Status?5OK?$AA@ 10007278     MilDriver.obj
 0003:0000028c       ??_C@_0M@LEAI@?2?2?4?2WINDRVR?$AA@ 1000728c     mydriver_lib.obj
 0003:00000298       ??_C@_0CJ@PKGD@6a2b4ee4645cbafddf2c727ef9c4748e@ 10007298     mydriver_lib.obj
 0003:000002d4       ?MilDriverArray@@3PAPAVMilDriver@@A 100072d4     main.obj
 0003:000002f8       ?myProcessInfo@@3UProcessInfo@@A 100072f8     MilDriver.obj
 0003:00000320       _MYDRIVER_ErrorString      10007320     <common>
 0003:00000720       __adjust_fdiv              10007720     <common>
 0003:00000724       __pRawDllMain              10007724     <common>
 0003:00000728       ___onexitend               10007728     <common>
 0003:0000072c       ___onexitbegin             1000772c     <common>

 entry point at        0001:00004351

 Static symbols

 0001:000039c0       _WD_FUNCTION               100049c0 f   mydriver_lib.obj
 0001:00003f60       _InterruptThreadEnable     10004f60 f   mydriver_lib.obj
 0001:00004000       _InterruptThreadHandler@4  10005000 f   mydriver_lib.obj
 0001:00004090       _InterruptThreadDisable    10005090 f   mydriver_lib.obj
 0001:00003220       _$E25                      10004220 f   MilDriver.obj
 0001:00003230       _$E22                      10004230 f   MilDriver.obj
 0001:00003240       _$E24                      10004240 f   MilDriver.obj
 0001:00003250       _$E23                      10004250 f   MilDriver.obj
 0001:00003260       _$E31                      10004260 f   MilDriver.obj
 0001:00003270       _$E28                      10004270 f   MilDriver.obj
 0001:00003280       _$E30                      10004280 f   MilDriver.obj
 0001:00003290       _$E29                      10004290 f   MilDriver.obj
 0001:00001600       _$E25                      10002600 f   main.obj
 0001:00001610       _$E22                      10002610 f   main.obj
 0001:00001620       _$E24                      10002620 f   main.obj
 0001:00001630       _$E23                      10002630 f   main.obj
 0001:00001640       _$E31                      10002640 f   main.obj
 0001:00001650       _$E28                      10002650 f   main.obj
 0001:00001660       _$E30                      10002660 f   main.obj
 0001:00001670       _$E29                      10002670 f   main.obj

 Exports

  ordinal    name

        1    _MILDRIVER_VersionNr@4
        2    _MILDRIVER_Version_0p05S_271006@0
        3    _PCI_CntrlRegRead@12
        4    _PCI_CntrlRegSet@12
        5    _PCI_DriverClose@4
        6    _PCI_DriverOpen@4
        7    _PCI_ErrorString@8
        8    _PCI_EvFiFioClear@8
        9    _PCI_EvFiFoRead@16
       10    _PCI_EvFilterClear@8
       11    _PCI_EvFilterRead@16
       12    _PCI_EvFilterSet@16
       13    _PCI_EvTimerRead@12
       14    _PCI_IntAktiv@12
       15    _PCI_IntDisable@8
       16    _PCI_IntEnable@20
       17    _PCI_IntMaskRead@12
       18    _PCI_IntMaskWrite@12
       19    _PCI_IntNextEnable@8
       20    _PCI_IntWait@12
       21    _PCI_IntWaitStop@8
       22    _PCI_MilBusCMDWrite@12
       23    _PCI_MilBusRead@16
       24    _PCI_MilBusWrite@12
       25    _PCI_PCIcardCount@0
       26    _PCI_PCIcardReset@8
       27    _PCI_PrioritySet@4
       28    _PCI_PulsOutSet@28
       29    _PCI_SoftPuls1Start@8
       30    _PCI_SoftPuls1Stop@8
       31    _PCI_SoftPuls2Start@8
       32    _PCI_SoftPuls2Stop@8
       33    _PCI_SoftPuls3Start@8
       34    _PCI_SoftPuls3Stop@8
       35    _PCI_SoftPuls4Start@8
       36    _PCI_SoftPuls4Stop@8
       37    _PCI_SoftPuls5Start@8
       38    _PCI_SoftPuls5Stop@8
       39    _PCI_StatusRegRead@12
       40    _PCI_StatusTest@12
       41    _PCI_TimerSet@16
       42    _PCI_TimerWait@16
