 PCIMilTreiberVB

 Timestamp is 4542025a (Fri Oct 27 14:58:02 2006)

 Preferred load address is 10000000

 Start         Length     Name                   Class
 0001:00000000 000048aaH .text                   CODE
 0001:000048b0 0000002bH .text$x                 CODE
 0002:00000000 0000009cH .idata$5                DATA
 0002:000000a0 00000030H .xdata$x                DATA
 0002:000000d0 00000050H .idata$2                DATA
 0002:00000120 00000014H .idata$3                DATA
 0002:00000134 0000009cH .idata$4                DATA
 0002:000001d0 00000496H .idata$6                DATA
 0002:00000670 000005a6H .edata                  DATA
 0003:00000000 00000004H .CRT$XCA                DATA
 0003:00000004 00000010H .CRT$XCU                DATA
 0003:00000014 00000004H .CRT$XCZ                DATA
 0003:00000018 00000004H .CRT$XIA                DATA
 0003:0000001c 00000004H .CRT$XIZ                DATA
 0003:00000020 000002b0H .data                   DATA
 0003:000002d0 00000460H .bss                    DATA

  Address         Publics by Value              Rva+Base     Lib:Object

 0001:00000000       _MILDRIVER_Version_0p110_271006@0 10001000 f   main.obj
 0001:00000010       _MILDRIVER_VersionNr@4     10001010 f   main.obj
 0001:000000f0       _DllMain@12                100010f0 f   main.obj
 0001:00000170       _PCI_PCIcardCount@0        10001170 f   main.obj
 0001:00000190       _PCI_PrioritySet@4         10001190 f   main.obj
 0001:000001b0       _PCI_DriverOpen@4          100011b0 f   main.obj
 0001:00000270       _PCI_IfkOnline@16          10001270 f   main.obj
 0001:000002f0       _PCI_IfkRead@20            100012f0 f   main.obj
 0001:00000410       _PCI_IfkWrite@20           10001410 f   main.obj
 0001:000004a0       _PCI_FctCodeSnd@16         100014a0 f   main.obj
 0001:00000520       _PCI_PCIcardReset@8        10001520 f   main.obj
 0001:000005a0       _PCI_ErrorString@8         100015a0 f   main.obj
 0001:000006a0       _PCI_TimerWait@16          100016a0 f   main.obj
 0001:00000730       _PCI_TimerSet@16           10001730 f   main.obj
 0001:000007c0       _PCI_StatusRegRead@12      100017c0 f   main.obj
 0001:00000840       _PCI_MilBusWrite@12        10001840 f   main.obj
 0001:000008c0       _PCI_MilBusCMDWrite@12     100018c0 f   main.obj
 0001:00000940       _PCI_IntMaskRead@12        10001940 f   main.obj
 0001:000009c0       _PCI_IntMaskWrite@12       100019c0 f   main.obj
 0001:00000a40       _PCI_IntEnable@20          10001a40 f   main.obj
 0001:00000b10       _PCI_IntDisable@8          10001b10 f   main.obj
 0001:00000b80       _PCI_IntWait@12            10001b80 f   main.obj
 0001:00000c00       _PCI_IntAktiv@12           10001c00 f   main.obj
 0001:00000c80       _PCI_IntWaitStop@8         10001c80 f   main.obj
 0001:00000cf0       _PCI_CntrlRegSet@12        10001cf0 f   main.obj
 0001:00000d70       _PCI_CntrlRegRead@12       10001d70 f   main.obj
 0001:00000de0       _PCI_EvFilterSet@16        10001de0 f   main.obj
 0001:00000e50       _PCI_EvFiFoRead@16         10001e50 f   main.obj
 0001:00000ec0       _PCI_EvFilterRead@16       10001ec0 f   main.obj
 0001:00000f30       _PCI_StatusTest@12         10001f30 f   main.obj
 0001:00000fb0       _PCI_MilBusRead@16         10001fb0 f   main.obj
 0001:00001060       _PCI_EvTimerRead@12        10002060 f   main.obj
 0001:000010d0       _PCI_PulsOutSet@28         100020d0 f   main.obj
 0001:00001280       _PCI_EvFilterClear@8       10002280 f   main.obj
 0001:000012f0       _PCI_EvFiFioClear@8        100022f0 f   main.obj
 0001:00001360       _PCI_SoftPuls1Start@8      10002360 f   main.obj
 0001:000013d0       _PCI_SoftPuls1Stop@8       100023d0 f   main.obj
 0001:00001440       _PCI_SoftPuls2Start@8      10002440 f   main.obj
 0001:000014b0       _PCI_SoftPuls2Stop@8       100024b0 f   main.obj
 0001:00001520       _PCI_SoftPuls3Start@8      10002520 f   main.obj
 0001:00001590       _PCI_SoftPuls3Stop@8       10002590 f   main.obj
 0001:00001600       _PCI_SoftPuls4Start@8      10002600 f   main.obj
 0001:00001670       _PCI_SoftPuls4Stop@8       10002670 f   main.obj
 0001:000016e0       _PCI_SoftPuls5Start@8      100026e0 f   main.obj
 0001:00001750       _PCI_SoftPuls5Stop@8       10002750 f   main.obj
 0001:000017c0       _PCI_IntNextEnable@8       100027c0 f   main.obj
 0001:00001830       _PCI_DriverClose@4         10002830 f   main.obj
 0001:00001930       ?MYDRIVER_IntHandlerRoutine@@YAXPAX@Z 10002930 f   MilDriver.obj
 0001:00001950       ?CountPCCards@@YAHAAH@Z    10002950 f   MilDriver.obj
 0001:00001980       ?SetPriority@@YA_NH@Z      10002980 f   MilDriver.obj
 0001:000019d0       ?PrintErrorMessage@@YA?AV?$basic_string@DU?$char_traits@D@std@@V?$allocator@D@2@@std@@I@Z 100029d0 f   MilDriver.obj
 0001:00002070       ??0MilDriver@@QAE@XZ       10003070 f   MilDriver.obj
 0001:000020d0       ??1MilDriver@@QAE@XZ       100030d0 f   MilDriver.obj
 0001:000020f0       ?OpenBoard@MilDriver@@AAEH_NH@Z 100030f0 f   MilDriver.obj
 0001:00002130       ?CloseBoard@MilDriver@@AAEXXZ 10003130 f   MilDriver.obj
 0001:00002140       ?SendCommand@MilDriver@@AAEXG@Z 10003140 f   MilDriver.obj
 0001:00002160       ?WriteMilBus@MilDriver@@AAEXG@Z 10003160 f   MilDriver.obj
 0001:00002180       ?ReadMilBus@MilDriver@@AAEXAAG@Z 10003180 f   MilDriver.obj
 0001:000021a0       ?ReadEventFiFo@MilDriver@@AAEXAAG@Z 100031a0 f   MilDriver.obj
 0001:000021c0       ?SetTimer1@MilDriver@@AAEXK@Z 100031c0 f   MilDriver.obj
 0001:000021e0       ?SetTimer2_10us@MilDriver@@AAEXK@Z 100031e0 f   MilDriver.obj
 0001:00002200       ?SetTimer2_1ms@MilDriver@@AAEXK@Z 10003200 f   MilDriver.obj
 0001:00002220       ?ReadEVTimer@MilDriver@@AAEXAAK@Z 10003220 f   MilDriver.obj
 0001:00002240       ?MilBusStatus@MilDriver@@AAEXAAK@Z 10003240 f   MilDriver.obj
 0001:00002260       ?ResetCard@MilDriver@@AAEXXZ 10003260 f   MilDriver.obj
 0001:00002270       ?SetControlRegister1@MilDriver@@AAEXG@Z 10003270 f   MilDriver.obj
 0001:00002290       ?ReadControlRegister1@MilDriver@@AAEXAAG@Z 10003290 f   MilDriver.obj
 0001:000022b0       ?ReadEventFilter@MilDriver@@AAEXAAKG@Z 100032b0 f   MilDriver.obj
 0001:000022d0       ?SetEventFilter@MilDriver@@AAEXGG@Z 100032d0 f   MilDriver.obj
 0001:00002300       ?IntEnable@MilDriver@@AAEHP6AXPAX@Z0G@Z 10003300 f   MilDriver.obj
 0001:00002320       ?IntDisable@MilDriver@@AAEXXZ 10003320 f   MilDriver.obj
 0001:00002340       ?ReadIntMask@MilDriver@@AAEXAAK@Z 10003340 f   MilDriver.obj
 0001:00002360       ?WriteIntMask@MilDriver@@AAEXK@Z 10003360 f   MilDriver.obj
 0001:00002380       ?TestCard@MilDriver@@AAEHXZ 10003380 f   MilDriver.obj
 0001:000024e0       ?TestStatus@MilDriver@@AAE_NK@Z 100034e0 f   MilDriver.obj
 0001:00002510       ?wait@MilDriver@@QAEXH@Z   10003510 f   MilDriver.obj
 0001:00002550       ?ConnectMilBus@MilDriver@@QAEHK@Z 10003550 f   MilDriver.obj
 0001:00002570       ?IFKAlive@MilDriver@@QAE_NEAAEAAK@Z 10003570 f   MilDriver.obj
 0001:00002630       ?ResetPCICard@MilDriver@@QAEXAAK@Z 10003630 f   MilDriver.obj
 0001:00002650       ?WaitOfTimer2@MilDriver@@QAEXGW4_TimerBase@@AAK@Z 10003650 f   MilDriver.obj
 0001:000026c0       ?SetTimer2@MilDriver@@QAEXGW4_TimerBase@@AAK@Z 100036c0 f   MilDriver.obj
 0001:00002710       ?SetCntrlReg1@MilDriver@@QAEXEAAK@Z 10003710 f   MilDriver.obj
 0001:00002ae0       ?ReadCntrlReg1@MilDriver@@QAEXAAEAAK@Z 10003ae0 f   MilDriver.obj
 0001:00002b20       ?TestCardStatus@MilDriver@@QAE_NKAAK@Z 10003b20 f   MilDriver.obj
 0001:00002b50       ?WaitMilBusWrite@MilDriver@@AAE_NXZ 10003b50 f   MilDriver.obj
 0001:00002bb0       ?Write_INTCSR@MilDriver@@AAEXK@Z 10003bb0 f   MilDriver.obj
 0001:00002bd0       ?WaitMilBusRead@MilDriver@@AAE_NXZ 10003bd0 f   MilDriver.obj
 0001:00002c30       ?ReadStatusReg@MilDriver@@QAEXAAK0@Z 10003c30 f   MilDriver.obj
 0001:00002c60       ?WriteDataToIFK@MilDriver@@QAEXEEGAAK@Z 10003c60 f   MilDriver.obj
 0001:00002ce0       ?ReadDataFromIFK@MilDriver@@QAEXEEAAGAAK@Z 10003ce0 f   MilDriver.obj
 0001:00002d60       ?SendFknCodeToIFK@MilDriver@@QAEXEEAAK@Z 10003d60 f   MilDriver.obj
 0001:00002db0       ?ReadDataFromFiFo@MilDriver@@QAEXAAGAAKAA_N@Z 10003db0 f   MilDriver.obj
 0001:00002e00       ?ReadData@MilDriver@@QAEXAAGAAK@Z 10003e00 f   MilDriver.obj
 0001:00002e50       ?WriteData@MilDriver@@QAEXGAAK@Z 10003e50 f   MilDriver.obj
 0001:00002ea0       ?WriteCMD@MilDriver@@QAEXGAAK@Z 10003ea0 f   MilDriver.obj
 0001:00002ef0       ?ReadEVFromFiFo@MilDriver@@QAEXAAGAAKAA_N@Z 10003ef0 f   MilDriver.obj
 0001:00002f50       ?SetEVFilter@MilDriver@@QAEXGEAAK@Z 10003f50 f   MilDriver.obj
 0001:00003120       ?ReadFromEVFilter@MilDriver@@QAEXGAAEAAK@Z 10004120 f   MilDriver.obj
 0001:00003180       ?ReadEventTimer@MilDriver@@QAEXAAK0@Z 10004180 f   MilDriver.obj
 0001:000031b0       ?ClearEvFilter@MilDriver@@QAEXAAK@Z 100041b0 f   MilDriver.obj
 0001:000031f0       ?ClearEvFiFio@MilDriver@@QAEXAAK@Z 100041f0 f   MilDriver.obj
 0001:00003250       ?ReadInterruptMask@MilDriver@@QAEXAAK0@Z 10004250 f   MilDriver.obj
 0001:00003280       ?WriteInterruptMask@MilDriver@@QAEXKAAK@Z 10004280 f   MilDriver.obj
 0001:000032c0       ?InterruptEnable@MilDriver@@QAEXAAKP6AXPAX@Z1G@Z 100042c0 f   MilDriver.obj
 0001:00003340       ?InterruptDisable@MilDriver@@QAEXAAK@Z 10004340 f   MilDriver.obj
 0001:00003380       ?InterPLXEnable@MilDriver@@QAEXAAK@Z 10004380 f   MilDriver.obj
 0001:000033a0       ?InterruptWait@MilDriver@@QAEXAAK0@Z 100043a0 f   MilDriver.obj
 0001:00003460       ?Int_Aktiv@MilDriver@@QAEXAAK0@Z 10004460 f   MilDriver.obj
 0001:000034b0       ?StopInterruptWait@MilDriver@@QAEXAAK@Z 100044b0 f   MilDriver.obj
 0001:000034f0       ?Puls1_Start_Soft@MilDriver@@QAEXAAK@Z 100044f0 f   MilDriver.obj
 0001:00003520       ?Puls1_Stop_Soft@MilDriver@@QAEXAAK@Z 10004520 f   MilDriver.obj
 0001:00003550       ?Puls2_Start_Soft@MilDriver@@QAEXAAK@Z 10004550 f   MilDriver.obj
 0001:00003580       ?Puls2_Stop_Soft@MilDriver@@QAEXAAK@Z 10004580 f   MilDriver.obj
 0001:000035b0       ?Puls3_Start_Soft@MilDriver@@QAEXAAK@Z 100045b0 f   MilDriver.obj
 0001:000035e0       ?Puls3_Stop_Soft@MilDriver@@QAEXAAK@Z 100045e0 f   MilDriver.obj
 0001:00003610       ?Puls4_Start_Soft@MilDriver@@QAEXAAK@Z 10004610 f   MilDriver.obj
 0001:00003640       ?Puls4_Stop_Soft@MilDriver@@QAEXAAK@Z 10004640 f   MilDriver.obj
 0001:00003670       ?Puls5_Start_Soft@MilDriver@@QAEXAAK@Z 10004670 f   MilDriver.obj
 0001:000036a0       ?Puls5_Stop_Soft@MilDriver@@QAEXAAK@Z 100046a0 f   MilDriver.obj
 0001:00003750       _MYDRIVER_LocateAndOpenBoard 10004750 f   mydriver_diag.obj
 0001:000037f0       _MYDRIVER_CountCards       100047f0 f   mydriver_lib.obj
 0001:000038d0       _MYDRIVER_Open             100048d0 f   mydriver_lib.obj
 0001:00003ba0       _MYDRIVER_Close            10004ba0 f   mydriver_lib.obj
 0001:00003c00       _MYDRIVER_RegisterWinDriver 10004c00 f   mydriver_lib.obj
 0001:00003c60       _MYDRIVER_ReadPCIReg       10004c60 f   mydriver_lib.obj
 0001:00003cd0       _MYDRIVER_DetectCardElements 10004cd0 f   mydriver_lib.obj
 0001:00003ee0       _MYDRIVER_IsAddrSpaceActive 10004ee0 f   mydriver_lib.obj
 0001:00003f00       _MYDRIVER_ReadWriteBlock   10004f00 f   mydriver_lib.obj
 0001:00004040       _MYDRIVER_ReadDword        10005040 f   mydriver_lib.obj
 0001:000040a0       _MYDRIVER_WriteDword       100050a0 f   mydriver_lib.obj
 0001:00004100       _MYDRIVER_WriteMil_cmd     10005100 f   mydriver_lib.obj
 0001:00004120       _MYDRIVER_WriteMil_write   10005120 f   mydriver_lib.obj
 0001:00004140       _MYDRIVER_WriteReset_Card  10005140 f   mydriver_lib.obj
 0001:00004160       _MYDRIVER_ReadMil_read     10005160 f   mydriver_lib.obj
 0001:00004180       _MYDRIVER_WriteSet_Timer2_10us 10005180 f   mydriver_lib.obj
 0001:000041a0       _MYDRIVER_WriteSet_Timer1  100051a0 f   mydriver_lib.obj
 0001:000041c0       _MYDRIVER_WriteSet_Timer2_1ms 100051c0 f   mydriver_lib.obj
 0001:000041e0       _MYDRIVER_Read_C_Filter_ADR 100051e0 f   mydriver_lib.obj
 0001:00004200       _MYDRIVER_Write_C_Filter_ADR 10005200 f   mydriver_lib.obj
 0001:00004220       _MYDRIVER_ReadMil_Status   10005220 f   mydriver_lib.obj
 0001:00004240       _MYDRIVER_WriteControlRegister1 10005240 f   mydriver_lib.obj
 0001:00004260       _MYDRIVER_ReadControlRegister1 10005260 f   mydriver_lib.obj
 0001:00004280       _MYDRIVER_ReadEV_Time_Rd   10005280 f   mydriver_lib.obj
 0001:000042a0       _MYDRIVER_ReadEvent_Read   100052a0 f   mydriver_lib.obj
 0001:000042c0       _MYDRIVER_ReadIntrrrupt_Mask 100052c0 f   mydriver_lib.obj
 0001:000042e0       _MYDRIVER_WriteIntrrrupt_Mask 100052e0 f   mydriver_lib.obj
 0001:00004300       _MYDRIVER_IntIsEnabled     10005300 f   mydriver_lib.obj
 0001:00004320       _MYDRIVER_IntHandler       10005320 f   mydriver_lib.obj
 0001:00004330       _MYDRIVER_IntEnable        10005330 f   mydriver_lib.obj
 0001:00004510       _MYDRIVER_IntDisable       10005510 f   mydriver_lib.obj
 0001:00004590       _MYDRIVER_WriteINTCSR      10005590 f   mydriver_lib.obj
 0001:000045b0       _MYDRIVER_WritePuls1_Start_Soft 100055b0 f   mydriver_lib.obj
 0001:000045d0       _MYDRIVER_WritePuls1_Stop_Soft 100055d0 f   mydriver_lib.obj
 0001:000045f0       _MYDRIVER_WritePuls2_Start_Soft 100055f0 f   mydriver_lib.obj
 0001:00004610       _MYDRIVER_WritePuls2_Stop_Soft 10005610 f   mydriver_lib.obj
 0001:00004630       _MYDRIVER_WritePuls3_Start_Soft 10005630 f   mydriver_lib.obj
 0001:00004650       _MYDRIVER_WritePuls3_Stop_Soft 10005650 f   mydriver_lib.obj
 0001:00004670       _MYDRIVER_WritePuls4_Start_Soft 10005670 f   mydriver_lib.obj
 0001:00004690       _MYDRIVER_WritePuls4_Stop_Soft 10005690 f   mydriver_lib.obj
 0001:000046b0       _MYDRIVER_WritePuls5_Start_Soft 100056b0 f   mydriver_lib.obj
 0001:000046d0       _MYDRIVER_WritePuls5_Stop_Soft 100056d0 f   mydriver_lib.obj
 0001:000046f0       ??3@YAXPAX@Z               100056f0 f   msvcprt:delop_s.obj
 0001:000046fc       ??2@YAPAXI@Z               100056fc f   MSVCRT:MSVCRT.dll
 0001:00004702       __onexit                   10005702 f   MSVCRT:atonexit.obj
 0001:0000472e       _atexit                    1000572e f   MSVCRT:atonexit.obj
 0001:00004740       ___CxxFrameHandler         10005740 f   MSVCRT:MSVCRT.dll
 0001:00004750       _free                      10005750 f   MSVCRT:MSVCRT.dll
 0001:00004756       __CRT_INIT@12              10005756 f   MSVCRT:crtdll.obj
 0001:00004801       __DllMainCRTStartup@12     10005801 f   MSVCRT:crtdll.obj
 0001:0000489e       ___dllonexit               1000589e f   MSVCRT:MSVCRT.dll
 0001:000048a4       __initterm                 100058a4 f   MSVCRT:MSVCRT.dll
 0002:00000000       __imp__SetPriorityClass@8  10006000     kernel32:KERNEL32.dll
 0002:00000004       __imp__GetCurrentProcess@0 10006004     kernel32:KERNEL32.dll
 0002:00000008       __imp__GetCurrentThreadId@0 10006008     kernel32:KERNEL32.dll
 0002:0000000c       __imp__CloseHandle@4       1000600c     kernel32:KERNEL32.dll
 0002:00000010       __imp__CreateFileA@28      10006010     kernel32:KERNEL32.dll
 0002:00000014       __imp__DeviceIoControl@32  10006014     kernel32:KERNEL32.dll
 0002:00000018       __imp__GetThreadPriority@4 10006018     kernel32:KERNEL32.dll
 0002:0000001c       __imp__SetThreadPriority@8 1000601c     kernel32:KERNEL32.dll
 0002:00000020       __imp__CreateThread@24     10006020     kernel32:KERNEL32.dll
 0002:00000024       __imp__WaitForSingleObject@8 10006024     kernel32:KERNEL32.dll
 0002:00000028       \177KERNEL32_NULL_THUNK_DATA 10006028     kernel32:KERNEL32.dll
 0002:0000002c       __imp_?_Eos@?$basic_string@DU?$char_traits@D@std@@V?$allocator@D@2@@std@@AAEXI@Z 1000602c     msvcprt:MSVCP60.dll
 0002:00000030       __imp_??1?$basic_string@DU?$char_traits@D@std@@V?$allocator@D@2@@std@@QAE@XZ 10006030     msvcprt:MSVCP60.dll
 0002:00000034       __imp_?_C@?1??_Nullstr@?$basic_string@DU?$char_traits@D@std@@V?$allocator@D@2@@std@@CAPBDXZ@4DB 10006034     msvcprt:MSVCP60.dll
 0002:00000038       __imp_?_Grow@?$basic_string@DU?$char_traits@D@std@@V?$allocator@D@2@@std@@AAE_NI_N@Z 10006038     msvcprt:MSVCP60.dll
 0002:0000003c       __imp_?assign@?$basic_string@DU?$char_traits@D@std@@V?$allocator@D@2@@std@@QAEAAV12@PBDI@Z 1000603c     msvcprt:MSVCP60.dll
 0002:00000040       __imp_?assign@?$basic_string@DU?$char_traits@D@std@@V?$allocator@D@2@@std@@QAEAAV12@ABV12@II@Z 10006040     msvcprt:MSVCP60.dll
 0002:00000044       __imp_?npos@?$basic_string@DU?$char_traits@D@std@@V?$allocator@D@2@@std@@2IB 10006044     msvcprt:MSVCP60.dll
 0002:00000048       __imp_?_Tidy@?$basic_string@DU?$char_traits@D@std@@V?$allocator@D@2@@std@@AAEX_N@Z 10006048     msvcprt:MSVCP60.dll
 0002:0000004c       __imp_??0Init@ios_base@std@@QAE@XZ 1000604c     msvcprt:MSVCP60.dll
 0002:00000050       __imp_??1Init@ios_base@std@@QAE@XZ 10006050     msvcprt:MSVCP60.dll
 0002:00000054       __imp_??0_Winit@std@@QAE@XZ 10006054     msvcprt:MSVCP60.dll
 0002:00000058       __imp_??1_Winit@std@@QAE@XZ 10006058     msvcprt:MSVCP60.dll
 0002:0000005c       \177MSVCP60_NULL_THUNK_DATA 1000605c     msvcprt:MSVCP60.dll
 0002:00000060       __imp__time                10006060     MSVCRT:MSVCRT.dll
 0002:00000064       __imp___adjust_fdiv        10006064     MSVCRT:MSVCRT.dll
 0002:00000068       __imp___initterm           10006068     MSVCRT:MSVCRT.dll
 0002:0000006c       __imp_??2@YAPAXI@Z         1000606c     MSVCRT:MSVCRT.dll
 0002:00000070       __imp____CxxFrameHandler   10006070     MSVCRT:MSVCRT.dll
 0002:00000074       __imp__rand                10006074     MSVCRT:MSVCRT.dll
 0002:00000078       __imp__srand               10006078     MSVCRT:MSVCRT.dll
 0002:0000007c       __imp__free                1000607c     MSVCRT:MSVCRT.dll
 0002:00000080       __imp__malloc              10006080     MSVCRT:MSVCRT.dll
 0002:00000084       __imp____dllonexit         10006084     MSVCRT:MSVCRT.dll
 0002:00000088       __imp___onexit             10006088     MSVCRT:MSVCRT.dll
 0002:0000008c       \177MSVCRT_NULL_THUNK_DATA 1000608c     MSVCRT:MSVCRT.dll
 0002:00000090       __imp__GetMessageA@16      10006090     user32:USER32.dll
 0002:00000094       __imp__PostThreadMessageA@16 10006094     user32:USER32.dll
 0002:00000098       \177USER32_NULL_THUNK_DATA 10006098     user32:USER32.dll
 0002:000000d0       __IMPORT_DESCRIPTOR_KERNEL32 100060d0     kernel32:KERNEL32.dll
 0002:000000e4       __IMPORT_DESCRIPTOR_USER32 100060e4     user32:USER32.dll
 0002:000000f8       __IMPORT_DESCRIPTOR_MSVCP60 100060f8     msvcprt:MSVCP60.dll
 0002:0000010c       __IMPORT_DESCRIPTOR_MSVCRT 1000610c     MSVCRT:MSVCRT.dll
 0002:00000120       __NULL_IMPORT_DESCRIPTOR   10006120     kernel32:KERNEL32.dll
 0003:00000000       ___xc_a                    10007000     MSVCRT:cinitexe.obj
 0003:00000014       ___xc_z                    10007014     MSVCRT:cinitexe.obj
 0003:00000018       ___xi_a                    10007018     MSVCRT:cinitexe.obj
 0003:0000001c       ___xi_z                    1000701c     MSVCRT:cinitexe.obj
 0003:00000024       ??_C@_0BO@OOHI@WinDriver?5V4?433?5Jungo?5?$CIc?$CJ2000?$AA@ 10007024     main.obj
 0003:00000044       ??_C@_0N@FLNG@Version?51?410?$AA@ 10007044     main.obj
 0003:00000058       ??_C@_0BK@GDPI@Failed?5set?5interrupt?5prio?$AA@ 10007058     MilDriver.obj
 0003:00000074       ??_C@_0BD@HHGF@Unrequested?5receiv?$AA@ 10007074     MilDriver.obj
 0003:00000088       ??_C@_0BA@LMEP@Undefined?5Error?$AA@ 10007088     MilDriver.obj
 0003:00000098       ??_C@_0BF@JGAK@Master?5?1?5Slave?5Error?$AA@ 10007098     MilDriver.obj
 0003:000000b0       ??_C@_0BI@CEAE@Failed?5interrupt?5enable?$AA@ 100070b0     MilDriver.obj
 0003:000000c8       ??_C@_0BI@GJJG@IntMask?5value?5incorrect?$AA@ 100070c8     MilDriver.obj
 0003:000000e0       ??_C@_0CB@IJJK@Gerneral?5Error?5maybe?5Value?5error@ 100070e0     MilDriver.obj
 0003:00000104       ??_C@_0BD@JINH@IFFK?5Nr?4?5not?5equal?$AA@ 10007104     MilDriver.obj
 0003:00000118       ??_C@_0BA@GMNK@No?5data?5to?5read?$AA@ 10007118     MilDriver.obj
 0003:00000128       ??_C@_0BA@NOBB@Event?5Nr?4?5error?$AA@ 10007128     MilDriver.obj
 0003:00000138       ??_C@_0BB@LGPH@FiFo?5not?5cleared?$AA@ 10007138     MilDriver.obj
 0003:0000014c       ??_C@_0BE@MEOM@Read?5MilBus?5Timeout?$AA@ 1000714c     MilDriver.obj
 0003:00000160       ??_C@_0BF@LCMF@Write?5MilBus?5Timeout?$AA@ 10007160     MilDriver.obj
 0003:00000178       ??_C@_0P@IHEJ@FiFo?5not?5empty?$AA@ 10007178     MilDriver.obj
 0003:00000188       ??_C@_0BE@OBDF@Invalid?5Card?5Number?$AA@ 10007188     MilDriver.obj
 0003:0000019c       ??_C@_0O@FGIP@No?5Cards?5Open?$AA@ 1000719c     MilDriver.obj
 0003:000001ac       ??_C@_0N@OEK@Fifo?5is?5Full?$AA@ 100071ac     MilDriver.obj
 0003:000001bc       ??_C@_0BL@EJMO@Cant?5open?5WinDriver?5device?$AA@ 100071bc     MilDriver.obj
 0003:000001d8       ??_C@_0M@OFEG@MilBus?5busy?$AA@ 100071d8     MilDriver.obj
 0003:000001e4       ??_C@_0BG@POMM@Timer?51?12?5not?5running?$AA@ 100071e4     MilDriver.obj
 0003:000001fc       ??_C@_0BE@MMAH@Invalid?5Handlevalue?$AA@ 100071fc     MilDriver.obj
 0003:00000210       ??_C@_0BN@JEMG@Incorrecte?5WinDriver?5Version?$AA@ 10007210     MilDriver.obj
 0003:00000230       ??_C@_0BC@MIKG@Open?5Card?5Failure?$AA@ 10007230     MilDriver.obj
 0003:00000244       ??_C@_0BC@NBOL@Count?5Cards?5Error?$AA@ 10007244     MilDriver.obj
 0003:00000258       ??_C@_0P@MFPH@DeviceID?5Error?$AA@ 10007258     MilDriver.obj
 0003:00000268       ??_C@_0P@PBA@VendorID?5Error?$AA@ 10007268     MilDriver.obj
 0003:00000278       ??_C@_09MAI@Status?5OK?$AA@ 10007278     MilDriver.obj
 0003:0000028c       ??_C@_0M@LEAI@?2?2?4?2WINDRVR?$AA@ 1000728c     mydriver_lib.obj
 0003:00000298       ??_C@_0CJ@PKGD@6a2b4ee4645cbafddf2c727ef9c4748e@ 10007298     mydriver_lib.obj
 0003:000002d4       ?MilDriverArray@@3PAPAVMilDriver@@A 100072d4     main.obj
 0003:000002f8       ?myProcessInfo@@3UProcessInfo@@A 100072f8     MilDriver.obj
 0003:00000320       _MYDRIVER_ErrorString      10007320     <common>
 0003:00000720       __adjust_fdiv              10007720     <common>
 0003:00000724       __pRawDllMain              10007724     <common>
 0003:00000728       ___onexitend               10007728     <common>
 0003:0000072c       ___onexitbegin             1000772c     <common>

 entry point at        0001:00004801

 Static symbols

 0001:00003e70       _WD_FUNCTION               10004e70 f   mydriver_lib.obj
 0001:00004410       _InterruptThreadEnable     10005410 f   mydriver_lib.obj
 0001:000044b0       _InterruptThreadHandler@4  100054b0 f   mydriver_lib.obj
 0001:00004540       _InterruptThreadDisable    10005540 f   mydriver_lib.obj
 0001:000036d0       _$E25                      100046d0 f   MilDriver.obj
 0001:000036e0       _$E22                      100046e0 f   MilDriver.obj
 0001:000036f0       _$E24                      100046f0 f   MilDriver.obj
 0001:00003700       _$E23                      10004700 f   MilDriver.obj
 0001:00003710       _$E31                      10004710 f   MilDriver.obj
 0001:00003720       _$E28                      10004720 f   MilDriver.obj
 0001:00003730       _$E30                      10004730 f   MilDriver.obj
 0001:00003740       _$E29                      10004740 f   MilDriver.obj
 0001:000018b0       _$E25                      100028b0 f   main.obj
 0001:000018c0       _$E22                      100028c0 f   main.obj
 0001:000018d0       _$E24                      100028d0 f   main.obj
 0001:000018e0       _$E23                      100028e0 f   main.obj
 0001:000018f0       _$E31                      100028f0 f   main.obj
 0001:00001900       _$E28                      10002900 f   main.obj
 0001:00001910       _$E30                      10002910 f   main.obj
 0001:00001920       _$E29                      10002920 f   main.obj

 Exports

  ordinal    name

        1    _MILDRIVER_VersionNr@4
        2    _MILDRIVER_Version_0p110_271006@0
        3    _PCI_CntrlRegRead@12
        4    _PCI_CntrlRegSet@12
        5    _PCI_DriverClose@4
        6    _PCI_DriverOpen@4
        7    _PCI_ErrorString@8
        8    _PCI_EvFiFioClear@8
        9    _PCI_EvFiFoRead@16
       10    _PCI_EvFilterClear@8
       11    _PCI_EvFilterRead@16
       12    _PCI_EvFilterSet@16
       13    _PCI_EvTimerRead@12
       14    _PCI_FctCodeSnd@16
       15    _PCI_IfkOnline@16
       16    _PCI_IfkRead@20
       17    _PCI_IfkWrite@20
       18    _PCI_IntAktiv@12
       19    _PCI_IntDisable@8
       20    _PCI_IntEnable@20
       21    _PCI_IntMaskRead@12
       22    _PCI_IntMaskWrite@12
       23    _PCI_IntNextEnable@8
       24    _PCI_IntWait@12
       25    _PCI_IntWaitStop@8
       26    _PCI_MilBusCMDWrite@12
       27    _PCI_MilBusRead@16
       28    _PCI_MilBusWrite@12
       29    _PCI_PCIcardCount@0
       30    _PCI_PCIcardReset@8
       31    _PCI_PrioritySet@4
       32    _PCI_PulsOutSet@28
       33    _PCI_SoftPuls1Start@8
       34    _PCI_SoftPuls1Stop@8
       35    _PCI_SoftPuls2Start@8
       36    _PCI_SoftPuls2Stop@8
       37    _PCI_SoftPuls3Start@8
       38    _PCI_SoftPuls3Stop@8
       39    _PCI_SoftPuls4Start@8
       40    _PCI_SoftPuls4Stop@8
       41    _PCI_SoftPuls5Start@8
       42    _PCI_SoftPuls5Stop@8
       43    _PCI_StatusRegRead@12
       44    _PCI_StatusTest@12
       45    _PCI_TimerSet@16
       46    _PCI_TimerWait@16
