 PCIMilTreiber

 Timestamp is 4e789aaf (Tue Sep 20 15:52:47 2011)

 Preferred load address is 10000000

 Start         Length     Name                   Class
 0001:00000000 000046faH .text                   CODE
 0001:00004700 0000002bH .text$x                 CODE
 0002:00000000 0000009cH .idata$5                DATA
 0002:000000a0 00000030H .xdata$x                DATA
 0002:000000d0 00000050H .idata$2                DATA
 0002:00000120 00000014H .idata$3                DATA
 0002:00000134 0000009cH .idata$4                DATA
 0002:000001d0 00000496H .idata$6                DATA
 0002:00000670 00000503H .edata                  DATA
 0003:00000000 00000004H .CRT$XCA                DATA
 0003:00000004 00000010H .CRT$XCU                DATA
 0003:00000014 00000004H .CRT$XCZ                DATA
 0003:00000018 00000004H .CRT$XIA                DATA
 0003:0000001c 00000004H .CRT$XIZ                DATA
 0003:00000020 000002b0H .data                   DATA
 0003:000002d0 00000460H .bss                    DATA

  Address         Publics by Value              Rva+Base     Lib:Object

 0001:00000000       _MILDRIVER_Version_0p110_271006 10001000 f   main.obj
 0001:00000010       _MILDRIVER_VersionNr       10001010 f   main.obj
 0001:000000f0       _DllMain@12                100010f0 f   main.obj
 0001:00000170       _PCI_PCIcardCount          10001170 f   main.obj
 0001:00000190       _PCI_PrioritySet           10001190 f   main.obj
 0001:000001b0       _PCI_DriverOpen            100011b0 f   main.obj
 0001:00000270       _PCI_IfkOnline             10001270 f   main.obj
 0001:000002f0       _PCI_IfkRead               100012f0 f   main.obj
 0001:00000400       _PCI_IfkWrite              10001400 f   main.obj
 0001:00000480       _PCI_FctCodeSnd            10001480 f   main.obj
 0001:00000500       _PCI_PCIcardReset          10001500 f   main.obj
 0001:00000570       _PCI_ErrorString           10001570 f   main.obj
 0001:00000670       _PCI_TimerWait             10001670 f   main.obj
 0001:00000700       _PCI_TimerSet              10001700 f   main.obj
 0001:00000790       _PCI_StatusRegRead         10001790 f   main.obj
 0001:00000800       _PCI_MilBusWrite           10001800 f   main.obj
 0001:00000870       _PCI_MilBusCMDWrite        10001870 f   main.obj
 0001:000008e0       _PCI_IntMaskRead           100018e0 f   main.obj
 0001:00000950       _PCI_IntMaskWrite          10001950 f   main.obj
 0001:000009c0       _PCI_IntEnable             100019c0 f   main.obj
 0001:00000a80       _PCI_IntDisable            10001a80 f   main.obj
 0001:00000af0       _PCI_IntWait               10001af0 f   main.obj
 0001:00000b60       _PCI_IntAktiv              10001b60 f   main.obj
 0001:00000bd0       _PCI_IntWaitStop           10001bd0 f   main.obj
 0001:00000c40       _PCI_CntrlRegSet           10001c40 f   main.obj
 0001:00000cb0       _PCI_CntrlRegRead          10001cb0 f   main.obj
 0001:00000d20       _PCI_EvFilterSet           10001d20 f   main.obj
 0001:00000d90       _PCI_EvFiFoRead            10001d90 f   main.obj
 0001:00000e00       _PCI_EvFilterRead          10001e00 f   main.obj
 0001:00000e70       _PCI_StatusTest            10001e70 f   main.obj
 0001:00000ee0       _PCI_MilBusRead            10001ee0 f   main.obj
 0001:00000f90       _PCI_EvTimerRead           10001f90 f   main.obj
 0001:00001000       _PCI_PulsOutSet            10002000 f   main.obj
 0001:000011a0       _PCI_EvFilterClear         100021a0 f   main.obj
 0001:00001200       _PCI_EvFiFioClear          10002200 f   main.obj
 0001:00001260       _PCI_SoftPuls1Start        10002260 f   main.obj
 0001:000012c0       _PCI_SoftPuls1Stop         100022c0 f   main.obj
 0001:00001320       _PCI_SoftPuls2Start        10002320 f   main.obj
 0001:00001380       _PCI_SoftPuls2Stop         10002380 f   main.obj
 0001:000013e0       _PCI_SoftPuls3Start        100023e0 f   main.obj
 0001:00001440       _PCI_SoftPuls3Stop         10002440 f   main.obj
 0001:000014a0       _PCI_SoftPuls4Start        100024a0 f   main.obj
 0001:00001500       _PCI_SoftPuls4Stop         10002500 f   main.obj
 0001:00001560       _PCI_SoftPuls5Start        10002560 f   main.obj
 0001:000015c0       _PCI_SoftPuls5Stop         100025c0 f   main.obj
 0001:00001620       _PCI_IntNextEnable         10002620 f   main.obj
 0001:00001680       _PCI_DriverClose           10002680 f   main.obj
 0001:00001780       ?MYDRIVER_IntHandlerRoutine@@YAXPAX@Z 10002780 f   MilDriver.obj
 0001:000017a0       ?CountPCCards@@YAHAAH@Z    100027a0 f   MilDriver.obj
 0001:000017d0       ?SetPriority@@YA_NH@Z      100027d0 f   MilDriver.obj
 0001:00001820       ?PrintErrorMessage@@YA?AV?$basic_string@DU?$char_traits@D@std@@V?$allocator@D@2@@std@@I@Z 10002820 f   MilDriver.obj
 0001:00001ec0       ??0MilDriver@@QAE@XZ       10002ec0 f   MilDriver.obj
 0001:00001f20       ??1MilDriver@@QAE@XZ       10002f20 f   MilDriver.obj
 0001:00001f40       ?OpenBoard@MilDriver@@AAEH_NH@Z 10002f40 f   MilDriver.obj
 0001:00001f80       ?CloseBoard@MilDriver@@AAEXXZ 10002f80 f   MilDriver.obj
 0001:00001f90       ?SendCommand@MilDriver@@AAEXG@Z 10002f90 f   MilDriver.obj
 0001:00001fb0       ?WriteMilBus@MilDriver@@AAEXG@Z 10002fb0 f   MilDriver.obj
 0001:00001fd0       ?ReadMilBus@MilDriver@@AAEXAAG@Z 10002fd0 f   MilDriver.obj
 0001:00001ff0       ?ReadEventFiFo@MilDriver@@AAEXAAG@Z 10002ff0 f   MilDriver.obj
 0001:00002010       ?SetTimer1@MilDriver@@AAEXK@Z 10003010 f   MilDriver.obj
 0001:00002030       ?SetTimer2_10us@MilDriver@@AAEXK@Z 10003030 f   MilDriver.obj
 0001:00002050       ?SetTimer2_1ms@MilDriver@@AAEXK@Z 10003050 f   MilDriver.obj
 0001:00002070       ?ReadEVTimer@MilDriver@@AAEXAAK@Z 10003070 f   MilDriver.obj
 0001:00002090       ?MilBusStatus@MilDriver@@AAEXAAK@Z 10003090 f   MilDriver.obj
 0001:000020b0       ?ResetCard@MilDriver@@AAEXXZ 100030b0 f   MilDriver.obj
 0001:000020c0       ?SetControlRegister1@MilDriver@@AAEXG@Z 100030c0 f   MilDriver.obj
 0001:000020e0       ?ReadControlRegister1@MilDriver@@AAEXAAG@Z 100030e0 f   MilDriver.obj
 0001:00002100       ?ReadEventFilter@MilDriver@@AAEXAAKG@Z 10003100 f   MilDriver.obj
 0001:00002120       ?SetEventFilter@MilDriver@@AAEXGG@Z 10003120 f   MilDriver.obj
 0001:00002150       ?IntEnable@MilDriver@@AAEHP6AXPAX@Z0G@Z 10003150 f   MilDriver.obj
 0001:00002170       ?IntDisable@MilDriver@@AAEXXZ 10003170 f   MilDriver.obj
 0001:00002190       ?ReadIntMask@MilDriver@@AAEXAAK@Z 10003190 f   MilDriver.obj
 0001:000021b0       ?WriteIntMask@MilDriver@@AAEXK@Z 100031b0 f   MilDriver.obj
 0001:000021d0       ?TestCard@MilDriver@@AAEHXZ 100031d0 f   MilDriver.obj
 0001:00002330       ?TestStatus@MilDriver@@AAE_NK@Z 10003330 f   MilDriver.obj
 0001:00002360       ?wait@MilDriver@@QAEXH@Z   10003360 f   MilDriver.obj
 0001:000023a0       ?ConnectMilBus@MilDriver@@QAEHK@Z 100033a0 f   MilDriver.obj
 0001:000023c0       ?IFKAlive@MilDriver@@QAE_NEAAEAAK@Z 100033c0 f   MilDriver.obj
 0001:00002480       ?ResetPCICard@MilDriver@@QAEXAAK@Z 10003480 f   MilDriver.obj
 0001:000024a0       ?WaitOfTimer2@MilDriver@@QAEXGW4_TimerBase@@AAK@Z 100034a0 f   MilDriver.obj
 0001:00002510       ?SetTimer2@MilDriver@@QAEXGW4_TimerBase@@AAK@Z 10003510 f   MilDriver.obj
 0001:00002560       ?SetCntrlReg1@MilDriver@@QAEXEAAK@Z 10003560 f   MilDriver.obj
 0001:00002930       ?ReadCntrlReg1@MilDriver@@QAEXAAEAAK@Z 10003930 f   MilDriver.obj
 0001:00002970       ?TestCardStatus@MilDriver@@QAE_NKAAK@Z 10003970 f   MilDriver.obj
 0001:000029a0       ?WaitMilBusWrite@MilDriver@@AAE_NXZ 100039a0 f   MilDriver.obj
 0001:00002a00       ?Write_INTCSR@MilDriver@@AAEXK@Z 10003a00 f   MilDriver.obj
 0001:00002a20       ?WaitMilBusRead@MilDriver@@AAE_NXZ 10003a20 f   MilDriver.obj
 0001:00002a80       ?ReadStatusReg@MilDriver@@QAEXAAK0@Z 10003a80 f   MilDriver.obj
 0001:00002ab0       ?WriteDataToIFK@MilDriver@@QAEXEEGAAK@Z 10003ab0 f   MilDriver.obj
 0001:00002b30       ?ReadDataFromIFK@MilDriver@@QAEXEEAAGAAK@Z 10003b30 f   MilDriver.obj
 0001:00002bb0       ?SendFknCodeToIFK@MilDriver@@QAEXEEAAK@Z 10003bb0 f   MilDriver.obj
 0001:00002c00       ?ReadDataFromFiFo@MilDriver@@QAEXAAGAAKAA_N@Z 10003c00 f   MilDriver.obj
 0001:00002c50       ?ReadData@MilDriver@@QAEXAAGAAK@Z 10003c50 f   MilDriver.obj
 0001:00002ca0       ?WriteData@MilDriver@@QAEXGAAK@Z 10003ca0 f   MilDriver.obj
 0001:00002cf0       ?WriteCMD@MilDriver@@QAEXGAAK@Z 10003cf0 f   MilDriver.obj
 0001:00002d40       ?ReadEVFromFiFo@MilDriver@@QAEXAAGAAKAA_N@Z 10003d40 f   MilDriver.obj
 0001:00002da0       ?SetEVFilter@MilDriver@@QAEXGEAAK@Z 10003da0 f   MilDriver.obj
 0001:00002f70       ?ReadFromEVFilter@MilDriver@@QAEXGAAEAAK@Z 10003f70 f   MilDriver.obj
 0001:00002fd0       ?ReadEventTimer@MilDriver@@QAEXAAK0@Z 10003fd0 f   MilDriver.obj
 0001:00003000       ?ClearEvFilter@MilDriver@@QAEXAAK@Z 10004000 f   MilDriver.obj
 0001:00003040       ?ClearEvFiFio@MilDriver@@QAEXAAK@Z 10004040 f   MilDriver.obj
 0001:000030a0       ?ReadInterruptMask@MilDriver@@QAEXAAK0@Z 100040a0 f   MilDriver.obj
 0001:000030d0       ?WriteInterruptMask@MilDriver@@QAEXKAAK@Z 100040d0 f   MilDriver.obj
 0001:00003110       ?InterruptEnable@MilDriver@@QAEXAAKP6AXPAX@Z1G@Z 10004110 f   MilDriver.obj
 0001:00003190       ?InterruptDisable@MilDriver@@QAEXAAK@Z 10004190 f   MilDriver.obj
 0001:000031d0       ?InterPLXEnable@MilDriver@@QAEXAAK@Z 100041d0 f   MilDriver.obj
 0001:000031f0       ?InterruptWait@MilDriver@@QAEXAAK0@Z 100041f0 f   MilDriver.obj
 0001:000032b0       ?Int_Aktiv@MilDriver@@QAEXAAK0@Z 100042b0 f   MilDriver.obj
 0001:00003300       ?StopInterruptWait@MilDriver@@QAEXAAK@Z 10004300 f   MilDriver.obj
 0001:00003340       ?Puls1_Start_Soft@MilDriver@@QAEXAAK@Z 10004340 f   MilDriver.obj
 0001:00003370       ?Puls1_Stop_Soft@MilDriver@@QAEXAAK@Z 10004370 f   MilDriver.obj
 0001:000033a0       ?Puls2_Start_Soft@MilDriver@@QAEXAAK@Z 100043a0 f   MilDriver.obj
 0001:000033d0       ?Puls2_Stop_Soft@MilDriver@@QAEXAAK@Z 100043d0 f   MilDriver.obj
 0001:00003400       ?Puls3_Start_Soft@MilDriver@@QAEXAAK@Z 10004400 f   MilDriver.obj
 0001:00003430       ?Puls3_Stop_Soft@MilDriver@@QAEXAAK@Z 10004430 f   MilDriver.obj
 0001:00003460       ?Puls4_Start_Soft@MilDriver@@QAEXAAK@Z 10004460 f   MilDriver.obj
 0001:00003490       ?Puls4_Stop_Soft@MilDriver@@QAEXAAK@Z 10004490 f   MilDriver.obj
 0001:000034c0       ?Puls5_Start_Soft@MilDriver@@QAEXAAK@Z 100044c0 f   MilDriver.obj
 0001:000034f0       ?Puls5_Stop_Soft@MilDriver@@QAEXAAK@Z 100044f0 f   MilDriver.obj
 0001:000035a0       _MYDRIVER_LocateAndOpenBoard 100045a0 f   mydriver_diag.obj
 0001:00003640       _MYDRIVER_CountCards       10004640 f   mydriver_lib.obj
 0001:00003720       _MYDRIVER_Open             10004720 f   mydriver_lib.obj
 0001:000039f0       _MYDRIVER_Close            100049f0 f   mydriver_lib.obj
 0001:00003a50       _MYDRIVER_RegisterWinDriver 10004a50 f   mydriver_lib.obj
 0001:00003ab0       _MYDRIVER_ReadPCIReg       10004ab0 f   mydriver_lib.obj
 0001:00003b90       _MYDRIVER_DetectCardElements 10004b90 f   mydriver_lib.obj
 0001:00003d30       _MYDRIVER_IsAddrSpaceActive 10004d30 f   mydriver_lib.obj
 0001:00003d50       _MYDRIVER_ReadWriteBlock   10004d50 f   mydriver_lib.obj
 0001:00003e90       _MYDRIVER_ReadDword        10004e90 f   mydriver_lib.obj
 0001:00003ef0       _MYDRIVER_WriteDword       10004ef0 f   mydriver_lib.obj
 0001:00003f50       _MYDRIVER_WriteMil_cmd     10004f50 f   mydriver_lib.obj
 0001:00003f70       _MYDRIVER_WriteMil_write   10004f70 f   mydriver_lib.obj
 0001:00003f90       _MYDRIVER_WriteReset_Card  10004f90 f   mydriver_lib.obj
 0001:00003fb0       _MYDRIVER_ReadMil_read     10004fb0 f   mydriver_lib.obj
 0001:00003fd0       _MYDRIVER_WriteSet_Timer2_10us 10004fd0 f   mydriver_lib.obj
 0001:00003ff0       _MYDRIVER_WriteSet_Timer1  10004ff0 f   mydriver_lib.obj
 0001:00004010       _MYDRIVER_WriteSet_Timer2_1ms 10005010 f   mydriver_lib.obj
 0001:00004030       _MYDRIVER_Read_C_Filter_ADR 10005030 f   mydriver_lib.obj
 0001:00004050       _MYDRIVER_Write_C_Filter_ADR 10005050 f   mydriver_lib.obj
 0001:00004070       _MYDRIVER_ReadMil_Status   10005070 f   mydriver_lib.obj
 0001:00004090       _MYDRIVER_WriteControlRegister1 10005090 f   mydriver_lib.obj
 0001:000040b0       _MYDRIVER_ReadControlRegister1 100050b0 f   mydriver_lib.obj
 0001:000040d0       _MYDRIVER_ReadEV_Time_Rd   100050d0 f   mydriver_lib.obj
 0001:000040f0       _MYDRIVER_ReadEvent_Read   100050f0 f   mydriver_lib.obj
 0001:00004110       _MYDRIVER_ReadIntrrrupt_Mask 10005110 f   mydriver_lib.obj
 0001:00004130       _MYDRIVER_WriteIntrrrupt_Mask 10005130 f   mydriver_lib.obj
 0001:00004150       _MYDRIVER_IntIsEnabled     10005150 f   mydriver_lib.obj
 0001:00004170       _MYDRIVER_IntHandler       10005170 f   mydriver_lib.obj
 0001:00004180       _MYDRIVER_IntEnable        10005180 f   mydriver_lib.obj
 0001:00004360       _MYDRIVER_IntDisable       10005360 f   mydriver_lib.obj
 0001:000043e0       _MYDRIVER_WriteINTCSR      100053e0 f   mydriver_lib.obj
 0001:00004400       _MYDRIVER_WritePuls1_Start_Soft 10005400 f   mydriver_lib.obj
 0001:00004420       _MYDRIVER_WritePuls1_Stop_Soft 10005420 f   mydriver_lib.obj
 0001:00004440       _MYDRIVER_WritePuls2_Start_Soft 10005440 f   mydriver_lib.obj
 0001:00004460       _MYDRIVER_WritePuls2_Stop_Soft 10005460 f   mydriver_lib.obj
 0001:00004480       _MYDRIVER_WritePuls3_Start_Soft 10005480 f   mydriver_lib.obj
 0001:000044a0       _MYDRIVER_WritePuls3_Stop_Soft 100054a0 f   mydriver_lib.obj
 0001:000044c0       _MYDRIVER_WritePuls4_Start_Soft 100054c0 f   mydriver_lib.obj
 0001:000044e0       _MYDRIVER_WritePuls4_Stop_Soft 100054e0 f   mydriver_lib.obj
 0001:00004500       _MYDRIVER_WritePuls5_Start_Soft 10005500 f   mydriver_lib.obj
 0001:00004520       _MYDRIVER_WritePuls5_Stop_Soft 10005520 f   mydriver_lib.obj
 0001:00004540       ??3@YAXPAX@Z               10005540 f   msvcprt:delop_s.obj
 0001:0000454c       ??2@YAPAXI@Z               1000554c f   MSVCRT:MSVCRT.dll
 0001:00004552       __onexit                   10005552 f   MSVCRT:atonexit.obj
 0001:0000457e       _atexit                    1000557e f   MSVCRT:atonexit.obj
 0001:00004590       ___CxxFrameHandler         10005590 f   MSVCRT:MSVCRT.dll
 0001:000045a0       _free                      100055a0 f   MSVCRT:MSVCRT.dll
 0001:000045a6       __CRT_INIT@12              100055a6 f   MSVCRT:crtdll.obj
 0001:00004651       __DllMainCRTStartup@12     10005651 f   MSVCRT:crtdll.obj
 0001:000046ee       ___dllonexit               100056ee f   MSVCRT:MSVCRT.dll
 0001:000046f4       __initterm                 100056f4 f   MSVCRT:MSVCRT.dll
 0002:00000000       __imp__SetPriorityClass@8  10006000     kernel32:KERNEL32.dll
 0002:00000004       __imp__GetCurrentProcess@0 10006004     kernel32:KERNEL32.dll
 0002:00000008       __imp__GetCurrentThreadId@0 10006008     kernel32:KERNEL32.dll
 0002:0000000c       __imp__CloseHandle@4       1000600c     kernel32:KERNEL32.dll
 0002:00000010       __imp__CreateFileA@28      10006010     kernel32:KERNEL32.dll
 0002:00000014       __imp__DeviceIoControl@32  10006014     kernel32:KERNEL32.dll
 0002:00000018       __imp__GetThreadPriority@4 10006018     kernel32:KERNEL32.dll
 0002:0000001c       __imp__SetThreadPriority@8 1000601c     kernel32:KERNEL32.dll
 0002:00000020       __imp__CreateThread@24     10006020     kernel32:KERNEL32.dll
 0002:00000024       __imp__WaitForSingleObject@8 10006024     kernel32:KERNEL32.dll
 0002:00000028       \177KERNEL32_NULL_THUNK_DATA 10006028     kernel32:KERNEL32.dll
 0002:0000002c       __imp_?_Eos@?$basic_string@DU?$char_traits@D@std@@V?$allocator@D@2@@std@@AAEXI@Z 1000602c     msvcprt:MSVCP60.dll
 0002:00000030       __imp_??1?$basic_string@DU?$char_traits@D@std@@V?$allocator@D@2@@std@@QAE@XZ 10006030     msvcprt:MSVCP60.dll
 0002:00000034       __imp_?_C@?1??_Nullstr@?$basic_string@DU?$char_traits@D@std@@V?$allocator@D@2@@std@@CAPBDXZ@4DB 10006034     msvcprt:MSVCP60.dll
 0002:00000038       __imp_?_Grow@?$basic_string@DU?$char_traits@D@std@@V?$allocator@D@2@@std@@AAE_NI_N@Z 10006038     msvcprt:MSVCP60.dll
 0002:0000003c       __imp_?assign@?$basic_string@DU?$char_traits@D@std@@V?$allocator@D@2@@std@@QAEAAV12@PBDI@Z 1000603c     msvcprt:MSVCP60.dll
 0002:00000040       __imp_?assign@?$basic_string@DU?$char_traits@D@std@@V?$allocator@D@2@@std@@QAEAAV12@ABV12@II@Z 10006040     msvcprt:MSVCP60.dll
 0002:00000044       __imp_?npos@?$basic_string@DU?$char_traits@D@std@@V?$allocator@D@2@@std@@2IB 10006044     msvcprt:MSVCP60.dll
 0002:00000048       __imp_?_Tidy@?$basic_string@DU?$char_traits@D@std@@V?$allocator@D@2@@std@@AAEX_N@Z 10006048     msvcprt:MSVCP60.dll
 0002:0000004c       __imp_??0Init@ios_base@std@@QAE@XZ 1000604c     msvcprt:MSVCP60.dll
 0002:00000050       __imp_??1Init@ios_base@std@@QAE@XZ 10006050     msvcprt:MSVCP60.dll
 0002:00000054       __imp_??0_Winit@std@@QAE@XZ 10006054     msvcprt:MSVCP60.dll
 0002:00000058       __imp_??1_Winit@std@@QAE@XZ 10006058     msvcprt:MSVCP60.dll
 0002:0000005c       \177MSVCP60_NULL_THUNK_DATA 1000605c     msvcprt:MSVCP60.dll
 0002:00000060       __imp__time                10006060     MSVCRT:MSVCRT.dll
 0002:00000064       __imp___adjust_fdiv        10006064     MSVCRT:MSVCRT.dll
 0002:00000068       __imp___initterm           10006068     MSVCRT:MSVCRT.dll
 0002:0000006c       __imp_??2@YAPAXI@Z         1000606c     MSVCRT:MSVCRT.dll
 0002:00000070       __imp____CxxFrameHandler   10006070     MSVCRT:MSVCRT.dll
 0002:00000074       __imp__rand                10006074     MSVCRT:MSVCRT.dll
 0002:00000078       __imp__srand               10006078     MSVCRT:MSVCRT.dll
 0002:0000007c       __imp__free                1000607c     MSVCRT:MSVCRT.dll
 0002:00000080       __imp__malloc              10006080     MSVCRT:MSVCRT.dll
 0002:00000084       __imp____dllonexit         10006084     MSVCRT:MSVCRT.dll
 0002:00000088       __imp___onexit             10006088     MSVCRT:MSVCRT.dll
 0002:0000008c       \177MSVCRT_NULL_THUNK_DATA 1000608c     MSVCRT:MSVCRT.dll
 0002:00000090       __imp__GetMessageA@16      10006090     user32:USER32.dll
 0002:00000094       __imp__PostThreadMessageA@16 10006094     user32:USER32.dll
 0002:00000098       \177USER32_NULL_THUNK_DATA 10006098     user32:USER32.dll
 0002:000000d0       __IMPORT_DESCRIPTOR_KERNEL32 100060d0     kernel32:KERNEL32.dll
 0002:000000e4       __IMPORT_DESCRIPTOR_USER32 100060e4     user32:USER32.dll
 0002:000000f8       __IMPORT_DESCRIPTOR_MSVCP60 100060f8     msvcprt:MSVCP60.dll
 0002:0000010c       __IMPORT_DESCRIPTOR_MSVCRT 1000610c     MSVCRT:MSVCRT.dll
 0002:00000120       __NULL_IMPORT_DESCRIPTOR   10006120     kernel32:KERNEL32.dll
 0003:00000000       ___xc_a                    10007000     MSVCRT:cinitexe.obj
 0003:00000014       ___xc_z                    10007014     MSVCRT:cinitexe.obj
 0003:00000018       ___xi_a                    10007018     MSVCRT:cinitexe.obj
 0003:0000001c       ___xi_z                    1000701c     MSVCRT:cinitexe.obj
 0003:00000024       ??_C@_0BO@OOHI@WinDriver?5V4?433?5Jungo?5?$CIc?$CJ2000?$AA@ 10007024     main.obj
 0003:00000044       ??_C@_0N@FLNG@Version?51?410?$AA@ 10007044     main.obj
 0003:00000058       ??_C@_0BK@GDPI@Failed?5set?5interrupt?5prio?$AA@ 10007058     MilDriver.obj
 0003:00000074       ??_C@_0BD@HHGF@Unrequested?5receiv?$AA@ 10007074     MilDriver.obj
 0003:00000088       ??_C@_0BA@LMEP@Undefined?5Error?$AA@ 10007088     MilDriver.obj
 0003:00000098       ??_C@_0BF@JGAK@Master?5?1?5Slave?5Error?$AA@ 10007098     MilDriver.obj
 0003:000000b0       ??_C@_0BI@CEAE@Failed?5interrupt?5enable?$AA@ 100070b0     MilDriver.obj
 0003:000000c8       ??_C@_0BI@GJJG@IntMask?5value?5incorrect?$AA@ 100070c8     MilDriver.obj
 0003:000000e0       ??_C@_0CB@IJJK@Gerneral?5Error?5maybe?5Value?5error@ 100070e0     MilDriver.obj
 0003:00000104       ??_C@_0BD@JINH@IFFK?5Nr?4?5not?5equal?$AA@ 10007104     MilDriver.obj
 0003:00000118       ??_C@_0BA@GMNK@No?5data?5to?5read?$AA@ 10007118     MilDriver.obj
 0003:00000128       ??_C@_0BA@NOBB@Event?5Nr?4?5error?$AA@ 10007128     MilDriver.obj
 0003:00000138       ??_C@_0BB@LGPH@FiFo?5not?5cleared?$AA@ 10007138     MilDriver.obj
 0003:0000014c       ??_C@_0BE@MEOM@Read?5MilBus?5Timeout?$AA@ 1000714c     MilDriver.obj
 0003:00000160       ??_C@_0BF@LCMF@Write?5MilBus?5Timeout?$AA@ 10007160     MilDriver.obj
 0003:00000178       ??_C@_0P@IHEJ@FiFo?5not?5empty?$AA@ 10007178     MilDriver.obj
 0003:00000188       ??_C@_0BE@OBDF@Invalid?5Card?5Number?$AA@ 10007188     MilDriver.obj
 0003:0000019c       ??_C@_0O@FGIP@No?5Cards?5Open?$AA@ 1000719c     MilDriver.obj
 0003:000001ac       ??_C@_0N@OEK@Fifo?5is?5Full?$AA@ 100071ac     MilDriver.obj
 0003:000001bc       ??_C@_0BL@EJMO@Cant?5open?5WinDriver?5device?$AA@ 100071bc     MilDriver.obj
 0003:000001d8       ??_C@_0M@OFEG@MilBus?5busy?$AA@ 100071d8     MilDriver.obj
 0003:000001e4       ??_C@_0BG@POMM@Timer?51?12?5not?5running?$AA@ 100071e4     MilDriver.obj
 0003:000001fc       ??_C@_0BE@MMAH@Invalid?5Handlevalue?$AA@ 100071fc     MilDriver.obj
 0003:00000210       ??_C@_0BN@JEMG@Incorrecte?5WinDriver?5Version?$AA@ 10007210     MilDriver.obj
 0003:00000230       ??_C@_0BC@MIKG@Open?5Card?5Failure?$AA@ 10007230     MilDriver.obj
 0003:00000244       ??_C@_0BC@NBOL@Count?5Cards?5Error?$AA@ 10007244     MilDriver.obj
 0003:00000258       ??_C@_0P@MFPH@DeviceID?5Error?$AA@ 10007258     MilDriver.obj
 0003:00000268       ??_C@_0P@PBA@VendorID?5Error?$AA@ 10007268     MilDriver.obj
 0003:00000278       ??_C@_09MAI@Status?5OK?$AA@ 10007278     MilDriver.obj
 0003:0000028c       ??_C@_0M@LEAI@?2?2?4?2WINDRVR?$AA@ 1000728c     mydriver_lib.obj
 0003:00000298       ??_C@_0CJ@PKGD@6a2b4ee4645cbafddf2c727ef9c4748e@ 10007298     mydriver_lib.obj
 0003:000002d4       ?MilDriverArray@@3PAPAVMilDriver@@A 100072d4     main.obj
 0003:000002f8       ?myProcessInfo@@3UProcessInfo@@A 100072f8     MilDriver.obj
 0003:00000320       _MYDRIVER_ErrorString      10007320     <common>
 0003:00000720       __adjust_fdiv              10007720     <common>
 0003:00000724       __pRawDllMain              10007724     <common>
 0003:00000728       ___onexitend               10007728     <common>
 0003:0000072c       ___onexitbegin             1000772c     <common>

 entry point at        0001:00004651

 Static symbols

 0001:00003b20       _WD_FUNCTION               10004b20 f   mydriver_lib.obj
 0001:00004260       _InterruptThreadEnable     10005260 f   mydriver_lib.obj
 0001:00004300       _InterruptThreadHandler@4  10005300 f   mydriver_lib.obj
 0001:00004390       _InterruptThreadDisable    10005390 f   mydriver_lib.obj
 0001:00003520       _$E25                      10004520 f   MilDriver.obj
 0001:00003530       _$E22                      10004530 f   MilDriver.obj
 0001:00003540       _$E24                      10004540 f   MilDriver.obj
 0001:00003550       _$E23                      10004550 f   MilDriver.obj
 0001:00003560       _$E31                      10004560 f   MilDriver.obj
 0001:00003570       _$E28                      10004570 f   MilDriver.obj
 0001:00003580       _$E30                      10004580 f   MilDriver.obj
 0001:00003590       _$E29                      10004590 f   MilDriver.obj
 0001:00001700       _$E25                      10002700 f   main.obj
 0001:00001710       _$E22                      10002710 f   main.obj
 0001:00001720       _$E24                      10002720 f   main.obj
 0001:00001730       _$E23                      10002730 f   main.obj
 0001:00001740       _$E31                      10002740 f   main.obj
 0001:00001750       _$E28                      10002750 f   main.obj
 0001:00001760       _$E30                      10002760 f   main.obj
 0001:00001770       _$E29                      10002770 f   main.obj

 Exports

  ordinal    name

        1    _MILDRIVER_VersionNr
               exported name: MILDRIVER_VersionNr
        2    _MILDRIVER_Version_0p110_271006
               exported name: MILDRIVER_Version_0p110_271006
        3    _PCI_CntrlRegRead
               exported name: PCI_CntrlRegRead
        4    _PCI_CntrlRegSet
               exported name: PCI_CntrlRegSet
        5    _PCI_DriverClose
               exported name: PCI_DriverClose
        6    _PCI_DriverOpen
               exported name: PCI_DriverOpen
        7    _PCI_ErrorString
               exported name: PCI_ErrorString
        8    _PCI_EvFiFioClear
               exported name: PCI_EvFiFioClear
        9    _PCI_EvFiFoRead
               exported name: PCI_EvFiFoRead
       10    _PCI_EvFilterClear
               exported name: PCI_EvFilterClear
       11    _PCI_EvFilterRead
               exported name: PCI_EvFilterRead
       12    _PCI_EvFilterSet
               exported name: PCI_EvFilterSet
       13    _PCI_EvTimerRead
               exported name: PCI_EvTimerRead
       14    _PCI_FctCodeSnd
               exported name: PCI_FctCodeSnd
       15    _PCI_IfkOnline
               exported name: PCI_IfkOnline
       16    _PCI_IfkRead
               exported name: PCI_IfkRead
       17    _PCI_IfkWrite
               exported name: PCI_IfkWrite
       18    _PCI_IntAktiv
               exported name: PCI_IntAktiv
       19    _PCI_IntDisable
               exported name: PCI_IntDisable
       20    _PCI_IntEnable
               exported name: PCI_IntEnable
       21    _PCI_IntMaskRead
               exported name: PCI_IntMaskRead
       22    _PCI_IntMaskWrite
               exported name: PCI_IntMaskWrite
       23    _PCI_IntNextEnable
               exported name: PCI_IntNextEnable
       24    _PCI_IntWait
               exported name: PCI_IntWait
       25    _PCI_IntWaitStop
               exported name: PCI_IntWaitStop
       26    _PCI_MilBusCMDWrite
               exported name: PCI_MilBusCMDWrite
       27    _PCI_MilBusRead
               exported name: PCI_MilBusRead
       28    _PCI_MilBusWrite
               exported name: PCI_MilBusWrite
       29    _PCI_PCIcardCount
               exported name: PCI_PCIcardCount
       30    _PCI_PCIcardReset
               exported name: PCI_PCIcardReset
       31    _PCI_PrioritySet
               exported name: PCI_PrioritySet
       32    _PCI_PulsOutSet
               exported name: PCI_PulsOutSet
       33    _PCI_SoftPuls1Start
               exported name: PCI_SoftPuls1Start
       34    _PCI_SoftPuls1Stop
               exported name: PCI_SoftPuls1Stop
       35    _PCI_SoftPuls2Start
               exported name: PCI_SoftPuls2Start
       36    _PCI_SoftPuls2Stop
               exported name: PCI_SoftPuls2Stop
       37    _PCI_SoftPuls3Start
               exported name: PCI_SoftPuls3Start
       38    _PCI_SoftPuls3Stop
               exported name: PCI_SoftPuls3Stop
       39    _PCI_SoftPuls4Start
               exported name: PCI_SoftPuls4Start
       40    _PCI_SoftPuls4Stop
               exported name: PCI_SoftPuls4Stop
       41    _PCI_SoftPuls5Start
               exported name: PCI_SoftPuls5Start
       42    _PCI_SoftPuls5Stop
               exported name: PCI_SoftPuls5Stop
       43    _PCI_StatusRegRead
               exported name: PCI_StatusRegRead
       44    _PCI_StatusTest
               exported name: PCI_StatusTest
       45    _PCI_TimerSet
               exported name: PCI_TimerSet
       46    _PCI_TimerWait
               exported name: PCI_TimerWait
